@@@@@@@@@@@@@@@@@@@@@@@@@@@@@@@@@@@@@@@@@@@@@@@@@@@@@@@@@@@@@@@@@@@@@@@@@@@@@@@@@@@@@@@@@@@@@@@@@@@@@@@@@@@@@@@@@@@@@@@@@@@TTT@@TTTTTTWWWWWWWWWWWWWTTTTTTTT@@@@@@@@@@@@@@@@@@@@@@@@@@@@@@@@@@@@@@@@@@@@@@@@@@@@@@@@@@@@@@@@@@@@@@@@TTT@@WWWWWWWWWWWWWWWWWWWWWWWWWWWWWWWWWWWWWWWWTTTTTT@@@@@@@@@@@@@@@@@@@@@@@@@@@@@@@@@@@@@@@@@@@@@@@@@@@@@@@@@@@@@TTTTTTTTTTTWWWWWWWWWWWWWWWWWWWWWWWWWWWWWWWWWWWWWWWWWWWWWWWWWWWWWWWWWWWWWWWWWWWWWWWWWWWWWWWWWWTTT@@@@@@@@@@@@@@@@@@@@@@@@@@@@@@@@@@@@@@@@@@@@@@@@@@@@@@@@@@@@@@@@@@@@@@@@@@@@@
@@@@@@@@@@@@@@@@@@@@@@@@@@@@@@@@@@@@@@@@@@@@@@@@@@@@@@@@@@@@@@@@@@@@@@@@@@@@@@@@@@@@@@@@@@@@@@@@@@@@@@@@@@@@@@@@@@@@@@@@@@@TTT@@TTTTTTWWWWWWWWWWWWWTTTTTTTT@@@@@@@@@@@@@@@@@@@@@@@@@@@@@@@@@@@@@@@@@@@@@@@@@@@@@@@@@@@@@@@@@@@@@@@@TTT@@WWWWWWWWWWWWWWWWWWWWWWWWWWWWWWWWWWWWWWWWTTTTTT@@@@@@@@@@@@@@@@@@@@@@@@@@@@@@@@@@@@@@@@@@@@@@@@@@@@@@@@@@@@@TTTTTTTTTTTWWWWWWWWWWWWWWWWWWWWWWWWWWWWWWWWWWWWWWWWWWWWWWWWWWWWWWWWWWWWWWWWWWWWWWWWWWWWWWWWWWTTT@@@@@@@@@@@@@@@@@@@@@@@@@@@@@@@@@@@@@@@@@@@@@@@@@@@@@@@@@@@@@@@@@@@@@@@@@@@@@
@@@@@@@@@@@@@@@@@@@@@@@@@@@@@@@@@@@@@@@@@@@@@@@@@@@@@@@@@@@@@@@@@@@@@@@@@@@@@@@@@@@@@@@@@@@@@@@@@@@@@@@@@@@@@@@@@@@@@@@@@@@TTT@@TTTTTTWWWWWWWWWWWWWTTTTTTTT@@@@@@@@@@@@@@@@@@@@@@@@@@@@@@@@@@@@@@@@@@@@@@@@@@@@@@@@@@@@@@@@@@@@@@@@TTT@@WWWWWWWWWWWWWWWWWWWWWWWWWWWWWWWWWWWWWWWWTTTTTT@@@@@@@@@@@@@@@@@@@@@@@@@@@@@@@@@@@@@@@@@@@@@@@@@@@@@@@@@@@@@TTTTTTTTTTTWWWWWWWWWWWWWWWWWWWWWWWWWWWWWWWWWWWWWWWWWWWWWWWWWWWWWWWWWWWWWWWWWWWWWWWWWWWWWWWWWWTTT@@@@@@@@@@@@@@@@@@@@@@@@@@@@@@@@@@@@@@@@@@@@@@@@@@@@@@@@@@@@@@@@@@@@@@@@@@@@@
@@@@@@@@@@@@@@@@@@@@@@@@@@@@@@@@@@@@@@@@@@@@@@@@@@@@@@@@@@@@@@@@@@@@@@@@@@@@@@@@@@@@@@@@@@@@@@@@@@@@@@@@@@@@@@@@@@@@@@@@@@@TTT@@TTTTTTWWWWWWWWWWWWWTTTTTTTT@@@@@@@@@@@@@@@@@@@@@@@@@@@@@@@@@@@@@@@@@@@@@@@@@@@@@@@@@@@@@@@@@@@@@@@@TTT@@WWWWWWWWWWWWWWWWWWWWWWWWWWWWWWWWWWWWWWWWTTTTTT@@@@@@@@@@@@@@@@@@@@@@@@@@@@@@@@@@@@@@@@@@@@@@@@@@@@@@@@@@@@@TTTTTTTTTTTWWWWWWWWWWWWWWWWWWWWWWWWWWWWWWWWWWWWWWWWWWWWWWWWWWWWWWWWWWWWWWWWWWWWWWWWWWWWWWWWWWTTT@@@@@@@@@@@@@@@@@@@@@@@@@@@@@@@@@@@@@@@@@@@@@@@@@@@@@@@@@@@@@@@@@@@@@@@@@@@@@
@@@@@@@@@@@@@@@@@@@@@@@@@@@@@@@@@@@@@@@@@@@@@@@@@@@@@@@@@@@@@@@@@@@@@@@@@@@@@@@@@@@@@@@@@@@@@@@@@@@@@@@@@@@@@@@@@@@@@@@@@@@TTT@@TTTTTTWWWWWWWWWWWWWTTTTTTTT@@@@@@@@@@@@@@@@@@@@@@@@@@@@@@@@@@@@@@@@@@@@@@@@@@@@@@@@@@@@@@@@@@@@@@@@TTT@@WWWWWWWWWWWWWWWWWWWWWWWWWWWWWWWWWWWWWWWWTTTTTT@@@@@@@@@@@@@@@@@@@@@@@@@@@@@@@@@@@@@@@@@@@@@@@@@@@@@@@@@@@@@TTTTTTTTTTTWWWWWWWWWWWWWWWWWWWWWWWWWWWWWWWWWWWWWWWWWWWWWWWWWWWWWWWWWWWWWWWWWWWWWWWWWWWWWWWWWWTTT@@@@@@@@@@@@@@@@@@@@@@@@@@@@@@@@@@@@@@@@@@@@@@@@@@@@@@@@@@@@@@@@@@@@@@@@@@@@@
@@@@@@@@@@@@@@@@@@@@@@@@@@@@@@@@@@@@@@@@@@@@@@@@@@@@@@@@@@@@@@@@@@@@@@@@@@@@@@@@@@@@@@@@@@@@@@@@@@@@@@@@@@@@@@@@@@@@@@@@@@@TTT@@TTTTTTWWWWWWWWWWWWWTTTTTTTT@@@@@@@@@@@@@@@@@@@@@@@@@@@@@@@@@@@@@@@@@@@@@@@@@@@@@@@@@@@@@@@@@@@@@@@@TTT@@WWWWWWWWWWWWWWWWWWWWWWWWWWWWWWWWWWWWWWWWTTTTTT@@@@@@@@@@@@@@@@@@@@@@@@@@@@@@@@@@@@@@@@@@@@@@@@@@@@@@@@@@@@@TTTTTTTTTTTWWWWWWWWWWWWWWWWWWWWWWWWWWWWWWWWWWWWWWWWWWWWWWWWWWWWWWWWWWWWWWWWWWWWWWWWWWWWWWWWWWTTT@@@@@@@@@@@@@@@@@@@@@@@@@@@@@@@@@@@@@@@@@@@@@@@@@@@@@@@@@@@@@@@@@@@@@@@@@@@@@
@@@@@@@@@@@@@@@@@@@@@@@@@@@@@@@@@@@@@@@@@@@@@@@@@@@@@@@@@@@@@@@@@@@@@@@@@@@@@@@@@@@@@@@@@@@@@@@@@@@@@@@@@@@@@@@@@@@@@@@@@@@@@@@@@@@@@@@@@@@@@@@@@@@@@@@@@@@@@@@@@@@@@@@@@@@@@@@@@@@@@@@@@@@@@@@@@@@@@@@@@@@@@@@@@@@@@@@@@@@@@@@@@@@@@@@@@@@@@@@@@@@@@@@@@@@@@@@@@@@@@@@@@@@@@@@@@@@@@@@@@@@@@@@@@@@@@@@@@@@@@@@@@@@@@@@@@@@@@@@@@@@@@@@@@@@@@@@@@@@@@@@@@@@@@@@@@@@@@@@@@@@@@@@@@@@@@@@@@@@@@@@@@@@@@@@@@@@@@@@@@@@@@@@@@@@@@@@@@@@@@@@@@@@@@@@@@@@@@@@@@@@@@@@@@@@@@@@@@@@@@@@@@@@@@@@@@@@@@@@@@@@@@@@@@@@@@@@@@@@@@@@@@@@@@@@@
@@@@@@@@@@@@@@@@@@@@@@@@@@@@@@@@@@@@@@@@@@@@@@@@@@@@@@@@@@@@@@@@@@@@@@@@@@@@@@@@@@@@@@@@@@@@@@@@@@@@@@@@@@@@@@@@@@@@@@@@@@@@@@@@@@@@@@@@@@@@@@@@@@@@@@@@@@@@@@@@@@@@@@@@@@@@@@@@@@@@@@@@@@@@@@@@@@@@@@@@@@@@@@@@@@@@@@@@@@@@@@@@@@@@@@@@@@@@@@@@@@@@@@@@@@@@@@@@@@@@@@@@@@@@@@@@@@@@@@@@@@@@@@@@@@@@@@@@@@@@@@@@@@@@@@@@@@@@@@@@@@@@@@@@@@@@@@@@@@@@@@@@@@@@@@@@@@@@@@@@@@@@@@@@@@@@@@@@@@@@@@@@@@@@@@@@@@@@@@@@@@@@@@@@@@@@@@@@@@@@@@@@@@@@@@@@@@@@@@@@@@@@@@@@@@@@@@@@@@@@@@@@@@@@@@@@@@@@@@@@@@@@@@@@@@@@@@@@@@@@@@@@@@@@@@@@
@@@@@@@@@@@@@@@@@@@@@@@@@@@@@@@@@@@@@@@@@@@@@@@@@@@@@@@@@@@@@@@@@@@@@@@@@@@@@@@@@@@@@@@@@@@@@@@@@@@@@@@@@@@@@@@@@@@@@@@@@@@@@@@@@@@@@@@@@@@@@@@@@@@@@@@@@@@@@@@@@@@@@@@@@@@@@@@@@@@@@@@@@@@@@@@@@@@@@@@@@@@@@@@@@@@@@@@@@@@@@@@@@@@@@@@@@@@@@@@@@@@@@@@@@@@@@@@@@@@@@@@@@@@@@@@@@@@@@@@@@@@@@@@@@@@@@@@@@@@@@@@@@@@@@@@@@@@@@@@@@@@@@@@@@@@@@@@@@@@@@@@@@@@@@@@@@@@@@@@@@@@@@@@@@@@@@@@@@@@@@@@@@@@@@@@@@@@@@@@@@@@@@@@@@@@@@@@@@@@@@@@@@@@@@@@@@@@@@@@@@@@@@@@@@@@@@@@@@@@@@@@@@@@@@@@@@@@@@@@@@@@@@@@@@@@@@@@@@@@@@@@@@@@@@@@@
@@@@@@@@@@@@@@@@@@@@@@@@@@@@@@@@@@@@@@@@@@@@@@@@@@@@@@@@@@@@@@@@@@@@@@@@@@@@@@@@@@@@@@@@@@@@@@@@@@@@@@@@@@@@@@@@@@@@@@@@@@@@@@@@@@@@@@@@@@@@@@@@@@@@@@@@@@@@@@@@@@@@@@@@@@@@@@@@@@@@@@@@@@@@@@@@@@@@@@@@@@@@@@@@@@@@@@@@@@@@@@@@@@@@@@@@@@@@@@@@@@@@@@@@@@@@@@@@@@@@@@@@@@@@@@@@@@@@@@@@@@@@@@@@@@@@@@@@@@@@@@@@@@@@@@@@@@@@@@@@@@@@@@@@@@@@@@@@@@@@@@@@@@@@@@@@@@@@@@@@@@@@@@@@@@@@@@@@@@@@@@@@@@@@@@@@@@@@@@@@@@@@@@@@@@@@@@@@@@@@@@@@@@@@@@@@@@@@@@@@@@@@@@@@@@@@@@@@@@@@@@@@@@@@@@@@@@@@@@@@@@@@@@@@@@@@@@@@@@@@@@@@@@@@@@@@
@@@@@@@@@@@@@@@@@@@@@@@@@@@@@@@@@@@@@@@@@@@@@@@@@@@@@@@@@@@@@@@@@@@@@@@@@@@@@@@@@@@@@@@@@@@@@@@@@@@@@@@@@@@@@@@@@@@@@@@@@@@@@@@@@@@@@@@@@@@@@@@@@@@@@@@@@@@@@@@@@@@@@@@@@@@@@@@@@@@@@@@@@@@@@@@@@@@@@@@@@@@@@@@@@@@@@@@@@@@@@@@@@@@@@@@@@@@@@@@@@@@@@@@@@@@@@@@@@@@@@@@@@@@@@@@@@@@@@@@@@@@@@@@@@@@@@@@@@@@@@@@@@@@@@@@@@@@@@@@@@@@@@@@@@@@@@@@@@@@@@@@@@@@@@@@@@@@@@@@@@@@@@@@@@@@@@@@@@@@@@@@@@@@@@@@@@@@@@@@@@@@@@@@@@@@@@@@@@@@@@@@@@@@@@@@@@@@@@@@@@@@@@@@@@@@@@@@@@@@@@@@@@@@@@@@@@@@@@@@@@@@@@@@@@@@@@@@@@@@@@@@@@@@@@@@@
@@@@@@@@@@@@@@@@@@@@@@@@@@@@@@@@@@@@@@@@@@@@@@@@@@@@@@@@@@@@@@@@@@@@@@@@@@@@@@@@@@@@@@@@@@@@@@@@@@@@@@@@@@@@@@@@@@@@@@@@@@@@@@@@@@@@@@@@@@@@@@@@@@@@@@@@@@@@@@@@@@@@@@@@@@@@@@@@@@@@@@@@@@@@@@@@@@@@@@@@@@@@@@@@@@@@@@@@@@@@@@@@@@@@@@@@@@@@@@@@@@@@@@@@@@@@@@@@@@@@@@@@@@@@@@@@@@@@@@@@@@@@@@@@@@@@@@@@@@@@@@@@@@@@@@@@@@@@@@@@@@@@@@@@@@@@@@@@@@@@@@@@@@@@@@@@@@@@@@@@@@@@@@@@@@@@@@@@@@@@@@@@@@@@@@@@@@@@@@@@@@@@@@@@@@@@@@@@@@@@@@@@@@@@@@@@@@@@@@@@@@@@@@@@@@@@@@@@@@@@@@@@@@@@@@@@@@@@@@@@@@@@@@@@@@@@@@@@@@@@@@@@@@@@@@@@
@@@@@@@@@@@@@@@@@@@@@@@@@@@@@@@@@@@@@@@@@@@@@@@@@@@@@@@@@@@@@@@@@@@@@@@@@@@@@@@@@@@@@@@@@@@@@@@@@@@@@@@@@@@@@@@@@@@@@@@@@@@@@@@@@@@@@@@@@@@@@@@@@@@@@@@@@@@@@@@@@@@@@@@@@@@@@@@@@@@@@@@@@@@@@@@@@@@@@@@@@@@@@@@@@@@@@@@@@@@@@@@@@@@@@@@@@@@@@@@@@@@@@@@@@@@@@@@@@@@@@@@@@@@@@@@@@@@@@@@@@@@@@@@@@@@@@@@@@@@@@@@@@@@@@@@@@@@@@@@@@@@@@@@@@@@@@@@@@@@@@@@@@@@@@@@@@@@@@@@@@@@@@@@@@@@@@@@@@@@@@@@@@@@@@@@@@@@@@@@@@@@@@@@@@@@@@@@@@@@@@@@@@@@@@@@@@@@@@@@@@@@@@@@@@@@@@@@@@@@@@@@@@@@@@@@@@@@@@@@@@@@@@@@@@@@@@@@@@@@@@@@@@@@@@@@@
@@@@@@@@@@@@@@@@@@@@@@@@@@@@@@@@@@@@@@@@@@@@@@@@@@@@@@@@@@@@@@@@@@@@@@@@@@@@@@@@@@@@@@@@@@@@@@@@@@@@@@@@@@@@@@@@@@@@@@@@@@@@@@@@@@@@@@@@@@@@@@@@@@@@@@@@@@@@@@@@@@@@@@@@@@@@@@@@@@@@@@@@@@@@@@@@@@@@@@@@@@@@@@@@@@@@@@@@@@@@@@@@@@@@@@@@@@@@@@@@@@@@@@@@@@@@@@@@@@@@@@@@@@@@@@@@@@@@@@@@@@@@@@@@@@@@@@@@@@@@@@@@@@@@@@@@@@@@@@@@@@@@@@@@@@@@@@@@@@@@@@@@@@@@@@@@@@@@@@@@@@@@@@@@@@@@@@@@@@@@@@@@@@@@@@@@@@@@@@@@@@@@@@@@@@@@@@@@@@@@@@@@@@@@@@@@@@@@@@@@@@@@@@@@@@@@@@@@@@@@@@@@@@@@@@@@@@@@@@@@@@@@@@@@@@@@@@@@@@@@@@@@@@@@@@@@
@@@@@@@@@@@@@@@@@@@@@@@@@@@@@@@@@@@@@@@@@@@@@@@@@@@@@@@@@@@@@@@@@@@@@@@@@@@@@@@@@@@@@@@@@@@@@@@@@@@@@@@@@@@@@@@@@@@@@@@@@@@@@@@@@@@@@@@@@@@@@@@@@@@@@@@@@@@@@@@@@@@@@@@@@@@@@@@@@@@@@@@@@@@@@@@@@@@@@@@@@@@@@@@@@@@@@@@@@@@@@@@@@@@@@@@@@@@@@@@@@@@@@@@@@@@@@@@@@@@@@@@@@@@@@@@@@@@@@@@@@@@@@@@@@@@@@@@@@@@@@@@@@@@@@@@@@@@@@@@@@@@@@@@@@@@@@@@@@@@@@@@@@@@@@@@@@@@@@@@@@@@@@@@@@@@@@@@@@@@@@@@@@@@@@@@@@@@@@@@@@@@@@@@@@@@@@@@@@@@@@@@@@@@@@@@@@@@@@@@@@@@@@@@@@@@@@@@@@@@@@@@@@@@@@@@@@@@@@@@@@@@@@@@@@@@@@@@@@@@@@@@@@@@@@@@@
@@@@@@@@@@@@@@@@@@@@@@@@@@@@@@@@@@@@@@@@@@@@@@@@@@@@@@@@@@@@@@@@@@@@@@@@@@@@@@@@@@@@@@@@@@@@@@@@@@@@@@@@@@@@@@@@@@@@@@@@@@@@@@@@@@@@@@@@@@@@@@@@@@@@@@@@@@@@@@@@@@@@@@@@@@@@@@@@@@@@@@@@@@@@@@@@@@@@@@@@@@@@@@@@@@@@@@@@@@@@@@@@@@@@@@@@@@@@@@@@@@@@@@@@@@@@@@@@@@@@@@@@@@@@@@@@@@@@@@@@@@@@@@@@@@@@@@@@@@@@@@@@@@@@@@@@@@@@@@@@@@@@@@@@@@@@@@@@@@@@@@@@@@@@@@@@@@@@@@@@@@@@@@@@@@@@@@@@@@@@@@@@@@@@@@@@@@@@@@@@@@@@@@@@@@@@@@@@@@@@@@@@@@@@@@@@@@@@@@@@@@@@@@@@@@@@@@@@@@@@@@@@@@@@@@@@@@@@@@@@@@@@@@@@@@@@@@@@@@@@@@@@@@@@@@@@
@@@@@@@@@@@@@@@@@@@@@@@@@@@@@@@@@@@@@@@@@@@@@@@@@@@@@@@@@@@@@@@@@@@@@@@@@@@@@@@@@@@@@@@@@@@@@@@@@@@@@@@@@@@@@@@@@@@@@@@@@@@@@@@@@@@@@@@@@@@@@@@@@@@@@@@@@@@@@@@@@@@@@@@@@@@@@@@@@@@@@@@@@@@@@@@@@@@@@@@@@@@@@@@@@@@@@@@@@@@@@@@@@@@@@@@@@@@@@@@@@@@@@@@@@@@@@@@@@@@@@@@@@@@@@@@@@@@@@@@@@@@@@@@@@@@@@@@@@@@@@@@@@@@@@@@@@@@@@@@@@@@@@@@@@@@@@@@@@@@@@@@@@@@@@@@@@@@@@@@@@@@@@@@@@@@@@@@@@@@@@@@@@@@@@@@@@@@@@@@@@@@@@@@@@@@@@@@@@@@@@@@@@@@@@@@@@@@@@@@@@@@@@@@@@@@@@@@@@@@@@@@@@@@@@@@@@@@@@@@@@@@@@@@@@@@@@@@@@@@@@@@@@@@@@@@@
@@@@@@@@@@@@@@@@@@@@@@@@@@@@@@@@@@@@@@@@@@@@@@@@@@@@@@@@@@@@@@@@@@@@@@@@@@@@@@@@@@@@@@@@@@@@@@@@@@@@@@@@@@@@@@@@@@@@@@@@@@@@@@@@@@@@@@@@@@@@@@@@@@@@@@@@@@@@@@@@@@@@@@@@@@@@@@@@@@@@@@@@@@@@@@@@@@@@@@@@@@@@@@@@@@@@@@@@@@@@@@@@@@@@@@@@@@@@@@@@@@@@@@@@@@@@@@@@@@@@@@@@@@@@@@@@@@@@@@@@@@@@@@@@@@@@@@@@@@@@@@@@@@@@@@@@@@@@@@@@@@@@@@@@@@@@@@@@@@@@@@@@@@@@@@@@@@@@@@@@@@@@@@@@@@@@@@@@@@@@@@@@@@@@@@@@@@@@@@@@@@@@@@@@@@@@@@@@@@@@@@@@@@@@@@@@@@@@@@@@@@@@@@@@@@@@@@@@@@@@@@@@@@@@@@@@@@@@@@@@@@@@@@@@@@@@@@@@@@@@@@@@@@@@@@@@
@@@@@@@@@@@@@@@@@@@@@@@@@@@@@@@@@@@@@@@@@@@@@@@@@@@@@@@@@@@@@@@@@@@@@@@@@@@@@@@@@@@@@@@@@@@@@@@@@@@@@@@@@@@@@@@@@@@@@@@@@@@@@@@@@@@@@@@@@@@@@@@@@@@@@@@@@@@@@@@@@@@@@@@@@@@@@@@@@@@@@@@@@@@@@@@@@@@@@@@@@@@@@@@@@@@@@@@@@@@@@@@@@@@@@@@@@@@@@@@@@@@@@@@@@@@@@@@@@@@@@@@@@@@@@@@@@@@@@@@@@@@@@@@@@@@@@@@@@@@@@@@@@@@@@@@@@@@@@@@@@@@@@@@@@@@@@@@@@@@@@@@@@@@@@@@@@@@@@@@@@@@@@@@@@@@@@@@@@@@@@@@@@@@@@@@@@@@@@@@@@@@@@@@@@@@@@@@@@@@@@@@@@@@@@@@@@@@@@@@@@@@@@@@@@@@@@@@@@@@@@@@@@@@@@@@@@@@@@@@@@@@@@@@@@@@@@@@@@@@@@@@@@@@@@@@@
@@@@@@@@@@@@@@@@@@@@@@@@@@@@@@@@@@@@@@@@@@@@@@@@@@@@@@@@@@@@@@@@@@@@@@@@@@@@@@@@@@@@@@@@@@@@@@@@@@@@@@@@@@@@@@@@@@@@@@@@@@@@@@@@@@@@@@@@@@@@@@@@@@@@@@@@@@@@@@@@@@@@@@@@@@@@@@@@@@@@@@@@@@@@@@@@@@@@@@@@@@@@@@@@@@@@@@@@@@@@@@@@@@@@@@@@@@@@@@@@@@@@@@@@@@@@@@@@@@@@@@@@@@@@@@@@@@@@@@@@@@@@@@@@@@@@@@@@@@@@@@@@@@@@@@@@@@@@@@@@@@@@@@@@@@@@@@@@@@@@@@@@@@@@@@@@@@@@@@@@@@@@@@@@@@@@@@@@@@@@@@@@@@@@@@@@@@@@@@@@@@@@@@@@@@@@@@@@@@@@@@@@@@@@@@@@@@@@@@@@@@@@@@@@@@@@@@@@@@@@@@@@@@@@@@@@@@@@@@@@@@@@@@@@@@@@@@@@@@@@@@@@@@@@@@@@
@@@@@@@@@@@@@@@@@@@@@@@@@@@@@@@@@@@@@@@@@@@@@@@@@@@@@@@@@@@@@@@@@@@@@@@@@@@@@@@@@@@@@@@@@@@@@@@@@@@@@@@@@@@@@@@@@@@@@@@@@@@@@@@@@@@@@@@@@@@@@@@@@@@@@@@@@@@@@@@@@@@@@@@@@@@@@@@@@@@@@@@@@@@@@@@@@@@@@@@@@@@@@@@@@@@@@@@@@@@@@@@@@@@@@@@@@@@@@@@@@@@@@@@@@@@@@@@@@@@@@@@@@@@@@@@@@@@@@@@@@@@@@@@@@@@@@@@@@@@@@@@@@@@@@@@@@@@@@@@@@@@@@@@@@@@@@@@@@@@@@@@@@@@@@@@@@@@@@@@@@@@@@@@@@@@@@@@@@@@@@@@@@@@@@@@@@@@@@@@@@@@@@@@@@@@@@@@@@@@@@@@@@@@@@@@@@@@@@@@@@@@@@@@@@@@@@@@@@@@@@@@@@@@@@@@@@@@@@@@@@@@@@@@@@@@@@@@@@@@@@@@@@@@@@@@@
@@@@@@@@@@@@@@@@@@@@@@@@@@@@@@@@@@@@@@@@@@@@@@@@@@@@@@@@@@@@@@@@@@@@@@@@@@@@@@@@@@@@@@@@@@@@@@@@@@@@@@@@@@@@@@@@@@@@@@@@@@@@@@@@@@@@@@@@@@@@@@@@@@@@@@@@@@@@@@@@@@@@@@@@@@@@@@@@@@@@@@@@@@@@@@@@@@@@@@@@@@@@@@@@@@@@@@@@@@@@@@@@@@@@@@@@@@@@@@@@@@@@@@@@@@@@@@@@@@@@@@@@@@@@@@@@@@@@@@@@@@@@@@@@@@@@@@@@@@@@@@@@@@@@@@@@@@@@@@@@@@@@@@@@@@@@@@@@@@@@@@@@@@@@@@@@@@@@@@@@@@@@@@@@@@@@@@@@@@@@@@@@@@@@@@@@@@@@@@@@@@@@@@@@@@@@@@@@@@@@@@@@@@@@@@@@@@@@@@@@@@@@@@@@@@@@@@@@@@@@@@@@@@@@@@@@@@@@@@@@@@@@@@@@@@@@@@@@@@@@@@@@@@@@@@@@
@@@@@@@@@@@@@@@@@@@@@@@@@@@@@@@@@@@@@@@@@@@@@@@@@@@@@@@@@@@@@@@@@@@@@@@@@@@@@@@@@@@@@@@@@@@@@@@@@@@@@@@@@@@@@@@@@@@@@@@@@@@@@@@@@@@@@@@@@@@@@@@@@@@@@@@@@@@@@@@@@@@@@@@@@@@@@@@@@@@@@@@@@@@@@@@@@@@@@@@@@@@@@@@@@@@@@@@@@@@@@@@@@@@@@@@@@@@@@@@@@@@@@@@@@@@@@@@@@@@@@@@@@@@@@@@@@@@@@@@@@@@@@@@@@@@@@@@@@@@@@@@@@@@@@@@@@@@@@@@@@@@@@@@@@@@@@@@@@@@@@@@@@@@@@@@@@@@@@@@@@@@@@@@@@@@@@@@@@@@@@@@@@@@@@@@@@@@@@@@@@@@@@@@@@@@@@@@@@@@@@@@@@@@@@@@@@@@@@@@@@@@@@@@@@@@@@@@@@@@@@@@@@@@@@@@@@@@@@@@@@@@@@@@@@@@@@@@@@@@@@@@@@@@@@@@@
@@@@@@@@@@@@@@@@@@@@@@@@@@@@@@@@@@@@@@@@@@@@@@@@@@@@@@@@@@@@@@@@@@@@@@@@@@@@@@@@@@@@@@@@@@@@@@@@@@@@@@@@@@@@@@@@@@@@@@@@@@@@@@@@@@@@@@@@@@@@@@@@@@@@@@@@@@@@@@@@@@@@@@@@@@@@@@@@@@@@@@@@@@@@@@@@@@@@@@@@@@@@@@@@@@@@@@@@@@@@@@@@@@@@@@@@@@@@@@@@@@@@@@@@@@@@@@@@@@@@@@@@@@@@@@@@@@@@@@@@@@@@@@@@@@@@@@@@@@@@@@@@@@@@@@@@@@@@@@@@@@@@@@@@@@@@@@@@@@@@@@@@@@@@@@@@@@@@@@@@@@@@@@@@@@@@@@@@@@@@@@@@@@@@@@@@@@@@@@@@@@@@@@@@@@@@@@@@@@@@@@@@@@@@@@@@@@@@@@@@@@@@@@@@@@@@@@@@@@@@@@@@@@@@@@@@@@@@@@@@@@@@@@@@@@@@@@@@@@@@@@@@@@@@@@@@
@@@@@@@@@@@@@@@@@@@@@@@@@@@@@@@@@@@@@@@@@@@@@@@@@@@@@@@@@@@@@@@@@@@@@@@@@@@@@@@@@@@@@@@@@@@@@@@@@@@@@@@@@@@@@@@@@@@@@@@@@@@@@@@@@@@@@@@@@@@@@@@@@@@@@@@@@@@@@@@@@@@@@@@@@@@@@@@@@@@@@@@@@@@@@@@@@@@@@@@@@@@@@@@@@@@@@@@@@@@@@@@@@@@@@@@@@@@@@@@@@@@@@@@@@@@@@@@@@@@@@@@@@@@@@@@@@@@@@@@@@@@@@@@@@@@@@@@@@@@@@@@@@@@@@@@@@@@@@@@@@@@@@@@@@@@@@@@@@@@@@@@@@@@@@@@@@@@@@@@@@@@@@@@@@@@@@@@@@@@@@@@@@@@@@@@@@@@@@@@@@@@@@@@@@@@@@@@@@@@@@@@@@@@@@@@@@@@@@@@@@@@@@@@@@@@@@@@@@@@@@@@@@@@@@@@@@@@@@@@@@@@@@@@@@@@@@@@@@@@@@@@@@@@@@@@@
@@@@@@@@@@@@@@@@@@@@@@@@@@@@@@@@@@@@@@@@@@@@@@@@@@@@@@@@@@@@@@@@@@@@@@@@@@@@@@@@@@@@@@@@@@@@@@@@@@@@@@@@@@@@@@@@@@@@@@@@@@@@@@@@@@@@@@@@@@@@@@@@@@@@@@@@@@@@@@@@@@@@@@@@@@@@@@@@@@@@@@@@@@@@@@@@@@@@@@@@@@@@@@@@@@@@@@@@@@@@@@@@@@@@@@@@@@@@@@@@@@@@@@@@@@@@@@@@@@@@@@@@@@@@@@@@@@@@@@@@@@@@@@@@@@@@@@@@@@@@@@@@@@@@@@@@@@@@@@@@@@@@@@@@@@@@@@@@@@@@@@@@@@@@@@@@@@@@@@@@@@@@@@@@@@@@@@@@@@@@@@@@@@@@@@@@@@@@@@@@@@@@@@@@@@@@@@@@@@@@@@@@@@@@@@@@@@@@@@@@@@@@@@@@@@@@@@@@@@@@@@@@@@@@@@@@@@@@@@@@@@@@@@@@@@@@@@@@@@@@@@@@@@@@@@@@
@@@@@@@@@@@@@@@@@@@@@@@@@@@@@@@@@@@@@@@@@@@@@@@@@@@@@@@@@@@@@@@@@@@@@@@@@@@@@@@@@@@@@@@@@@@@@@@@@@@@@@@@@@@@@@@@@@@@@@@@@@@@@@@@@@@@@@@@@@@@@@@@@@@@@@@@@@@@@@@@@@@@@@@@@@@@@@@@@@@@@@@@@@@@@@@@@@@@@@@@@@@@@@@@@@@@@@@@@@@@@@@@@@@@@@@@@@@@@@@@@@@@@@@@@@@@@@@@@@@@@@@@@@@@@@@@@@@@@@@@@@@@@@@@@@@@@@@@@@@@@@@@@@@@@@@@@@@@@@@@@@@@@@@@@@@@@@@@@@@@@@@@@@@@@@@@@@@@@@@@@@@@@@@@@@@@@@@@@@@@@@@@@@@@@@@@@@@@@@@@@@@@@@@@@@@@@@@@@@@@@@@@@@@@@@@@@@@@@@@@@@@@@@@@@@@@@@@@@@@@@@@@@@@@@@@@@@@@@@@@@@@@@@@@@@@@@@@@@@@@@@@@@@@@@@@@
@@@@@@@@@@@@@@@@@@@@@@@@@@@@@@@@@@@@@@@@@@@@@@@@@@@@@@@@@@@@@@@@@@@@@@@@@@@@@@@@@@@@@@@@@@@@@@@@@@@@@@@@@@@@@@@@@@@@@@@@@@@@@@@@@@@@@@@@@@@@@@@@@@@@@@@@@@@@@@@@@@@@@@@@@@@@@@@@@@@@@@@@@@@@@@@@@@@@@@@@@@@@@@@@@@@@@@@@@@@@@@@@@@@@@@@@@@@@@@@@@@@@@@@@@@@@@@@@@@@@@@@@@@@@@@@@@@@@@@@@@@@@@@@@@@@@@@@@@@@@@@@@@@@@@@@@@@@@@@@@@@@@@@@@@@@@@@@@@@@@@@@@@@@@@@@@@@@@@@@@@@@@@@@@@@@@@@@@@@@@@@@@@@@@@@@@@@@@@@@@@@@@@@@@@@@@@@@@@@@@@@@@@@@@@@@@@@@@@@@@@@@@@@@@@@@@@@@@@@@@@@@@@@@@@@@@@@@@@@@@@@@@@@@@@@@@@@@@@@@@@@@@@@@@@@@@
@@@@@@@@@@@@@@@@@@@@@@@@@@@@@@@@@@@@@@@@@@@@@@@@@@@@@@@@@@@@@@@@@@@@@@@@@@@@@@@@@@@@@@@@@@@@@@@@@@@@@@@@@@@@@@@@@@@@@@@@@@@@@@@@@@@@@@@@@@@@@@@@@@@@@@@@@@@@@@@@@@@@@@@@@@@@@@@@@@@@@@@@@@@@@@@@@@@@@@@@@@@@@@@@@@@@@@@@@@@@@@@@@@@@@@@@@@@@@@@@@@@@@@@@@@@@@@@@@@@@@@@@@@@@@@@@@@@@@@@@@@@@@@@@@@@@@@@@@@@@@@@@@@@@@@@@@@@@@@@@@@@@@@@@@@@@@@@@@@@@@@@@@@@@@@@@@@@@@@@@@@@@@@@@@@@@@@@@@@@@@@@@@@@@@@@@@@@@@@@@@@@@@@@@@@@@@@@@@@@@@@@@@@@@@@@@@@@@@@@@@@@@@@@@@@@@@@@@@@@@@@@@@@@@@@@@@@@@@@@@@@@@@@@@@@@@@@@@@@@@@@@@@@@@@@@@
@@@@@@@@@@@@@@@@@@@@@@@@@@@@@@@@@@@@@@@@@@@@@@@@@@@@@@@@@@@@@@@@@@@@@@@@@@@@@@@@@@@@@@@@@@@@@@@@@@@@@@@@@@@@@@@@@@@@@@@@@@@@@@@@@@@@@@@@@@@@@@@@@@@@@@@@@@@@@@@@@@@@@@@@@@@@@@@@@@@@@@@@@@@@@@@@@@@@@@@@@@@@@@@@@@@@@@@@@@@@@@@@@@@@@@@@@@@@@@@@@@@@@@@@@@@@@@@@@@@@@@@@@@@@@@@@@@@@@@@@@@@@@@@@@@@@@@@@@@@@@@@@@@@@@@@@@@@@@@@@@@@@@@@@@@@@@@@@@@@@@@@@@@@@@@@@@@@@@@@@@@@@@@@@@@@@@@@@@@@@@@@@@@@@@@@@@@@@@@@@@@@@@@@@@@@@@@@@@@@@@@@@@@@@@@@@@@@@@@@@@@@@@@@@@@@@@@@@@@@@@@@@@@@@@@@@@@@@@@@@@@@@@@@@@@@@@@@@@@@@@@@@@@@@@@@@
@@@@@@@@@@@@@@@@@@@@@@@@@@@@@@@@@@@@@@@@@@@@@@@@@@@@@@@@@@@@@@@@@@@@@@@@@@@@@@@@@@@@@@@@@@@@@@@@@@@@@@@@@@@@@@@@@@@@@@@@@@@@@@@@@@@@@@@@@@@@@@@@@@@@@@@@@@@@@@@@@@@@@@@@@@@@@@@@@@@@@@@@@@@@@@@@@@@@@@@@@@@@@@@@@@@@@@@@@@@@@@@@@@@@@@@@@@@@@@@@@@@@@@@@@@@@@@@@@@@@@@@@@@@@@@@@@@@@@@@@@@@@@@@@@@@@@@@@@@@@@@@@@@@@@@@@@@@@@@@@@@@@@@@@@@@@@@@@@@@@@@@@@@@@@@@@@@@@@@@@@@@@@@@@@@@@@@@@@@@@@@@@@@@@@@@@@@@@@@@@@@@@@@@@@@@@@@@@@@@@@@@@@@@@@@@@@@@@@@@@@@@@@@@@@@@@@@@@@@@@@@@@@@@@@@@@@@@@@@@@@@@@@@@@@@@@@@@@@@@@@@@@@@@@@@@@
@@@@@@@@@@@@@@@@@@@@@@@@@@@@@@@@@@@@@@@@@@@@@@@@@@@@@@@@@@@@@@@@@@@@@@@@@@@@@@@@@@@@@@@@@@@@@@@@@@@@@@@@@@@@@@@@@@@@@@@@@@@@@@@@@@@@@@@@@@@@@@@@@@@@@@@@@@@@@@@@@@@@@@@@@@@@@@@@@@@@@@@@@@@@@@@@@@@@@@@@@@@@@@@@@@@@@@@@@@@@@@@@@@@@@@@@@@@@@@@@@@@@@@@@@@@@@@@@@@@@@@@@@@@@@@@@@@@@@@@@@@@@@@@@@@@@@@@@@@@@@@@@@@@@@@@@@@@@@@@@@@@@@@@@@@@@@@@@@@@@@@@@@@@@@@@@@@@@@@@@@@@@@@@@@@@@@@@@@@@@@@@@@@@@@@@@@@@@@@@@@@@@@@@@@@@@@@@@@@@@@@@@@@@@@@@@@@@@@@@@@@@@@@@@@@@@@@@@@@@@@@@@@@@@@@@@@@@@@@@@@@@@@@@@@@@@@@@@@@@@@@@@@@@@@@@@
@@@@@@@@@@@@@@@@@@@@@@@@@@@@@@@@@@@@@@@@@@@@@@@@@@@@@@@@@@@@@@@@@@@@@@@@@@@@@@@@@@@@@@@@@@@@@@@@@@@@@@@@@@@@@@@@@@@@@@@@@@@@@@@@@@@@@@@@@@@@@@@@@@@@@@@@@@@@@@@@@@@@@@@@@@@@@@@@@@@@@@@@@@@@@@@@@@@@@@@@@@@@@@@@@@@@@@@@@@@@@@@@@@@@@@@@@@@@@@@@@@@@@@@@@@@@@@@@@@@@@@@@@@@@@@@@@@@@@@@@@@@@@@@@@@@@@@@@@@@@@@@@@@@@@@@@@@@@@@@@@@@@@@@@@@@@@@@@@@@@@@@@@@@@@@@@@@@@@@@@@@@@@@@@@@@@@@@@@@@@@@@@@@@@@@@@@@@@@@@@@@@@@@@@@@@@@@@@@@@@@@@@@@@@@@@@@@@@@@@@@@@@@@@@@@@@@@@@@@@@@@@@@@@@@@@@@@@@@@@@@@@@@@@@@@@@@@@@@@@@@@@@@@@@@@@@
@@@@@@@@@@@@@@@@@@@@@@@@@@@@@@@@@@@@@@@@@@@@@@@@@@@@@@@@@@@@@@@@@@@@@@@@@@@@@@@@@@@@@@@@@@@@@@@@@@@@@@@@@@@@@@@@@@@@@@@@@@@@@@@@@@@@@@@@@@@@@@@@@@@@@@@@@@@@@@@@@@@@@@@@@@@@@@@@@@@@@@@@@@@@@@@@@@@@@@@@@@@@@@@@@@@@@@@@@@@@@@@@@@@@@@@@@@@@@@@@@@@@@@@@@@@@@@@@@@@@@@@@@@@@@@@@@@@@@@@@@@@@@@@@@@@@@@@@@@@@@@@@@@@@@@@@@@@@@@@@@@@@@@@@@@@@@@@@@@@@@@@@@@@@@@@@@@@@@@@@@@@@@@@@@@@@@@@@@@@@@@@@@@@@@@@@@@@@@@@@@@@@@@@@@@@@@@@@@@@@@@@@@@@@@@@@@@@@@@@@@@@@@@@@@@@@@@@@@@@@@@@@@@@@@@@@@@@@@@@@@@@@@@@@@@@@@@@@@@@@@@@@@@@@@@@@
@@@@@@@@@@@@@@@@@@@@@@@@@@@@@@@@@@@@@@@@@@@@@@@@@@@@@@@@@@@@@@@@@@@@@@@@@@@@@@@@@@@@@@@@@@@@@@@@@@@@@@@@@@@@@@@@@@@@@@@@@@@@@@@@@@@@@@@@@@@@@@@@@@@@@@@@@@@@@@@@@@@@@@@@@@@@@@@@@@@@@@@@@@@@@@@@@@@@@@@@@@@@@@@@@@@@@@@@@@@@@@@@@@@@@@@@@@@@@@@@@@@@@@@@@@@@@@@@@@@@@@@@@@@@@@@@@@@@@@@@@@@@@@@@@@@@@@@@@@@@@@@@@@@@@@@@@@@@@@@@@@@@@@@@@@@@@@@@@@@@@@@@@@@@@@@@@@@@@@@@@@@@@@@@@@@@@@@@@@@@@@@@@@@@@@@@@@@@@@@@@@@@@@@@@@@@@@@@@@@@@@@@@@@@@@@@@@@@@@@@@@@@@@@@@@@@@@@@@@@@@@@@@@@@@@@@@@@@@@@@@@@@@@@@@@@@@@@@@@@@@@@@@@@@@@@@
@@@@@@@@@@@@@@@@@@@@@@@@@@@@@@@@@@@@@@@@@@@@@@@@@@@@@@@@@@@@@@@@@@@@@@@@@@@@@@@@@@@@@@@@@@@@@@@@@@@@@@@@@@@@@@@@@@@@@@@@@@@@@@@@@@@@@@@@@@@@@@@@@@@@@@@@@@@@@@@@@@@@@@@@@@@@@@@@@@@@@@@@@@@@@@@@@@@@@@@@@@@@@@@@@@@@@@@@@@@@@@@@@@@@@@@@@@@@@@@@@@@@@@@@@@@@@@@@@@@@@@@@@@@@@@@@@@@@@@@@@@@@@@@@@@@@@@@@@@@@@@@@@@@@@@@@@@@@@@@@@@@@@@@@@@@@@@@@@@@@@@@@@@@@@@@@@@@@@@@@@@@@@@@@@@@@@@@@@@@@@@@@@@@@@@@@@@@@@@@@@@@@@@@@@@@@@@@@@@@@@@@@@@@@@@@@@@@@@@@@@@@@@@@@@@@@@@@@@@@@@@@@@@@@@@@@@@@@@@@@@@@@@@@@@@@@@@@@@@@@@@@@@@@@@@@@
@@@@@@@@@@@@@@@@@@@@@@@@@@@@@@@@@@@@@@@@@@@@@@@@@@@@@@@@@@@@@@@@@@@@@@@@@@@@@@@@@@@@@@@@@@@@@@@@@@@@@@@@@@@@@@@@@@@@@@@@@@@@@@@@@@@@@@@@@@@@@@@@@@@@@@@@@@@@@@@@@@@@@@@@@@@@@@@@@@@@@@@@@@@@@@@@@@@@@@@@@@@@@@@@@@@@@@@@@@@@@@@@@@@@@@@@@@@@@@@@@@@@@@@@@@@@@@@@@@@@@@@@@@@@@@@@@@@@@@@@@@@@@@@@@@@@@@@@@@@@@@@@@@@@@@@@@@@@@@@@@@@@@@@@@@@@@@@@@@@@@@@@@@@@@@@@@@@@@@@@@@@@@@@@@@@@@@@@@@@@@@@@@@@@@@@@@@@@@@@@@@@@@@@@@@@@@@@@@@@@@@@@@@@@@@@@@@@@@@@@@@@@@@@@@@@@@@@@@@@@@@@@@@@@@@@@@@@@@@@@@@@@@@@@@@@@@@@@@@@@@@@@@@@@@@@@
@@@@@@@@@@@@@@@@@@@@@@@@@@@@@@@@@@@@@@@@@@@@@@@@@@@@@@@@@@@@@@@@@@@@@@@@@@@@@@@@@@@@@@@@@@@@@@@@@@@@@@@@@@@@@@@@@@@@@@@@@@@@@@@@@@@@@@@@@@@@@@@@@@@@@@@@@@@@@@@@@@@@@@@@@@@@@@@@@@@@@@@@@@@@@@@@@@@@@@@@@@@@@@@@@@@@@@@@@@@@@@@@@@@@@@@@@@@@@@@@@@@@@@@@@@@@@@@@@@@@@@@@@@@@@@@@@@@@@@@@@@@@@@@@@@@@@@@@@@@@@@@@@@@@@@@@@@@@@@@@@@@@@@@@@@@@@@@@@@@@@@@@@@@@@@@@@@@@@@@@@@@@@@@@@@@@@@@@@@@@@@@@@@@@@@@@@@@@@@@@@@@@@@@@@@@@@@@@@@@@@@@@@@@@@@@@@@@@@@@@@@@@@@@@@@@@@@@@@@@@@@@@@@@@@@@@@@@@@@@@@@@@@@@@@@@@@@@@@@@@@@@@@@@@@@@@
@@@@@@@@@@@@@@@@@@@@@@@@@@@@@@@@@@@@@@@@@@@@@@@@@@@@@@@@@@@@@@@@@@@@@@@@@@@@@@@@@@@@@@@@@@@@@@@@@@@@@@@@@@@@@@@@@@@@@@@@@@@@@@@@@@@@@@@@@@@@@@@@@@@@@@@@@@@@@@@@@@@@@@@@@@@@@@@@@@@@@@@@@@@@@@@@@@@@@@@@@@@@@@@@@@@@@@@@@@@@@@@@@@@@@@@@@@@@@@@@@@@@@@@@@@@@@@@@@@@@@@@@@@@@@@@@@@@@@@@@@@@@@@@@@@@@@@@@@@@@@@@@@@@@@@@@@@@@@@@@@@@@@@@@@@@@@@@@@@@@@@@@@@@@@@@@@@@@@@@@@@@@@@@@@@@@@@@@@@@@@@@@@@@@@@@@@@@@@@@@@@@@@@@@@@@@@@@@@@@@@@@@@@@@@@@@@@@@@@@@@@@@@@@@@@@@@@@@@@@@@@@@@@@@@@@@@@@@@@@@@@@@@@@@@@@@@@@@@@@@@@@@@@@@@@@@
@@@@@@@@@@@@@@@@@@@@@@@@@@@@@@@@@@@@@@@@@@@@@@@@@@@@@@@@@@@@@@@@@@@@@@@@@@@@@@@@@@@@@@@@@@@@@@@@@@@@@@@@@@@@@@@@@@@@@@@@@@@@@@@@@@@@@@@@@@@@@@@@@@@@@@@@@@@@@@@@@@@@@@@@@@@@@@@@@@@@@@@@@@@@@@@@@@@@@@@@@@@@@@@@@@@@@@@@@@@@@@@@@@@@@@@@@@@@@@@@@@@@@@@@@@@@@@@@@@@@@@@@@@@@@@@@@@@@@@@@@@@@@@@@@@@@@@@@@@@@@@@@@@@@@@@@@@@@@@@@@@@@@@@@@@@@@@@@@@@@@@@@@@@@@@@@@@@@@@@@@@@@@@@@@@@@@@@@@@@@@@@@@@@@@@@@@@@@@@@@@@@@@@@@@@@@@@@@@@@@@@@@@@@@@@@@@@@@@@@@@@@@@@@@@@@@@@@@@@@@@@@@@@@@@@@@@@@@@@@@@@@@@@@@@@@@@@@@@@@@@@@@@@@@@@@@
@@@@@@@@@@@@@@@@@@@@@@@@@@@@@@@@@@@@@@@@@@@@@@@@@@@@@@@@@@@@@@@@@@@@@@@@@@@@@@@@@@@@@@@@@@@@@@@@@@@@@@@@@@@@@@@@@@@@@@@@@@@@@@@@@@@@@@@@@@@@@@@@@@@@@@@@@@@@@@@@@@@@@@@@@@@@@@@@@@@@@@@@@@@@@@@@@@@@@@@@@@@@@@@@@@@@@@@@@@@@@@@@@@@@@@@@@@@@@@@@@@@@@@@@@@@@@@@@@@@@@@@@@@@@@@@@@@@@@@@@@@@@@@@@@@@@@@@@@@@@@@@@@@@@@@@@@@@@@@@@@@@@@@@@@@@@@@@@@@@@@@@@@@@@@@@@@@@@@@@@@@@@@@@@@@@@@@@@@@@@@@@@@@@@@@@@@@@@@@@@@@@@@@@@@@@@@@@@@@@@@@@@@@@@@@@@@@@@@@@@@@@@@@@@@@@@@@@@@@@@@@@@@@@@@@@@@@@@@@@@@@@@@@@@@@@@@@@@@@@@@@@@@@@@@@@@
@@@@@@@@@@@@@@@@@@@@@@@@@@@@@@@@@@@@@@@@@@@@@@@@@@@@@@@@@@@@@@@@@@@@@@@@@@@@@@@@@@@@@@@@@@@@@@@@@@@@@@@@@@@@@@@@@@@@@@@@@@@@@@@@@@@@@@@@@@@@@@@@@@@@@@@@@@@@@@@@@@@@@@@@@@@@@@@@@@@@@@@@@@@@@@@@@@@@@@@@@@@@@@@@@@@@@@@@@@@@@@@@@@@@@@@@@@@@@@@@@@@@@@@@@@@@@@@@@@@@@@@@@@@@@@@@@@@@@@@@@@@@@@@@@@@@@@@@@@@@@@@@@@@@@@@@@@@@@@@@@@@@@@@@@@@@@@@@@@@@@@@@@@@@@@@@@@@@@@@@@@@@@@@@@@@@@@@@@@@@@@@@@@@@@@@@@@@@@@@@@@@@@@@@@@@@@@@@@@@@@@@@@@@@@@@@@@@@@@@@@@@@@@@@@@@@@@@@@@@@@@@@@@@@@@@@@@@@@@@@@@@@@@@@@@@@@@@@@@@@@@@@@@@@@@@@
@@@@@@@@@@@@@@@@@@@@@@@@@@@@@@@@@@@@@@@@@@@@@@@@@@@@@@@@@@@@@@@@@@@@@@@@@@@@@@@@@@@@@@@@@@@@@@@@@@@@@@@@@@@@@@@@@@@@@@@@@@@@@@@@@@@@@@@@@@@@@@@@@@@@@@@@@@@@@@@@@@@@@@@@@@@@@@@@@@@@@@@@@@@@@@@@@@@@@@@@@@@@@@@@@@@@@@@@@@@@@@@@@@@@@@@@@@@@@@@@@@@@@@@@@@@@@@@@@@@@@@@@@@@@@@@@@@@@@@@@@@@@@@@@@@@@@@@@@@@@@@@@@@@@@@@@@@@@@@@@@@@@@@@@@@@@@@@@@@@@@@@@@@@@@@@@@@@@@@@@@@@@@@@@@@@@@@@@@@@@@@@@@@@@@@@@@@@@@@@@@@@@@@@@@@@@@@@@@@@@@@@@@@@@@@@@@@@@@@@@@@@@@@@@@@@@@@@@@@@@@@@@@@@@@@@@@@@@@@@@@@@@@@@@@@@@@@@@@@@@@@@@@@@@@@@@
@@@@@@@@@@@@@@@@@@@@@@@@@@@@@@@@@@@@@@@@@@@@@@@@@@@@@@@@@@@@@@@@@@@@@@@@@@@@@@@@@@@@@@@@@@@@@@@@@@@@@@@@@@@@@@@@@@@@@@@@@@@@@@@@@@@@@@@@@@@@@@@@@@@@@@@@@@@@@@@@@@@@@@@@@@@@@@@@@@@@@@@@@@@@@@@@@@@@@@@@@@@@@@@@@@@@@@@@@@@@@@@@@@@@@@@@@@@@@@@@@@@@@@@@@@@@@@@@@@@@@@@@@@@@@@@@@@@@@@@@@@@@@@@@@@@@@@@@@@@@@@@@@@@@@@@@@@@@@@@@@@@@@@@@@@@@@@@@@@@@@@@@@@@@@@@@@@@@@@@@@@@@@@@@@@@@@@@@@@@@@@@@@@@@@@@@@@@@@@@@@@@@@@@@@@@@@@@@@@@@@@@@@@@@@@@@@@@@@@@@@@@@@@@@@@@@@@@@@@@@@@@@@@@@@@@@@@@@@@@@@@@@@@@@@@@@@@@@@@@@@@@@@@@@@@@@
@@@@@@@@@@@@@@@@@@@@@@@@@@@@@@@@@@@@@@@@@@@@@@@@@@@@@@@@@@@@@@@@@@@@@@@@@@@@@@@@@@@@@@@@@@@@@@@@@@@@@@@@@@@@@@@@@@@@@@@@@@@@@@@@@@@@@@@@@@@@@@@@@@@@@@@@@@@@@@@@@@@@@@@@@@@@@@@@@@@@@@@@@@@@@@@@@@@@@@@@@@@@@@@@@@@@@@@@@@@@@@@@@@@@@@@@@@@@@@@@@@@@@@@@@@@@@@@@@@@@@@@@@@@@@@@@@@@@@@@@@@@@@@@@@@@@@@@@@@@@@@@@@@@@@@@@@@@@@@@@@@@@@@@@@@@@@@@@@@@@@@@@@@@@@@@@@@@@@@@@@@@@@@@@@@@@@@@@@@@@@@@@@@@@@@@@@@@@@@@@@@@@@@@@@@@@@@@@@@@@@@@@@@@@@@@@@@@@@@@@@@@@@@@@@@@@@@@@@@@@@@@@@@@@@@@@@@@@@@@@@@@@@@@@@@@@@@@@@@@@@@@@@@@@@@@@
@@@@@@@@@@@@@@@@@@@@@@@@@@@@@@@@@@@@@@@@@@@@@@@@@@@@@@@@@@@@@@@@@@@@@@@@@@@@@@@@@@@@@@@@@@@@@@@@@@@@@@@@@@@@@@@@@@@@@@@@@@@@@@@@@@@@@@@@@@@@@@@@@@@@@@@@@@@@@@@@@@@@@@@@@@@@@@@@@@@@@@@@@@@@@@@@@@@@@@@@@@@@@@@@@@@@@@@@@@@@@@@@@@@@@@@@@@@@@@@@@@@@@@@@@@@@@@@@@@@@@@@@@@@@@@@@@@@@@@@@@@@@@@@@@@@@@@@@@@@@@@@@@@@@@@@@@@@@@@@@@@@@@@@@@@@@@@@@@@@@@@@@@@@@@@@@@@@@@@@@@@@@@@@@@@@@@@@@@@@@@@@@@@@@@@@@@@@@@@@@@@@@@@@@@@@@@@@@@@@@@@@@@@@@@@@@@@@@@@@@@@@@@@@@@@@@@@@@@@@@@@@@@@@@@@@@@@@@@@@@@@@@@@@@@@@@@@@@@@@@@@@@@@@@@@@@
@@@@@@@@@@@@@@@@@@@@@@@@@@@@@@@@@@@@@@@@@@@@@@@@@@@@@@@@@@@@@@@@@@@@@@@@@@@@@@@@@@@@@@@@@@@@@@@@@@@@@@@@@@@@@@@@@@@@@@@@@@@@@@@@@@@@@@@@@@@@@@@@@@@@@@@@@@@@@@@@@@@@@@@@@@@@@@@@@@@@@@@@@@@@@@@@@@@@@@@@@@@@@@@@@@@@@@@@@@@@@@@@@@@@@@@@@@@@@@@@@@@@@@@@@@@@@@@@@@@@@@@@@@@@@@@@@@@@@@@@@@@@@@@@@@@@@@@@@@@@@@@@@@@@@@@@@@@@@@@@@@@@@@@@@@@@@@@@@@@@@@@@@@@@@@@@@@@@@@@@@@@@@@@@@@@@@@@@@@@@@@@@@@@@@@@@@@@@@@@@@@@@@@@@@@@@@@@@@@@@@@@@@@@@@@@@@@@@@@@@@@@@@@@@@@@@@@@@@@@@@@@@@@@@@@@@@@@@@@@@@@@@@@@@@@@@@@@@@@@@@@@@@@@@@@@@
@@@@@@@@@@@@@@@@@@@@@@@@@@@@@@@@@@@@@@@@@@@@@@@@@@@@@@@@@@@@@@@@@@@@@@@@@@@@@@@@@@@@@@@@@@@@@@@@@@@@@@@@@@@@@@@@@@@@@@@@@@@@@@@@@@@@@@@@@@@@@@@@@@@@@@@@@@@@@@@@@@@@@@@@@@@@@@@@@@@@@@@@@@@@@@@@@@@@@@@@@@@@@@@@@@@@@@@@@@@@@@@@@@@@@@@@@@@@@@@@@@@@@@@@@@@@@@@@@@@@@@@@@@@@@@@@@@@@@@@@@@@@@@@@@@@@@@@@@@@@@@@@@@@@@@@@@@@@@@@@@@@@@@@@@@@@@@@@@@@@@@@@@@@@@@@@@@@@@@@@@@@@@@@@@@@@@@@@@@@@@@@@@@@@@@@@@@@@@@@@@@@@@@@@@@@@@@@@@@@@@@@@@@@@@@@@@@@@@@@@@@@@@@@@@@@@@@@@@@@@@@@@@@@@@@@@@@@@@@@@@@@@@@@@@@@@@@@@@@@@@@@@@@@@@@@@
@@@@@@@@@@@@@@@@@@@@@@@@@@@@@@@@@@@@@@@@@@@@@@@@@@@@@@@@@@@@@@@@@@@@@@@@@@@@@@@@@@@@@@@@@@@@@@@@@@@@@@@@@@@@@@@@@@@@@@@@@@@@@@@@@@@@@@@@@@@@@@@@@@@@@@@@@@@@@@@@@@@@@@@@@@@@@@@@@@@@@@@@@@@@@@@@@@@@@@@@@@@@@@@@@@@@@@@@@@@@@@@@@@@@@@@@@@@@@@@@@@@@@@@@@@@@@@@@@@@@@@@@@@@@@@@@@@@@@@@@@@@@@@@@@@@@@@@@@@@@@@@@@@@@@@@@@@@@@@@@@@@@@@@@@@@@@@@@@@@@@@@@@@@@@@@@@@@@@@@@@@@@@@@@@@@@@@@@@@@@@@@@@@@@@@@@@@@@@@@@@@@@@@@@@@@@@@@@@@@@@@@@@@@@@@@@@@@@@@@@@@@@@@@@@@@@@@@@@@@@@@@@@@@@@@@@@@@@@@@@@@@@@@@@@@@@@@@@@@@@@@@@@@@@@@@@
@@@@@@@@@@@@@@@@@@@@@@@@@@@@@@@@@@@@@@@@@@@@@@@@@@@@@@@@@@@@@@@@@@@@@@@@@@@@@@@@@@@@@@@@@@@@@@@@@@@@@@@@@@@@@@@@@@@@@@@@@@@@@@@@@@@@@@@@@@@@@@@@@@@@@@@@@@@@@@@@@@@@@@@@@@@@@@@@@@@@@@@@@@@@@@@@@@@@@@@@@@@@@@@@@@@@@@@@@@@@@@@@@@@@@@@@@@@@@@@@@@@@@@@@@@@@@@@@@@@@@@@@@@@@@@@@@@@@@@@@@@@@@@@@@@@@@@@@@@@@@@@@@@@@@@@@@@@@@@@@@@@@@@@@@@@@@@@@@@@@@@@@@@@@@@@@@@@@@@@@@@@@@@@@@@@@@@@@@@@@@@@@@@@@@@@@@@@@@@@@@@@@@@@@@@@@@@@@@@@@@@@@@@@@@@@@@@@@@@@@@@@@@@@@@@@@@@@@@@@@@@@@@@@@@@@@@@@@@@@@@@@@@@@@@@@@@@@@@@@@@@@@@@@@@@@@
@@@@@@@@@@@@@@@@@@@@@@@@@@@@@@@@@@@@@@@@@@@@@@@@@@@@@@@@@@@@@@@@@@@@@@@@@@@@@@@@@@@@@@@@@@@@@@@@@@@@@@@@@@@@@@@@@@@@@@@@@@@@@@@@@@@@@@@@@@@@@@@@@@@@@@@@@@@@@@@@@@@@@@@@@@@@@@@@@@@@@@@@@@@@@@@@@@@@@@@@@@@@@@@@@@@@@@@@@@@@@@@@@@@@@@@@@@@@@@@@@@@@@@@@@@@@@@@@@@@@@@@@@@@@@@@@@@@@@@@@@@@@@@@@@@@@@@@@@@@@@@@@@@@@@@@@@@@@@@@@@@@@@@@@@@@@@@@@@@@@@@@@@@@@@@@@@@@@@@@@@@@@@@@@@@@@@@@@@@@@@@@@@@@@@@@@@@@@@@@@@@@@@@@@@@@@@@@@@@@@@@@@@@@@@@@@@@@@@@@@@@@@@@@@@@@@@@@@@@@@@@@@@@@@@@@@@@@@@@@@@@@@@@@@@@@@@@@@@@@@@@@@@@@@@@@@
@@@@@@@@@@@@@@@@@@@@@@@@@@@@@@@@@@@@@@@@@@@@@@@@@@@@@@@@@@@@@@@@@@@@@@@@@@@@@@@@@@@@@@@@@@@@@@@@@@@@@@@@@@@@@@@@@@@@@@@@@@@@@@@@@@@@@@@@@@@@@@@@@@@@@@@@@@@@@@@@@@@@@@@@@@@@@@@@@@@@@@@@@@@@@@@@@@@@@@@@@@@@@@@@@@@@@@@@@@@@@@@@@@@@@@@@@@@@@@@@@@@@@@@@@@@@@@@@@@@@@@@@@@@@@@@@@@@@@@@@@@@@@@@@@@@@@@@@@@@@@@@@@@@@@@@@@@@@@@@@@@@@@@@@@@@@@@@@@@@@@@@@@@@@@@@@@@@@@@@@@@@@@@@@@@@@@@@@@@@@@@@@@@@@@@@@@@@@@@@@@@@@@@@@@@@@@@@@@@@@@@@@@@@@@@@@@@@@@@@@@@@@@@@@@@@@@@@@@@@@@@@@@@@@@@@@@@@@@@@@@@@@@@@@@@@@@@@@@@@@@@@@@@@@@@@@
@@@@@@@@@@@@@@@@@@@@@@@@@@@@@@@@@@@@@@@@@@@@@@@@@@@@@@@@@@@@@@@@@@@@@@@@@@@@@@@@@@@@@@@@@@@@@@@@@@@@@@@@@@@@@@@@@@@@@@@@@@@@@@@@@@@@@@@@@@@@@@@@@@@@@@@@@@@@@@@@@@@@@@@@@@@@@@@@@@@@@@@@@@@@@@@@@@@@@@@@@@@@@@@@@@@@@@@@@@@@@@@@@@@@@@@@@@@@@@@@@@@@@@@@@@@@@@@@@@@@@@@@@@@@@@@@@@@@@@@@@@@@@@@@@@@@@@@@@@@@@@@@@@@@@@@@@@@@@@@@@@@@@@@@@@@@@@@@@@@@@@@@@@@@@@@@@@@@@@@@@@@@@@@@@@@@@@@@@@@@@@@@@@@@@@@@@@@@@@@@@@@@@@@@@@@@@@@@@@@@@@@@@@@@@@@@@@@@@@@@@@@@@@@@@@@@@@@@@@@@@@@@@@@@@@@@@@@@@@@@@@@@@@@@@@@@@@@@@@@@@@@@@@@@@@@@
@@@@@@@@@@@@@@@@@@@@@@@@@@@@@@@@@@@@@@@@@@@@@@@@@@@@@@@@@@@@@@@@@@@@@@@@@@@@@@@@@@@@@@@@@@@@@@@@@@@@@@@@@@@@@@@@@@@@@@@@@@@@@@@@@@@@@@@@@@@@@@@@@@@@@@@@@@@@@@@@@@@@@@@@@@@@@@@@@@@@@@@@@@@@@@@@@@@@@@@@@@@@@@@@@@@@@@@@@@@@@@@@@@@@@@@@@@@@@@@@@@@@@@@@@@@@@@@@@@@@@@@@@@@@@@@@@@@@@@@@@@@@@@@@@@@@@@@@@@@@@@@@@@@@@@@@@@@@@@@@@@@@@@@@@@@@@@@@@@@@@@@@@@@@@@@@@@@@@@@@@@@@@@@@@@@@@@@@@@@@@@@@@@@@@@@@@@@@@@@@@@@@@@@@@@@@@@@@@@@@@@@@@@@@@@@@@@@@@@@@@@@@@@@@@@@@@@@@@@@@@@@@@@@@@@@@@@@@@@@@@@@@@@@@@@@@@@@@@@@@@@@@@@@@@@@@
@@@@@@@@@@@@@@@@@@@@@@@@@@@@@@@@@@@@@@@@@@@@@@@@@@@@@@@@@@@@@@@@@@@@@@@@@@@@@@@@@@@@@@@@@@@@@@@@@@@@@@@@@@@@@@@@@@@@@@@@@@@@@@@@@@@@@@@@@@@@@@@@@@@@@@@@@@@@@@@@@@@@@@@@@@@@@@@@@@@@@@@@@@@@@@@@@@@@@@@@@@@@@@@@@@@@@@@@@@@@@@@@@@@@@@@@@@@@@@@@@@@@@@@@@@@@@@@@@@@@@@@@@@@@@@@@@@@@@@@@@@@@@@@@@@@@@@@@@@@@@@@@@@@@@@@@@@@@@@@@@@@@@@@@@@@@@@@@@@@@@@@@@@@@@@@@@@@@@@@@@@@@@@@@@@@@@@@@@@@@@@@@@@@@@@@@@@@@@@@@@@@@@@@@@@@@@@@@@@@@@@@@@@@@@@@@@@@@@@@@@@@@@@@@@@@@@@@@@@@@@@@@@@@@@@@@@@@@@@@@@@@@@@@@@@@@@@@@@@@@@@@@@@@@@@@@
@@@@@@@@@@@@@@@@@@@@@@@@@@@@@@@@@@@@@@@@@@@@@@@@@@@@@@@@@@@@@@@@@@@@@@@@@@@@@@@@@@@@@@@@@@@@@@@@@@@@@@@@@@@@@@@@@@@@@@@@@@@@@@@@@@@@@@@@@@@@@@@@@@@@@@@@@@@@@@@@@@@@@@@@@@@@@@@@@@@@@@@@@@@@@@@@@@@@@@@@@@@@@@@@@@@@@@@@@@@@@@@@@@@@@@@@@@@@@@@@@@@@@@@@@@@@@@@@@@@@@@@@@@@@@@@@@@@@@@@@@@@@@@@@@@@@@@@@@@@@@@@@@@@@@@@@@@@@@@@@@@@@@@@@@@@@@@@@@@@@@@@@@@@@@@@@@@@@@@@@@@@@@@@@@@@@@@@@@@@@@@@@@@@@@@@@@@@@@@@@@@@@@@@@@@@@@@@@@@@@@@@@@@@@@@@@@@@@@@@@@@@@@@@@@@@@@@@@@@@@@@@@@@@@@@@@@@@@@@@@@@@@@@@@@@@@@@@@@@@@@@@@@@@@@@@@
@@@@@@@@@@@@@@@@@@@@@@@@@@@@@@@@@@@@@@@@@@@@@@@@@@@@@@@@@@@@@@@@@@@@@@@@@@@@@@@@@@@@@@@@@@@@@@@@@@@@@@@@@@@@@@@@@@@@@@@@@@@@@@@@@@@@@@@@@@@@@@@@@@@@@@@@@@@@@@@@@@@@@@@@@@@@@@@@@@@@@@@@@@@@@@@@@@@@@@@@@@@@@@@@@@@@@@@@@@@@@@@@@@@@@@@@@@@@@@@@@@@@@@@@@@@@@@@@@@@@@@@@@@@@@@@@@@@@@@@@@@@@@@@@@@@@@@@@@@@@@@@@@@@@@@@@@@@@@@@@@@@@@@@@@@@@@@@@@@@@@@@@@@@@@@@@@@@@@@@@@@@@@@@@@@@@@@@@@@@@@@@@@@@@@@@@@@@@@@@@@@@@@@@@@@@@@@@@@@@@@@@@@@@@@@@@@@@@@@@@@@@@@@@@@@@@@@@@@@@@@@@@@@@@@@@@@@@@@@@@@@@@@@@@@@@@@@@@@@@@@@@@@@@@@@@@
@@@@@@@@@@@@@@@@@@@@@@@@@@@@@@@@@@@@@@@@@@@@@@@@@@@@@@@@@@@@@@@@@@@@@@@@@@@@@@@@@@@@@@@@@@@@@@@@@@@@@@@@@@@@@@@@@@@@@@@@@@@@@@@@@@@@@@@@@@@@@@@@@@@@@@@@@@@@@@@@@@@@@@@@@@@@@@@@@@@@@@@@@@@@@@@@@@@@@@@@@@@@@@@@@@@@@@@@@@@@@@@@@@@@@@@@@@@@@@@@@@@@@@@@@@@@@@@@@@@@@@@@@@@@@@@@@@@@@@@@@@@@@@@@@@@@@@@@@@@@@@@@@@@@@@@@@@@@@@@@@@@@@@@@@@@@@@@@@@@@@@@@@@@@@@@@@@@@@@@@@@@@@@@@@@@@@@@@@@@@@@@@@@@@@@@@@@@@@@@@@@@@@@@@@@@@@@@@@@@@@@@@@@@@@@@@@@@@@@@@@@@@@@@@@@@@@@@@@@@@@@@@@@@@@@@@@@@@@@@@@@@@@@@@@@@@@@@@@@@@@@@@@@@@@@@@
@@@@@@@@@@@@@@@@@@@@@@@@@@@@@@@@@@@@@@@@@@@@@@@@@@@@@@@@@@@@@@@@@@@@@@@@@@@@@@@@@@@@@@@@@@@@@@@@@@@@@@@@@@@@@@@@@@@@@@@@@@@@@@@@@@@@@@@@@@@@@@@@@@@@@@@@@@@@@@@@@@@@@@@@@@@@@@@@@@@@@@@@@@@@@@@@@@@@@@@@@@@@@@@@@@@@@@@@@@@@@@@@@@@@@@@@@@@@@@@@@@@@@@@@@@@@@@@@@@@@@@@@@@@@@@@@@@@@@@@@@@@@@@@@@@@@@@@@@@@@@@@@@@@@@@@@@@@@@@@@@@@@@@@@@@@@@@@@@@@@@@@@@@@@@@@@@@@@@@@@@@@@@@@@@@@@@@@@@@@@@@@@@@@@@@@@@@@@@@@@@@@@@@@@@@@@@@@@@@@@@@@@@@@@@@@@@@@@@@@@@@@@@@@@@@@@@@@@@@@@@@@@@@@@@@@@@@@@@@@@@@@@@@@@@@@@@@@@@@@@@@@@@@@@@@@@
@@@@@@@@@@@@@@@@@@@@@@@@@@@@@@@@@@@@@@@@@@@@@@@@@@@@@@@@@@@@@@@@@@@@@@@@@@@@@@@@@@@@@@@@@@@@@@@@@@@@@@@@@@@@@@@@@@@@@@@@@@@@@@@@@@@@@@@@@@@@@@@@@@@@@@@@@@@@@@@@@@@@@@@@@@@@@@@@@@@@@@@@@@@@@@@@@@@@@@@@@@@@@@@@@@@@@@@@@@@@@@@@@@@@@@@@@@@@@@@@@@@@@@@@@@@@@@@@@@@@@@@@@@@@@@@@@@@@@@@@@@@@@@@@@@@@@@@@@@@@@@@@@@@@@@@@@@@@@@@@@@@@@@@@@@@@@@@@@@@@@@@@@@@@@@@@@@@@@@@@@@@@@@@@@@@@@@@@@@@@@@@@@@@@@@@@@@@@@@@@@@@@@@@@@@@@@@@@@@@@@@@@@@@@@@@@@@@@@@@@@@@@@@@@@@@@@@@@@@@@@@@@@@@@@@@@@@@@@@@@@@@@@@@@@@@@@@@@@@@@@@@@@@@@@@@@
@@@@@@@@@@@@@@@@@@@@@@@@@@@@@@@@@@@@@@@@@@@@@@@@@@@@@@@@@@@@@@@@@@@@@@@@@@@@@@@@@@@@@@@@@@@@@@@@@@@@@@@@@@@@@@@@@@@@@@@@@@@@@@@@@@@@@@@@@@@@@@@@@@@@@@@@@@@@@@@@@@@@@@@@@@@@@@@@@@@@@@@@@@@@@@@@@@@@@@@@@@@@@@@@@@@@@@@@@@@@@@@@@@@@@@@@@@@@@@@@@@@@@@@@@@@@@@@@@@@@@@@@@@@@@@@@@@@@@@@@@@@@@@@@@@@@@@@@@@@@@@@@@@@@@@@@@@@@@@@@@@@@@@@@@@@@@@@@@@@@@@@@@@@@@@@@@@@@@@@@@@@@@@@@@@@@@@@@@@@@@@@@@@@@@@@@@@@@@@@@@@@@@@@@@@@@@@@@@@@@@@@@@@@@@@@@@@@@@@@@@@@@@@@@@@@@@@@@@@@@@@@@@@@@@@@@@@@@@@@@@@@@@@@@@@@@@@@@@@@@@@@@@@@@@@@@
@@@@@@@@@@@@@@@@@@@@@@@@@@@@@@@@@@@@@@@@@@@@@@@@@@@@@@@@@@@@@@@@@@@@@@@@@@@@@@@@@@@@@@@@@@@@@@@@@@@@@@@@@@@@@@@@@@@@@@@@@@@@@@@@@@@@@@@@@@@@@@@@@@@@@@@@@@@@@@@@@@@@@@@@@@@@@@@@@@@@@@@@@@@@@@@@@@@@@@@@@@@@@@@@@@@@@@@@@@@@@@@@@@@@@@@@@@@@@@@@@@@@@@@@@@@@@@@@@@@@@@@@@@@@@@@@@@@@@@@@@@@@@@@@@@@@@@@@@@@@@@@@@@@@@@@@@@@@@@@@@@@@@@@@@@@@@@@@@@@@@@@@@@@@@@@@@@@@@@@@@@@@@@@@@@@@@@@@@@@@@@@@@@@@@@@@@@@@@@@@@@@@@@@@@@@@@@@@@@@@@@@@@@@@@@@@@@@@@@@@@@@@@@@@@@@@@@@@@@@@@@@@@@@@@@@@@@@@@@@@@@@@@@@@@@@@@@@@@@@@@@@@@@@@@@@@
@@@@@@@@@@@@@@@@@@@@@@@@@@@@@@@@@@@@@@@@@@@@@@@@@@@@@@@@@@@@@@@@@@@@@@@@@@@@@@@@@@@@@@@@@@@@@@@@@@@@@@@@@@@@@@@@@@@@@@@@@@@@@@@@@@@@@@@@@@@@@@@@@@@@@@@@@@@@@@@@@@@@@@@@@@@@@@@@@@@@@@@@@@@@@@@@@@@@@@@@@@@@@@@@@@@@@@@@@@@@@@@@@@@@@@@@@@@@@@@@@@@@@@@@@@@@@@@@@@@@@@@@@@@@@@@@@@@@@@@@@@@@@@@@@@@@@@@@@@@@@@@@@@@@@@@@@@@@@@@@@@@@@@@@@@@@@@@@@@@@@@@@@@@@@@@@@@@@@@@@@@@@@@@@@@@@@@@@@@@@@@@@@@@@@@@@@@@@@@@@@@@@@@@@@@@@@@@@@@@@@@@@@@@@@@@@@@@@@@@@@@@@@@@@@@@@@@@@@@@@@@@@@@@@@@@@@@@@@@@@@@@@@@@@@@@@@@@@@@@@@@@@@@@@@@@@
@@@@@@@@@@@@@@@@@@@@@@@@@@@@@@@@@@@@@@@@@@@@@@@@@@@@@@@@@@@@@@@@@@@@@@@@@@@@@@@@@@@@@@@@@@@@@@@@@@@@@@@@@@@@@@@@@@@@@@@@@@@@@@@@@@@@@@@@@@@@@@@@@@@@@@@@@@@@@@@@@@@@@@@@@@@@@@@@@@@@@@@@@@@@@@@@@@@@@@@@@@@@@@@@@@@@@@@@@@@@@@@@@@@@@@@@@@@@@@@@@@@@@@@@@@@@@@@@@@@@@@@@@@@@@@@@@@@@@@@@@@@@@@@@@@@@@@@@@@@@@@@@@@@@@@@@@@@@@@@@@@@@@@@@@@@@@@@@@@@@@@@@@@@@@@@@@@@@@@@@@@@@@@@@@@@@@@@@@@@@@@@@@@@@@@@@@@@@@@@@@@@@@@@@@@@@@@@@@@@@@@@@@@@@@@@@@@@@@@@@@@@@@@@@@@@@@@@@@@@@@@@@@@@@@@@@@@@@@@@@@@@@@@@@@@@@@@@@@@@@@@@@@@@@@@@@
@@@@@@@@@@@@@@@@@@@@@@@@@@@@@@@@@@@@@@@@@@@@@@@@@@@@@@@@@@@@@@@@@@@@@@@@@@@@@@@@@@@@@@@@@@@@@@@@@@@@@@@@@@@@@@@@@@@@@@@@@@@@@@@@@@@@@@@@@@@@@@@@@@@@@@@@@@@@@@@@@@@@@@@@@@@@@@@@@@@@@@@@@@@@@@@@@@@@@@@@@@@@@@@@@@@@@@@@@@@@@@@@@@@@@@@@@@@@@@@@@@@@@@@@@@@@@@@@@@@@@@@@@@@@@@@@@@@@@@@@@@@@@@@@@@@@@@@@@@@@@@@@@@@@@@@@@@@@@@@@@@@@@@@@@@@@@@@@@@@@@@@@@@@@@@@@@@@@@@@@@@@@@@@@@@@@@@@@@@@@@@@@@@@@@@@@@@@@@@@@@@@@@@@@@@@@@@@@@@@@@@@@@@@@@@@@@@@@@@@@@@@@@@@@@@@@@@@@@@@@@@@@@@@@@@@@@@@@@@@@@@@@@@@@@@@@@@@@@@@@@@@@@@@@@@@@
@@@@@@@@@@@@@@@@@@@@@@@@@@@@@@@@@@@@@@@@@@@@@@@@@@@@@@@@@@@@@@@@@@@@@@@@@@@@@@@@@@@@@@@@@@@@@@@@@@@@@@@@@@@@@@@@@@@@@@@@@@@@@@@@@@@@@@@@@@@@@@@@@@@@@@@@@@@@@@@@@@@@@@@@@@@@@@@@@@@@@@@@@@@@@@@@@@@@@@@@@@@@@@@@@@@@@@@@@@@@@@@@@@@@@@@@@@@@@@@@@@@@@@@@@@@@@@@@@@@@@@@@@@@@@@@@@@@@@@@@@@@@@@@@@@@@@@@@@@@@@@@@@@@@@@@@@@@@@@@@@@@@@@@@@@@@@@@@@@@@@@@@@@@@@@@@@@@@@@@@@@@@@@@@@@@@@@@@@@@@@@@@@@@@@@@@@@@@@@@@@@@@@@@@@@@@@@@@@@@@@@@@@@@@@@@@@@@@@@@@@@@@@@@@@@@@@@@@@@@@@@@@@@@@@@@@@@@@@@@@@@@@@@@@@@@@@@@@@@@@@@@@@@@@@@@@
@@@@@@@@@@@@@@@@@@@@@@@@@@@@@@@@@@@@@@@@@@@@@@@@@@@@@@@@@@@@@@@@@@@@@@@@@@@@@@@@@@@@@@@@@@@@@@@@@@@@@@@@@@@@@@@@@@@@@@@@@@@@@@@@@@@@@@@@@@@@@@@@@@@@@@@@@@@@@@@@@@@@@@@@@@@@@@@@@@@@@@@@@@@@@@@@@@@@@@@@@@@@@@@@@@@@@@@@@@@@@@@@@@@@@@@@@@@@@@@@@@@@@@@@@@@@@@@@@@@@@@@@@@@@@@@@@@@@@@@@@@@@@@@@@@@@@@@@@@@@@@@@@@@@@@@@@@@@@@@@@@@@@@@@@@@@@@@@@@@@@@@@@@@@@@@@@@@@@@@@@@@@@@@@@@@@@@@@@@@@@@@@@@@@@@@@@@@@@@@@@@@@@@@@@@@@@@@@@@@@@@@@@@@@@@@@@@@@@@@@@@@@@@@@@@@@@@@@@@@@@@@@@@@@@@@@@@@@@@@@@@@@@@@@@@@@@@@@@@@@@@@@@@@@@@@@
@@@@@@@@@@@@@@@@@@@@@@@@@@@@@@@@@@@@@@@@@@@@@@@@@@@@@@@@@@@@@@@@@@@@@@@@@@@@@@@@@@@@@@@@@@@@@@@@@@@@@@@@@@@@@@@@@@@@@@@@@@@@@@@@@@@@@@@@@@@@@@@@@@@@@@@@@@@@@@@@@@@@@@@@@@@@@@@@@@@@@@@@@@@@@@@@@@@@@@@@@@@@@@@@@@@@@@@@@@@@@@@@@@@@@@@@@@@@@@@@@@@@@@@@@@@@@@@@@@@@@@@@@@@@@@@@@@@@@@@@@@@@@@@@@@@@@@@@@@@@@@@@@@@@@@@@@@@@@@@@@@@@@@@@@@@@@@@@@@@@@@@@@@@@@@@@@@@@@@@@@@@@@@@@@@@@@@@@@@@@@@@@@@@@@@@@@@@@@@@@@@@@@@@@@@@@@@@@@@@@@@@@@@@@@@@@@@@@@@@@@@@@@@@@@@@@@@@@@@@@@@@@@@@@@@@@@@@@@@@@@@@@@@@@@@@@@@@@@@@@@@@@@@@@@@@@
@@@@@@@@@@@@@@@@@@@@@@@@@@@@@@@@@@@@@@@@@@@@@@@@@@@@@@@@@@@@@@@@@@@@@@@@@@@@@@@@@@@@@@@@@@@@@@@@@@@@@@@@@@@@@@@@@@@@@@@@@@@@@@@@@@@@@@@@@@@@@@@@@@@@@@@@@@@@@@@@@@@@@@@@@@@@@@@@@@@@@@@@@@@@@@@@@@@@@@@@@@@@@@@@@@@@@@@@@@@@@@@@@@@@@@@@@@@@@@@@@@@@@@@@@@@@@@@@@@@@@@@@@@@@@@@@@@@@@@@@@@@@@@@@@@@@@@@@@@@@@@@@@@@@@@@@@@@@@@@@@@@@@@@@@@@@@@@@@@@@@@@@@@@@@@@@@@@@@@@@@@@@@@@@@@@@@@@@@@@@@@@@@@@@@@@@@@@@@@@@@@@@@@@@@@@@@@@@@@@@@@@@@@@@@@@@@@@@@@@@@@@@@@@@@@@@@@@@@@@@@@@@@@@@@@@@@@@@@@@@@@@@@@@@@@@@@@@@@@@@@@@@@@@@@@@@
@@@@@@@@@@@@@@@@@@@@@@@@@@@@@@@@@@@@@@@@@@@@@@@@@@@@@@@@@@@@@@@@@@@@@@@@@@@@@@@@@@@@@@@@@@@@@@@@@@@@@@@@@@@@@@@@@@@@@@@@@@@@@@@@@@@@@@@@@@@@@@@@@@@@@@@@@@@@@@@@@@@@@@@@@@@@@@@@@@@@@@@@@@@@@@@@@@@@@@@@@@@@@@@@@@@@@@@@@@@@@@@@@@@@@@@@@@@@@@@@@@@@@@@@@@@@@@@@@@@@@@@@@@@@@@@@@@@@@@@@@@@@@@@@@@@@@@@@@@@@@@@@@@@@@@@@@@@@@@@@@@@@@@@@@@@@@@@@@@@@@@@@@@@@@@@@@@@@@@@@@@@@@@@@@@@@@@@@@@@@@@@@@@@@@@@@@@@@@@@@@@@@@@@@@@@@@@@@@@@@@@@@@@@@@@@@@@@@@@@@@@@@@@@@@@@@@@@@@@@@@@@@@@@@@@@@@@@@@@@@@@@@@@@@@@@@@@@@@@@@@@@@@@@@@@@@
@@@@@@@@@@@@@@@@@@@@@@@@@@@@@@@@@@@@@@@@@@@@@@@@@@@@@@@@@@@@@@@@@@@@@@@@@@@@@@@@@@@@@@@@@@@@@@@@@@@@@@@@@@@@@@@@@@@@@@@@@@@@@@@@@@@@@@@@@@@@@@@@@@@@@@@@@@@@@@@@@@@@@@@@@@@@@@@@@@@@@@@@@@@@@@@@@@@@@@@@@@@@@@@@@@@@@@@@@@@@@@@@@@@@@@@@@@@@@@@@@@@@@@@@@@@@@@@@@@@@@@@@@@@@@@@@@@@@@@@@@@@@@@@@@@@@@@@@@@@@@@@@@@@@@@@@@@@@@@@@@@@@@@@@@@@@@@@@@@@@@@@@@@@@@@@@@@@@@@@@@@@@@@@@@@@@@@@@@@@@@@@@@@@@@@@@@@@@@@@@@@@@@@@@@@@@@@@@@@@@@@@@@@@@@@@@@@@@@@@@@@@@@@@@@@@@@@@@@@@@@@@@@@@@@@@@@@@@@@@@@@@@@@@@@@@@@@@@@@@@@@@@@@@@@@@@
@@@@@@@@@@@@@@@@@@@@@@@@@@@@@@@@@@@@@@@@@@@@@@@@@@@@@@@@@@@@@@@@@@@@@@@@@@@@@@@@@@@@@@@@@@@@@@@@@@@@@@@@@@@@@@@@@@@@@@@@@@@@@@@@@@@@@@@@@@@@@@@@@@@@@@@@@@@@@@@@@@@@@@@@@@@@@@@@@@@@@@@@@@@@@@@@@@@@@@@@@@@@@@@@@@@@@@@@@@@@@@@@@@@@@@@@@@@@@@@@@@@@@@@@@@@@@@@@@@@@@@@@@@@@@@@@@@@@@@@@@@@@@@@@@@@@@@@@@@@@@@@@@@@@@@@@@@@@@@@@@@@@@@@@@@@@@@@@@@@@@@@@@@@@@@@@@@@@@@@@@@@@@@@@@@@@@@@@@@@@@@@@@@@@@@@@@@@@@@@@@@@@@@@@@@@@@@@@@@@@@@@@@@@@@@@@@@@@@@@@@@@@@@@@@@@@@@@@@@@@@@@@@@@@@@@@@@@@@@@@@@@@@@@@@@@@@@@@@@@@@@@@@@@@@@@@
@@@@@@@@@@@@@@@@@@@@@@@@@@@@@@@@@@@@@@@@@@@@@@@@@@@@@@@@@@@@@@@@@@@@@@@@@@@@@@@@@@@@@@@@@@@@@@@@@@@@@@@@@@@@@@@@@@@@@@@@@@@@@@@@@@@@@@@@@@@@@@@@@@@@@@@@@@@@@@@@@@@@@@@@@@@@@@@@@@@@@@@@@@@@@@@@@@@@@@@@@@@@@@@@@@@@@@@@@@@@@@@@@@@@@@@@@@@@@@@@@@@@@@@@@@@@@@@@@@@@@@@@@@@@@@@@@@@@@@@@@@@@@@@@@@@@@@@@@@@@@@@@@@@@@@@@@@@@@@@@@@@@@@@@@@@@@@@@@@@@@@@@@@@@@@@@@@@@@@@@@@@@@@@@@@@@@@@@@@@@@@@@@@@@@@@@@@@@@@@@@@@@@@@@@@@@@@@@@@@@@@@@@@@@@@@@@@@@@@@@@@@@@@@@@@@@@@@@@@@@@@@@@@@@@@@@@@@@@@@@@@@@@@@@@@@@@@@@@@@@@@@@@@@@@@@@
@@@@@@@@@@@@@@@@@@@@@@@@@@@@@@@@@@@@@@@@@@@@@@@@@@@@@@@@@@@@@@@@@@@@@@@@@@@@@@@@@@@@@@@@@@@@@@@@@@@@@@@@@@@@@@@@@@@@@@@@@@@@@@@@@@@@@@@@@@@@@@@@@@@@@@@@@@@@@@@@@@@@@@@@@@@@@@@@@@@@@@@@@@@@@@@@@@@@@@@@@@@@@@@@@@@@@@@@@@@@@@@@@@@@@@@@@@@@@@@@@@@@@@@@@@@@@@@@@@@@@@@@@@@@@@@@@@@@@@@@@@@@@@@@@@@@@@@@@@@@@@@@@@@@@@@@@@@@@@@@@@@@@@@@@@@@@@@@@@@@@@@@@@@@@@@@@@@@@@@@@@@@@@@@@@@@@@@@@@@@@@@@@@@@@@@@@@@@@@@@@@@@@@@@@@@@@@@@@@@@@@@@@@@@@@@@@@@@@@@@@@@@@@@@@@@@@@@@@@@@@@@@@@@@@@@@@@@@@@@@@@@@@@@@@@@@@@@@@@@@@@@@@@@@@@@@
@@@@@@@@@@@@@@@@@@@@@@@@@@@@@@@@@@@@@@@@@@@@@@@@@@@@@@@@@@@@@@@@@@@@@@@@@@@@@@@@@@@@@@@@@@@@@@@@@@@@@@@@@@@@@@@@@@@@@@@@@@@@@@@@@@@@@@@@@@@@@@@@@@@@@@@@@@@@@@@@@@@@@@@@@@@@@@@@@@@@@@@@@@@@@@@@@@@@@@@@@@@@@@@@@@@@@@@@@@@@@@@@@@@@@@@@@@@@@@@@@@@@@@@@@@@@@@@@@@@@@@@@@@@@@@@@@@@@@@@@@@@@@@@@@@@@@@@@@@@@@@@@@@@@@@@@@@@@@@@@@@@@@@@@@@@@@@@@@@@@@@@@@@@@@@@@@@@@@@@@@@@@@@@@@@@@@@@@@@@@@@@@@@@@@@@@@@@@@@@@@@@@@@@@@@@@@@@@@@@@@@@@@@@@@@@@@@@@@@@@@@@@@@@@@@@@@@@@@@@@@@@@@@@@@@@@@@@@@@@@@@@@@@@@@@@@@@@@@@@@@@@@@@@@@@@@
@@@@@@@@@@@@@@@@@@@@@@@@@@@@@@@@@@@@@@@@@@@@@@@@@@@@@@@@@@@@@@@@@@@@@@@@@@@@@@@@@@@@@@@@@@@@@@@@@@@@@@@@@@@@@@@@@@@@@@@@@@@@@@@@@@@@@@@@@@@@@@@@@@@@@@@@@@@@@@@@@@@@@@@@@@@@@@@@@@@@@@@@@@@@@@@@@@@@@@@@@@@@@@@@@@@@@@@@@@@@@@@@@@@@@@@@@@@@@@@@@@@@@@@@@@@@@@@@@@@@@@@@@@@@@@@@@@@@@@@@@@@@@@@@@@@@@@@@@@@@@@@@@@@@@@@@@@@@@@@@@@@@@@@@@@@@@@@@@@@@@@@@@@@@@@@@@@@@@@@@@@@@@@@@@@@@@@@@@@@@@@@@@@@@@@@@@@@@@@@@@@@@@@@@@@@@@@@@@@@@@@@@@@@@@@@@@@@@@@@@@@@@@@@@@@@@@@@@@@@@@@@@@@@@@@@@@@@@@@@@@@@@@@@@@@@@@@@@@@@@@@@@@@@@@@@@
@@@@@@@@@@@@@@@@@@@@@@@@@@@@@@@@@@@@@@@@@@@@@@@@@@@@@@@@@@@@@@@@@@@@@@@@@@@@@@@@@@@@@@@@@@@@@@@@@@@@@@@@@@@@@@@@@@@@@@@@@@@@@@@@@@@@@@@@@@@@@@@@@@@@@@@@@@@@@@@@@@@@@@@@@@@@@@@@@@@@@@@@@@@@@@@@@@@@@@@@@@@@@@@@@@@@@@@@@@@@@@@@@@@@@@@@@@@@@@@@@@@@@@@@@@@@@@@@@@@@@@@@@@@@@@@@@@@@@@@@@@@@@@@@@@@@@@@@@@@@@@@@@@@@@@@@@@@@@@@@@@@@@@@@@@@@@@@@@@@@@@@@@@@@@@@@@@@@@@@@@@@@@@@@@@@@@@@@@@@@@@@@@@@@@@@@@@@@@@@@@@@@@@@@@@@@@@@@@@@@@@@@@@@@@@@@@@@@@@@@@@@@@@@@@@@@@@@@@@@@@@@@@@@@@@@@@@@@@@@@@@@@@@@@@@@@@@@@@@@@@@@@@@@@@@@@
@@@@@@@@@@@@@@@@@@@@@@@@@@@@@@@@@@@@@@@@@@@@@@@@@@@@@@@@@@@@@@@@@@@@@@@@@@@@@@@@@@@@@@@@@@@@@@@@@@@@@@@@@@@@@@@@@@@@@@@@@@@@@@@@@@@@@@@@@@@@@@@@@@@@@@@@@@@@@@@@@@@@@@@@@@@@@@@@@@@@@@@@@@@@@@@@@@@@@@@@@@@@@@@@@@@@@@@@@@@@@@@@@@@@@@@@@@@@@@@@@@@@@@@@@@@@@@@@@@@@@@@@@@@@@@@@@@@@@@@@@@@@@@@@@@@@@@@@@@@@@@@@@@@@@@@@@@@@@@@@@@@@@@@@@@@@@@@@@@@@@@@@@@@@@@@@@@@@@@@@@@@@@@@@@@@@@@@@@@@@@@@@@@@@@@@@@@@@@@@@@@@@@@@@@@@@@@@@@@@@@@@@@@@@@@@@@@@@@@@@@@@@@@@@@@@@@@@@@@@@@@@@@@@@@@@@@@@@@@@@@@@@@@@@@@@@@@@@@@@@@@@@@@@@@@@@
@@@@@@@@@@@@@@@@@@@@@@@@@@@@@@@@@@@@@@@@@@@@@@@@@@@@@@@@@@@@@@@@@@@@@@@@@@@@@@@@@@@@@@@@@@@@@@@@@@@@@@@@@@@@@@@@@@@@@@@@@@@@@@@@@@@@@@@@@@@@@@@@@@@@@@@@@@@@@@@@@@@@@@@@@@@@@@@@@@@@@@@@@@@@@@@@@@@@@@@@@@@@@@@@@@@@@@@@@@@@@@@@@@@@@@@@@@@@@@@@@@@@@@@@@@@@@@@@@@@@@@@@@@@@@@@@@@@@@@@@@@@@@@@@@@@@@@@@@@@@@@@@@@@@@@@@@@@@@@@@@@@@@@@@@@@@@@@@@@@@@@@@@@@@@@@@@@@@@@@@@@@@@@@@@@@@@@@@@@@@@@@@@@@@@@@@@@@@@@@@@@@@@@@@@@@@@@@@@@@@@@@@@@@@@@@@@@@@@@@@@@@@@@@@@@@@@@@@@@@@@@@@@@@@@@@@@@@@@@@@@@@@@@@@@@@@@@@@@@@@@@@@@@@@@@@@
@@@@@@@@@@@@@@@@@@@@@@@@@@@@@@@@@@@@@@@@@@@@@@@@@@@@@@@@@@@@@@@@@@@@@@@@@@@@@@@@@@@@@@@@@@@@@@@@@@@@@@@@@@@@@@@@@@@@@@@@@@@@@@@@@@@@@@@@@@@@@@@@@@@@@@@@@@@@@@@@@@@@@@@@@@@@@@@@@@@@@@@@@@@@@@@@@@@@@@@@@@@@@@@@@@@@@@@@@@@@@@@@@@@@@@@@@@@@@@@@@@@@@@@@@@@@@@@@@@@@@@@@@@@@@@@@@@@@@@@@@@@@@@@@@@@@@@@@@@@@@@@@@@@@@@@@@@@@@@@@@@@@@@@@@@@@@@@@@@@@@@@@@@@@@@@@@@@@@@@@@@@@@@@@@@@@@@@@@@@@@@@@@@@@@@@@@@@@@@@@@@@@@@@@@@@@@@@@@@@@@@@@@@@@@@@@@@@@@@@@@@@@@@@@@@@@@@@@@@@@@@@@@@@@@@@@@@@@@@@@@@@@@@@@@@@@@@@@@@@@@@@@@@@@@@@@
@@@@@@@@@@@@@@@@@@@@@@@@@@@@@@@@@@@@@@@@@@@@@@@@@@@@@@@@@@@@@@@@@@@@@@@@@@@@@@@@@@@@@@@@@@@@@@@@@@@@@@@@@@@@@@@@@@@@@@@@@@@@@@@@@@@@@@@@@@@@@@@@@@@@@@@@@@@@@@@@@@@@@@@@@@@@@@@@@@@@@@@@@@@@@@@@@@@@@@@@@@@@@@@@@@@@@@@@@@@@@@@@@@@@@@@@@@@@@@@@@@@@@@@@@@@@@@@@@@@@@@@@@@@@@@@@@@@@@@@@@@@@@@@@@@@@@@@@@@@@@@@@@@@@@@@@@@@@@@@@@@@@@@@@@@@@@@@@@@@@@@@@@@@@@@@@@@@@@@@@@@@@@@@@@@@@@@@@@@@@@@@@@@@@@@@@@@@@@@@@@@@@@@@@@@@@@@@@@@@@@@@@@@@@@@@@@@@@@@@@@@@@@@@@@@@@@@@@@@@@@@@@@@@@@@@@@@@@@@@@@@@@@@@@@@@@@@@@@@@@@@@@@@@@@@@@
@@@@@@@@@@@@@@@@@@@@@@@@@@@@@@@@@@@@@@@@@@@@@@@@@@@@@@@@@@@@@@@@@@@@@@@@@@@@@@@@@@@@@@@@@@@@@@@@@@@@@@@@@@@@@@@@@@@@@@@@@@@@@@@@@@@@@@@@@@@@@@@@@@@@@@@@@@@@@@@@@@@@@@@@@@@@@@@@@@@@@@@@@@@@@@@@@@@@@@@@@@@@@@@@@@@@@@@@@@@@@@@@@@@@@@@@@@@@@@@@@@@@@@@@@@@@@@@@@@@@@@@@@@@@@@@@@@@@@@@@@@@@@@@@@@@@@@@@@@@@@@@@@@@@@@@@@@@@@@@@@@@@@@@@@@@@@@@@@@@@@@@@@@@@@@@@@@@@@@@@@@@@@@@@@@@@@@@@@@@@@@@@@@@@@@@@@@@@@@@@@@@@@@@@@@@@@@@@@@@@@@@@@@@@@@@@@@@@@@@@@@@@@@@@@@@@@@@@@@@@@@@@@@@@@@@@@@@@@@@@@@@@@@@@@@@@@@@@@@@@@@@@@@@@@@@@
@@@@@@@@@@@@@@@@@@@@@@@@@@@@@@@@@@@@@@@@@@@@@@@@@@@@@@@@@@@@@@@@@@@@@@@@@@@@@@@@@@@@@@@@@@@@@@@@@@@@@@@@@@@@@@@@@@@@@@@@@@@@@@@@@@@@@@@@@@@@@@@@@@@@@@@@@@@@@@@@@@@@@@@@@@@@@@@@@@@@@@@@@@@@@@@@@@@@@@@@@@@@@@@@@@@@@@@@@@@@@@@@@@@@@@@@@@@@@@@@@@@@@@@@@@@@@@@@@@@@@@@@@@@@@@@@@@@@@@@@@@@@@@@@@@@@@@@@@@@@@@@@@@@@@@@@@@@@@@@@@@@@@@@@@@@@@@@@@@@@@@@@@@@@@@@@@@@@@@@@@@@@@@@@@@@@@@@@@@@@@@@@@@@@@@@@@@@@@@@@@@@@@@@@@@@@@@@@@@@@@@@@@@@@@@@@@@@@@@@@@@@@@@@@@@@@@@@@@@@@@@@@@@@@@@@@@@@@@@@@@@@@@@@@@@@@@@@@@@@@@@@@@@@@@@@@
@@@@@@@@@@@@@@@@@@@@@@@@@@@@@@@@@@@@@@@@@@@@@@@@@@@@@@@@@@@@@@@@@@@@@@@@@@@@@@@@@@@@@@@@@@@@@@@@@@@@@@@@@@@@@@@@@@@@@@@@@@@@@@@@@@@@@@@@@@@@@@@@@@@@@@@@@@@@@@@@@@@@@@@@@@@@@@@@@@@@@@@@@@@@@@@@@@@@@@@@@@@@@@@@@@@@@@@@@@@@@@@@@@@@@@@@@@@@@@@@@@@@@@@@@@@@@@@@@@@@@@@@@@@@@@@@@@@@@@@@@@@@@@@@@@@@@@@@@@@@@@@@@@@@@@@@@@@@@@@@@@@@@@@@@@@@@@@@@@@@@@@@@@@@@@@@@@@@@@@@@@@@@@@@@@@@@@@@@@@@@@@@@@@@@@@@@@@@@@@@@@@@@@@@@@@@@@@@@@@@@@@@@@@@@@@@@@@@@@@@@@@@@@@@@@@@@@@@@@@@@@@@@@@@@@@@@@@@@@@@@@@@@@@@@@@@@@@@@@@@@@@@@@@@@@@@
@@@@@@@@@@@@@@@@@@@@@@@@@@@@@@@@@@@@@@@@@@@@@@@@@@@@@@@@@@@@@@@@@@@@@@@@@@@@@@@@@@@@@@@@@@@@@@@@@@@@@@@@@@@@@@@@@@@@@@@@@@@@@@@@@@@@@@@@@@@@@@@@@@@@@@@@@@@@@@@@@@@@@@@@@@@@@@@@@@@@@@@@@@@@@@@@@@@@@@@@@@@@@@@@@@@@@@@@@@@@@@@@@@@@@@@@@@@@@@@@@@@@@@@@@@@@@@@@@@@@@@@@@@@@@@@@@@@@@@@@@@@@@@@@@@@@@@@@@@@@@@@@@@@@@@@@@@@@@@@@@@@@@@@@@@@@@@@@@@@@@@@@@@@@@@@@@@@@@@@@@@@@@@@@@@@@@@@@@@@@@@@@@@@@@@@@@@@@@@@@@@@@@@@@@@@@@@@@@@@@@@@@@@@@@@@@@@@@@@@@@@@@@@@@@@@@@@@@@@@@@@@@@@@@@@@@@@@@@@@@@@@@@@@@@@@@@@@@@@@@@@@@@@@@@@@@
@@@@@@@@@@@@@@@@@@@@@@@@@@@@@@@@@@@@@@@@@@@@@@@@@@@@@@@@@@@@@@@@@@@@@@@@@@@@@@@@@@@@@@@@@@@@@@@@@@@@@@@@@@@@@@@@@@@@@@@@@@@@@@@@@@@@@@@@@@@@@@@@@@@@@@@@@@@@@@@@@@@@@@@@@@@@@@@@@@@@@@@@@@@@@@@@@@@@@@@@@@@@@@@@@@@@@@@@@@@@@@@@@@@@@@@@@@@@@@@@@@@@@@@@@@@@@@@@@@@@@@@@@@@@@@@@@@@@@@@@@@@@@@@@@@@@@@@@@@@@@@@@@@@@@@@@@@@@@@@@@@@@@@@@@@@@@@@@@@@@@@@@@@@@@@@@@@@@@@@@@@@@@@@@@@@@@@@@@@@@@@@@@@@@@@@@@@@@@@@@@@@@@@@@@@@@@@@@@@@@@@@@@@@@@@@@@@@@@@@@@@@@@@@@@@@@@@@@@@@@@@@@@@@@@@@@@@@@@@@@@@@@@@@@@@@@@@@@@@@@@@@@@@@@@@@@
@@@@@@@@@@@@@@@@@@@@@@@@@@@@@@@@@@@@@@@@@@@@@@@@@@@@@@@@@@@@@@@@@@@@@@@@@@@@@@@@@@@@@@@@@@@@@@@@@@@@@@@@@@@@@@@@@@@@@@@@@@@@@@@@@@@@@@@@@@@@@@@@@@@@@@@@@@@@@@@@@@@@@@@@@@@@@@@@@@@@@@@@@@@@@@@@@@@@@@@@@@@@@@@@@@@@@@@@@@@@@@@@@@@@@@@@@@@@@@@@@@@@@@@@@@@@@@@@@@@@@@@@@@@@@@@@@@@@@@@@@@@@@@@@@@@@@@@@@@@@@@@@@@@@@@@@@@@@@@@@@@@@@@@@@@@@@@@@@@@@@@@@@@@@@@@@@@@@@@@@@@@@@@@@@@@@@@@@@@@@@@@@@@@@@@@@@@@@@@@@@@@@@@@@@@@@@@@@@@@@@@@@TTTTTTTT@@@@@@@@@@@@@@@@@@@@@@@@@@@@@@@@@@@@@@@@@@@@@@@@@@@@@@@@@@@@@@@@@@@@@@@@@@@@@@@@
@@@@@@@@@@@@@@@@@@@@@@@@@@@@@@@@@@@@@@@@@@@@@@@@@@@@@@@@@@@@@@@@@@@@@@@@@@@@@@@@@@@@@@@@@@@@@@@@@@@@@@@@@@@@@@@@@@@@@@@@@@@@@@@@@@@@@@@@@@@@@@@@@@@@@@@@@@@@@@@@@@@@@@@@@@@@@@@@@@@@@@@@@@@@@@@@@@@@@@@@@@@@@@@@@@@@@@@@@@@@@@@@@@@@@@@@@@@@@@@@@@@@@@@@@@@@@@@@@@@@@@@@@@@@@@@@@@@@@@@@@@@@@@@@@@@@@@@@@@@@@@@@@@@@@@@@@@@@@@@@@@@@@@@@@@@@@@@@@@@@@@@@@@@@@@@@@@@@@@@@@@@@@@@@@@@@@@@@@@@@@@@@@@@@@@@@@@@@@@@@@@@@@@@@@@@@@@@@@@@@@@@@TTTTTTTT@@@@@@@@@@@@@@@@@@@@@@@@@@@@@@@@@@@@@@@@@@@@@@@@@@@@@@@@@@@@@@@@@@@@@@@@@@@@@@@@
@@@@@@@@@@@@@@@@@@@@@@@@@@@@@@@@@@@@@@@@@@@@@@@@@@@@@@@@@@@@@@@@@@@@@@@@@@@@@@@@@@@@@@@@@@@@@@@@@@@@@@@@@@@@@@@@@@@@@@@@@@@@@@@@@@@@@@@@@@@@@@@@@@@@@@@@@@@@@@@@@@@@@@@@@@@@@@@@@@@@@@@@@@@@@@@@@@@@@@@@@@@@@@@@@@@@@@@@@@@@@@@@@@@@@@@@@@@@@@@@@@@@@@@@@@@@@@@@@@@@@@@@@@@@@@@@@@@@@@@@@@@@@@@@@@@@@@@@@@@@@@@@@@@@@@@@@@@@@@@@@@@@@@@@@@@@@@@@@@@@@@@@@@@@@@@@@@@@@@@@@@@@@@@@@@@@@@@@@@@@@@@@@@@@@@@@@@@@@@@@@@@@@@@@@@@@@@@@@@@@@@@@TTTTTTTT@@@@@@@@@@@@@@@@@@@@@@@@@@@@@@@@@@@@@@@@@@@@@@@@@@@@@@@@@@@@@@@@@@@@@@@@@@@@@@@@
@@@@@@@@@@@@@@@@@@@@@@@@@@@@@@@@@@@@@@@@@@@@@@@@@@@@@@@@@@@@@@@@@@@@@@@@@@@@@@@@@@@@@@@@@@@@@@@@@@@@@@@@@@@@@@@@@@@@@@@@@@@@@@@@@@@@@@@@@@@@@@@@@@@@@@@@@@@@@@@@@@@@@@@@@@@@@@@@@@@@@@@@@@@@@@@@@@@@@@@@@@@@@@@@@@@@@@@@@@@@@@@@@@@@@@@@@@@@@@@@@@@@@@@@@@@@@@@@@@@@@@@@@@@@@@@@@@@@@@@@@@@@@@@@@@@@@@@@@@@@@@@@@@@@@@@@@@@@@@@@@@@@@@@@@@@@@@@@@@@@@@@@@@@@@@@@@@@@@@@@@@@@@@@@@@@@@@@@@@@@@@@@@@@@@@@@@@@@@@@@@@@@@@@@@@@@@@@@@@@@@@@@TTTTTTTT@@@@@@@@@@@@@@@@@@@@@@@@@@@@@@@@@@@@@@@@@@@@@@@@@@@@@@@@@@@@@@@@@@@@@@@@@@@@@@@@
@@@@@@@@@@@@@@@@@@@@@@@@@@@@@@@@@@@@@@@@@@@@@@@@@@@@@@@@@@@@@@@@@@@@@@@@@@@@@@@@@@@@@@@@@@@@@@@@@@@@@@@@@@@@@@@@@@@@@@@@@@@@@@@@@@@@@@@@@@@@@@@@@@@@@@@@@@@@@@@@@@@@@@@@@@@@@@@@@@@@@@@@@@@@@@@@@@@@@@@@@@@@@@@@@@@@@@@@@@@@@@@@@@@@@@@@@@@@@@@@@@@@@@@@@@@@@@@@@@@@@@@@@@@@@@@@@@@@@@@@@@@@@@@@@@@@@@@@@@@@@@@@@@@@@@@@@@@@@@@@@@@@@@@@@@@@@@@@@@@@@@@@@@@@@@@@@@@@@@@@@@@@@@@@@@@@@@@@@@@@@@@@@@@@@@@@@@@@@@@@@@@@@@@@@@@@@@@@@@@@@@@@TTTTTTTT@@@@@@@@@@@@@@@@@@@@@@@@@@@@@@@@@@@@@@@@@@@@@@@@@@@@@@@@@@@@@@@@@@@@@@@@@@@@@@@@
@@@@@@@@@@@@@@@@@@@@@@@@@@@@@@@@@@@@@@@@@@@@@@@@@@@@@@TT......@@@@@@@@@@@@@TTT..................@@@@@@@@TTT...@@@@@@@@TT........TTTWWWWWWWWWWWWWWWWWWWWWWWWWWWWWWWWWWWTTTTT@@@@@@@@@@@@@@@@TTTTT@@@@@@@@@@@@@@@@@@@@@@@@@@@TTTTTTTTTTTTTWWWWWWWWWWWWWWWWWWWWWWWWWWWWWWTTTTTTTT@@@@@@@@@@TTTTTTTT@@@@@@TTTTTTTTTTTTTTTTTTTTTTTTTTTTT@@@@@@@@@@@@@@@@@@@@@@@@@@@@@TTTTTTTTWWWWWWWWWWWWWWWWWWWWWWWWWWWWWWWWWWWWWWWWWWWWWWWWWWW........TTTTTTTTTTTTTTTTTTTTTTTTTTTTTTTTTTTTTTTTTTTTTTTT@@@@@@@@@@@@@@@@@@@@@@@@@@@@@@@@@@@@@@@@@@@@@
@@@@@@@@@@@@@@@@@@@@@@@@@@@@@@@@@@@@@@@@@@@@@@@@@@@@@@TT......@@@@@@@@@@@@@TTT..................@@@@@@@@TTT...@@@@@@@@TT........TTTWWWWWWWWWWWWWWWWWWWWWWWWWWWWWWWWWWWTTTTT@@@@@@@@@@@@@@@@TTTTT@@@@@@@@@@@@@@@@@@@@@@@@@@@TTTTTTTTTTTTTWWWWWWWWWWWWWWWWWWWWWWWWWWWWWWTTTTTTTT@@@@@@@@@@TTTTTTTT@@@@@@TTTTTTTTTTTTTTTTTTTTTTTTTTTTT@@@@@@@@@@@@@@@@@@@@@@@@@@@@@TTTTTTTTWWWWWWWWWWWWWWWWWWWWWWWWWWWWWWWWWWWWWWWWWWWWWWWWWWW........TTTTTTTTTTTTTTTTTTTTTTTTTTTTTTTTTTTTTTTTTTTTTTTT@@@@@@@@@@@@@@@@@@@@@@@@@@@@@@@@@@@@@@@@@@@@@
@@@@@@@@@@@@@@@@@@@@@@@@@@@@@@@@@@@@@@@@@@@@@@@@@@@@@@TT......@@@@@@@@@@@@@TTT..................@@@@@@@@TTT...@@@@@@@@TT........TTTWWWWWWWWWWWWWWWWWWWWWWWWWWWWWWWWWWWTTTTT@@@@@@@@@@@@@@@@TTTTT@@@@@@@@@@@@@@@@@@@@@@@@@@@TTTTTTTTTTTTTWWWWWWWWWWWWWWWWWWWWWWWWWWWWWWTTTTTTTT@@@@@@@@@@TTTTTTTT@@@@@@TTTTTTTTTTTTTTTTTTTTTTTTTTTTT@@@@@@@@@@@@@@@@@@@@@@@@@@@@@TTTTTTTTWWWWWWWWWWWWWWWWWWWWWWWWWWWWWWWWWWWWWWWWWWWWWWWWWWW........TTTTTTTTTTTTTTTTTTTTTTTTTTTTTTTTTTTTTTTTTTTTTTTT@@@@@@@@@@@@@@@@@@@@@@@@@@@@@@@@@@@@@@@@@@@@@
@@@@@@@@@@@@@@@@@@@@@@@@@@@@@@@@@@@@@@@@@@@@@@@@@@@@@@TT......@@@@@@@@@@@@@TTT..................@@@@@@@@TTT...@@@@@@@@TT........TTTWWWWWWWWWWWWWWWWWWWWWWWWWWWWWWWWWWWTTTTT@@@@@@@@@@@@@@@@TTTTT@@@@@@@@@@@@@@@@@@@@@@@@@@@TTTTTTTTTTTTTWWWWWWWWWWWWWWWWWWWWWWWWWWWWWWTTTTTTTT@@@@@@@@@@TTTTTTTT@@@@@@TTTTTTTTTTTTTTTTTTTTTTTTTTTTT@@@@@@@@@@@@@@@@@@@@@@@@@@@@@TTTTTTTTWWWWWWWWWWWWWWWWWWWWWWWWWWWWWWWWWWWWWWWWWWWWWWWWWWW........TTTTTTTTTTTTTTTTTTTTTTTTTTTTTTTTTTTTTTTTTTTTTTTT@@@@@@@@@@@@@@@@@@@@@@@@@@@@@@@@@@@@@@@@@@@@@
@@@@@@@@@@@@@@@@@@@@@@@@@@@@@@@@@@@@@@@@@@@@@@@@@@@@@@TT......@@@@@@@@@@@@@TTT..................@@@@@@@@TTT...@@@@@@@@TT........TTTWWWWWWWWWWWWWWWWWWWWWWWWWWWWWWWWWWWTTTTT@@@@@@@@@@@@@@@@TTTTT@@@@@@@@@@@@@@@@@@@@@@@@@@@TTTTTTTTTTTTTWWWWWWWWWWWWWWWWWWWWWWWWWWWWWWTTTTTTTT@@@@@@@@@@TTTTTTTT@@@@@@TTTTTTTTTTTTTTTTTTTTTTTTTTTTT@@@@@@@@@@@@@@@@@@@@@@@@@@@@@TTTTTTTTWWWWWWWWWWWWWWWWWWWWWWWWWWWWWWWWWWWWWWWWWWWWWWWWWWW........TTTTTTTTTTTTTTTTTTTTTTTTTTTTTTTTTTTTTTTTTTTTTTTT@@@@@@@@@@@@@@@@@@@@@@@@@@@@@@@@@@@@@@@@@@@@@
@@@@@@@@@@@@@@@@@@@@@@@@@@@@@@@@@@@@@@@@@@@@@@@@@@@@@@TTTTT.....TTT...TT........TTTTTTTTTTTTTT........TT........TTT...........TTTTTTTTWWWWWWWWWWWWWWWWWWWWWWWWWWWWWWWWWW@@@TTT@@@@@@@@@@TTTTTTTTTTT@@@@@@@@@@@TTTTTTTT@@@@@TTTTTTTTTTTTTTTTWWWWWWWWWWWWWWWWWWWWWWWWWWWWWTTTTTTTTTTTTTTTTTTTTTTTTTTTTTTTTTTTTTTTTTTTTTTTTTTTTTTTTTTTTTT@@@@@@@@@@@@@TTTTT@@@TTTTTTTTTTTTTTTTWWWWWWWWWWWWWWWWWWWWWWWWWWWWWWWWWWWWWWWWWWWWWWWW........TTTTTTTTTTTTTTTTTTTTTTTTTTTTTTTTTTTTTTTTTTTTTTTTTTTTT@@@@@@@@@@@@@@@@@@@@@@@@@@@@@@@@@@@@@@@@
@@@@@@@@@@@@@@@@@@@@@@@@@@@@@@@@@@@@@@@@@@@@@@@@@@@@@@TTTTT.....TTT...TT........TTTTTTTTTTTTTT........TT........TTT...........TTTTTTTTWWWWWWWWWWWWWWWWWWWWWWWWWWWWWWWWWW@@@TTT@@@@@@@@@@TTTTTTTTTTT@@@@@@@@@@@TTTTTTTT@@@@@TTTTTTTTTTTTTTTTWWWWWWWWWWWWWWWWWWWWWWWWWWWWWTTTTTTTTTTTTTTTTTTTTTTTTTTTTTTTTTTTTTTTTTTTTTTTTTTTTTTTTTTTTTT@@@@@@@@@@@@@TTTTT@@@TTTTTTTTTTTTTTTTWWWWWWWWWWWWWWWWWWWWWWWWWWWWWWWWWWWWWWWWWWWWWWWW........TTTTTTTTTTTTTTTTTTTTTTTTTTTTTTTTTTTTTTTTTTTTTTTTTTTTT@@@@@@@@@@@@@@@@@@@@@@@@@@@@@@@@@@@@@@@@
@@@@@@@@@@@@@@@@@@@@@@@@@@@@@@@@@@@@@@@@@@@@@@@@@@@@@@TTTTT.....TTT...TT........TTTTTTTTTTTTTT........TT........TTT...........TTTTTTTTWWWWWWWWWWWWWWWWWWWWWWWWWWWWWWWWWW@@@TTT@@@@@@@@@@TTTTTTTTTTT@@@@@@@@@@@TTTTTTTT@@@@@TTTTTTTTTTTTTTTTWWWWWWWWWWWWWWWWWWWWWWWWWWWWWTTTTTTTTTTTTTTTTTTTTTTTTTTTTTTTTTTTTTTTTTTTTTTTTTTTTTTTTTTTTTT@@@@@@@@@@@@@TTTTT@@@TTTTTTTTTTTTTTTTWWWWWWWWWWWWWWWWWWWWWWWWWWWWWWWWWWWWWWWWWWWWWWWW........TTTTTTTTTTTTTTTTTTTTTTTTTTTTTTTTTTTTTTTTTTTTTTTTTTTTT@@@@@@@@@@@@@@@@@@@@@@@@@@@@@@@@@@@@@@@@
@@@@@@@@@@@@@@@@@@@@@@@@@@@@@@@@@@@@@@@@@@@@@@@@@@@@@@TTTTT.....TTT...TT........TTTTTTTTTTTTTT........TT........TTT...........TTTTTTTTWWWWWWWWWWWWWWWWWWWWWWWWWWWWWWWWWW@@@TTT@@@@@@@@@@TTTTTTTTTTT@@@@@@@@@@@TTTTTTTT@@@@@TTTTTTTTTTTTTTTTWWWWWWWWWWWWWWWWWWWWWWWWWWWWWTTTTTTTTTTTTTTTTTTTTTTTTTTTTTTTTTTTTTTTTTTTTTTTTTTTTTTTTTTTTTT@@@@@@@@@@@@@TTTTT@@@TTTTTTTTTTTTTTTTWWWWWWWWWWWWWWWWWWWWWWWWWWWWWWWWWWWWWWWWWWWWWWWW........TTTTTTTTTTTTTTTTTTTTTTTTTTTTTTTTTTTTTTTTTTTTTTTTTTTTT@@@@@@@@@@@@@@@@@@@@@@@@@@@@@@@@@@@@@@@@
@@@@@@@@@@@@@@@@@@@@@@@@@@@@@@@@@@@@@@@@@@@@@@@@@@@@@@TTTTT.....TTT...TT........TTTTTTTTTTTTTT........TT........TTT...........TTTTTTTTWWWWWWWWWWWWWWWWWWWWWWWWWWWWWWWWWW@@@TTT@@@@@@@@@@TTTTTTTTTTT@@@@@@@@@@@TTTTTTTT@@@@@TTTTTTTTTTTTTTTTWWWWWWWWWWWWWWWWWWWWWWWWWWWWWTTTTTTTTTTTTTTTTTTTTTTTTTTTTTTTTTTTTTTTTTTTTTTTTTTTTTTTTTTTTTT@@@@@@@@@@@@@TTTTT@@@TTTTTTTTTTTTTTTTWWWWWWWWWWWWWWWWWWWWWWWWWWWWWWWWWWWWWWWWWWWWWWWW........TTTTTTTTTTTTTTTTTTTTTTTTTTTTTTTTTTTTTTTTTTTTTTTTTTTTT@@@@@@@@@@@@@@@@@@@@@@@@@@@@@@@@@@@@@@@@
@@@@@@@@@@@@@@@@@@@@@@@@@@@@@@@@@@@@@@@@@@@@@@@@@@@@@@TTTTT.....TTT...TT........TTTTTTTTTTTTTT........TT........TTT...........TTTTTTTTWWWWWWWWWWWWWWWWWWWWWWWWWWWWWWWWWW@@@TTT@@@@@@@@@@TTTTTTTTTTT@@@@@@@@@@@TTTTTTTT@@@@@TTTTTTTTTTTTTTTTWWWWWWWWWWWWWWWWWWWWWWWWWWWWWTTTTTTTTTTTTTTTTTTTTTTTTTTTTTTTTTTTTTTTTTTTTTTTTTTTTTTTTTTTTTT@@@@@@@@@@@@@TTTTT@@@TTTTTTTTTTTTTTTTWWWWWWWWWWWWWWWWWWWWWWWWWWWWWWWWWWWWWWWWWWWWWWWW........TTTTTTTTTTTTTTTTTTTTTTTTTTTTTTTTTTTTTTTTTTTTTTTTTTTTT@@@@@@@@@@@@@@@@@@@@@@@@@@@@@@@@@@@@@@@@
@@@@@@@@@@@@@@@@@@@@@@@@@@@@@@@@@@@@@@@@@@@@@@@@@@@@@@TTTTTTTT.............TTTTTTTTTTTTTTTTTTTTTTTT........TTT........TTTTT...TTTTTTTTWWWWWWWWWWWWWWWWWWWWWWWWWWWWWWWWWWWWW@@@TT@@@@@@@@TTTTTTTTTTTTTT@@TTTTTTTTTTTTTTTTTTTTTTTTTTTTTTTTWWWWWWWWWWWWWWWWWWWWWWWWWWWWWWWWTTTTTTTTTTTTTTTTTTTTTTTTTTTTTTTTTTTTTTTTTTTTTTTTTTTTTTTTTTTTTT@@@@@@@@@@TTTTTTTTTTTTTTTTTTTTTTTTWWWWWWWWWWWWWWWWWWWWWWWWWWWWWWWWWWWWWWWWWWWWWW........TTTTTTTTTTTTTTTTTTTTTTTTTTTTTTTTTTTTTTTTTTTTTTTTTTTTTTTTTTTTT@@@@@@@@@@@@@@@@@@@@@@@@@@@@@@@@@@@@@
@@@@@@@@@@@@@@@@@@@@@@@@@@@@@@@@@@@@@@@@@@@@@@@@@@@@@@TTTTTTTT.............TTTTTTTTTTTTTTTTTTTTTTTT........TTT........TTTTT...TTTTTTTTWWWWWWWWWWWWWWWWWWWWWWWWWWWWWWWWWWWWW@@@TT@@@@@@@@TTTTTTTTTTTTTT@@TTTTTTTTTTTTTTTTTTTTTTTTTTTTTTTTWWWWWWWWWWWWWWWWWWWWWWWWWWWWWWWWTTTTTTTTTTTTTTTTTTTTTTTTTTTTTTTTTTTTTTTTTTTTTTTTTTTTTTTTTTTTTT@@@@@@@@@@TTTTTTTTTTTTTTTTTTTTTTTTWWWWWWWWWWWWWWWWWWWWWWWWWWWWWWWWWWWWWWWWWWWWWW........TTTTTTTTTTTTTTTTTTTTTTTTTTTTTTTTTTTTTTTTTTTTTTTTTTTTTTTTTTTTT@@@@@@@@@@@@@@@@@@@@@@@@@@@@@@@@@@@@@
@@@@@@@@@@@@@@@@@@@@@@@@@@@@@@@@@@@@@@@@@@@@@@@@@@@@@@TTTTTTTT.............TTTTTTTTTTTTTTTTTTTTTTTT........TTT........TTTTT...TTTTTTTTWWWWWWWWWWWWWWWWWWWWWWWWWWWWWWWWWWWWW@@@TT@@@@@@@@TTTTTTTTTTTTTT@@TTTTTTTTTTTTTTTTTTTTTTTTTTTTTTTTWWWWWWWWWWWWWWWWWWWWWWWWWWWWWWWWTTTTTTTTTTTTTTTTTTTTTTTTTTTTTTTTTTTTTTTTTTTTTTTTTTTTTTTTTTTTTT@@@@@@@@@@TTTTTTTTTTTTTTTTTTTTTTTTWWWWWWWWWWWWWWWWWWWWWWWWWWWWWWWWWWWWWWWWWWWWWW........TTTTTTTTTTTTTTTTTTTTTTTTTTTTTTTTTTTTTTTTTTTTTTTTTTTTTTTTTTTTT@@@@@@@@@@@@@@@@@@@@@@@@@@@@@@@@@@@@@
@@@@@@@@@@@@@@@@@@@@@@@@@@@@@@@@@@@@@@@@@@@@@@@@@@@@@@TTTTTTTT.............TTTTTTTTTTTTTTTTTTTTTTTT........TTT........TTTTT...TTTTTTTTWWWWWWWWWWWWWWWWWWWWWWWWWWWWWWWWWWWWW@@@TT@@@@@@@@TTTTTTTTTTTTTT@@TTTTTTTTTTTTTTTTTTTTTTTTTTTTTTTTWWWWWWWWWWWWWWWWWWWWWWWWWWWWWWWWTTTTTTTTTTTTTTTTTTTTTTTTTTTTTTTTTTTTTTTTTTTTTTTTTTTTTTTTTTTTTT@@@@@@@@@@TTTTTTTTTTTTTTTTTTTTTTTTWWWWWWWWWWWWWWWWWWWWWWWWWWWWWWWWWWWWWWWWWWWWWW........TTTTTTTTTTTTTTTTTTTTTTTTTTTTTTTTTTTTTTTTTTTTTTTTTTTTTTTTTTTTT@@@@@@@@@@@@@@@@@@@@@@@@@@@@@@@@@@@@@
@@@@@@@@@@@@@@@@@@@@@@@@@@@@@@@@@@@@@@@@@@@@@@@@@@@@@@TTTTTTTT.............TTTTTTTTTTTTTTTTTTTTTTTT........TTT........TTTTT...TTTTTTTTWWWWWWWWWWWWWWWWWWWWWWWWWWWWWWWWWWWWW@@@TT@@@@@@@@TTTTTTTTTTTTTT@@TTTTTTTTTTTTTTTTTTTTTTTTTTTTTTTTWWWWWWWWWWWWWWWWWWWWWWWWWWWWWWWWTTTTTTTTTTTTTTTTTTTTTTTTTTTTTTTTTTTTTTTTTTTTTTTTTTTTTTTTTTTTTT@@@@@@@@@@TTTTTTTTTTTTTTTTTTTTTTTTWWWWWWWWWWWWWWWWWWWWWWWWWWWWWWWWWWWWWWWWWWWWWW........TTTTTTTTTTTTTTTTTTTTTTTTTTTTTTTTTTTTTTTTTTTTTTTTTTTTTTTTTTTTT@@@@@@@@@@@@@@@@@@@@@@@@@@@@@@@@@@@@@
@@@@@@@@@@@@@@@@@@@@@@@@@@@@@@@@@@@@@@@@@@@@@@@@@@@TTTTTTTTTTTTTTTTTTTTTTTTTTTTTTTTTTTTTTTTTTTTTTTTTTTTTTTTTTTTTTTTTTTTTTTT.....TTTTTTWWWWWWWWWWWWWWWWWWWWWWWWWWWWWWWWWWWWWWWWTTTTTTTTTTTTTTTTTTTTTTTTTTTTTTTTTTTTTTTTTTTTTTTTTTTTTTTTTTTTTWWWWWWWWWWWWWWWWWWWWWWWWWWWWWWWWTTTTTTTTTTTTTTTTTTTTTTTTTTTTTTTTTTTTTTTTTTTTTTTTTTTTTTTTTTTTT@@@@@@TTTTTTTTTTTTTTTTTTTTTTTTTTTTTWWWWWWWWWWWWWWWWWWWWWWWWWWWWWWWWWWWWWWWWWWW.....TTTTTTTTTTTTTTTTTTTTTTTTTTTTTTTTTTTTTTTTTTTTTTTTTTTTTTTTTTTTTTTT@@@@@@@@@@@@@@@@@@@@@@@@@@@@@@@@@@@@@
@@@@@@@@@@@@@@@@@@@@@@@@@@@@@@@@@@@@@@@@@@@@@@@@@@@TTTTTTTTTTTTTTTTTTTTTTTTTTTTTTTTTTTTTTTTTTTTTTTTTTTTTTTTTTTTTTTTTTTTTTTT.....TTTTTTWWWWWWWWWWWWWWWWWWWWWWWWWWWWWWWWWWWWWWWWTTTTTTTTTTTTTTTTTTTTTTTTTTTTTTTTTTTTTTTTTTTTTTTTTTTTTTTTTTTTTWWWWWWWWWWWWWWWWWWWWWWWWWWWWWWWWTTTTTTTTTTTTTTTTTTTTTTTTTTTTTTTTTTTTTTTTTTTTTTTTTTTTTTTTTTTTT@@@@@@TTTTTTTTTTTTTTTTTTTTTTTTTTTTTWWWWWWWWWWWWWWWWWWWWWWWWWWWWWWWWWWWWWWWWWWW.....TTTTTTTTTTTTTTTTTTTTTTTTTTTTTTTTTTTTTTTTTTTTTTTTTTTTTTTTTTTTTTTT@@@@@@@@@@@@@@@@@@@@@@@@@@@@@@@@@@@@@
@@@@@@@@@@@@@@@@@@@@@@@@@@@@@@@@@@@@@@@@@@@@@@@@@@@TTTTTTTTTTTTTTTTTTTTTTTTTTTTTTTTTTTTTTTTTTTTTTTTTTTTTTTTTTTTTTTTTTTTTTTT.....TTTTTTWWWWWWWWWWWWWWWWWWWWWWWWWWWWWWWWWWWWWWWWTTTTTTTTTTTTTTTTTTTTTTTTTTTTTTTTTTTTTTTTTTTTTTTTTTTTTTTTTTTTTWWWWWWWWWWWWWWWWWWWWWWWWWWWWWWWWTTTTTTTTTTTTTTTTTTTTTTTTTTTTTTTTTTTTTTTTTTTTTTTTTTTTTTTTTTTTT@@@@@@TTTTTTTTTTTTTTTTTTTTTTTTTTTTTWWWWWWWWWWWWWWWWWWWWWWWWWWWWWWWWWWWWWWWWWWW.....TTTTTTTTTTTTTTTTTTTTTTTTTTTTTTTTTTTTTTTTTTTTTTTTTTTTTTTTTTTTTTTT@@@@@@@@@@@@@@@@@@@@@@@@@@@@@@@@@@@@@
@@@@@@@@@@@@@@@@@@@@@@@@@@@@@@@@@@@@@@@@@@@@@@@@@@@TTTTTTTTTTTTTTTTTTTTTTTTTTTTTTTTTTTTTTTTTTTTTTTTTTTTTTTTTTTTTTTTTTTTTTTT.....TTTTTTWWWWWWWWWWWWWWWWWWWWWWWWWWWWWWWWWWWWWWWWTTTTTTTTTTTTTTTTTTTTTTTTTTTTTTTTTTTTTTTTTTTTTTTTTTTTTTTTTTTTTWWWWWWWWWWWWWWWWWWWWWWWWWWWWWWWWTTTTTTTTTTTTTTTTTTTTTTTTTTTTTTTTTTTTTTTTTTTTTTTTTTTTTTTTTTTTT@@@@@@TTTTTTTTTTTTTTTTTTTTTTTTTTTTTWWWWWWWWWWWWWWWWWWWWWWWWWWWWWWWWWWWWWWWWWWW.....TTTTTTTTTTTTTTTTTTTTTTTTTTTTTTTTTTTTTTTTTTTTTTTTTTTTTTTTTTTTTTTT@@@@@@@@@@@@@@@@@@@@@@@@@@@@@@@@@@@@@
@@@@@@@@@@@@@@@@@@@@@@@@@@@@@@@@@@@@@@@@@@@@@@@@@@@TTTTTTTTTTTTTTTTTTTTTTTTTTTTTTTTTTTTTTTTTTTTTTTTTTTTTTTTTTTTTTTTTTTTTTTT.....TTTTTTWWWWWWWWWWWWWWWWWWWWWWWWWWWWWWWWWWWWWWWWTTTTTTTTTTTTTTTTTTTTTTTTTTTTTTTTTTTTTTTTTTTTTTTTTTTTTTTTTTTTTWWWWWWWWWWWWWWWWWWWWWWWWWWWWWWWWTTTTTTTTTTTTTTTTTTTTTTTTTTTTTTTTTTTTTTTTTTTTTTTTTTTTTTTTTTTTT@@@@@@TTTTTTTTTTTTTTTTTTTTTTTTTTTTTWWWWWWWWWWWWWWWWWWWWWWWWWWWWWWWWWWWWWWWWWWW.....TTTTTTTTTTTTTTTTTTTTTTTTTTTTTTTTTTTTTTTTTTTTTTTTTTTTTTTTTTTTTTTT@@@@@@@@@@@@@@@@@@@@@@@@@@@@@@@@@@@@@
@@@@@@@@@@@@@@@@@@@@@@@@@@@@@@@@@@@@@@@@@@@@@@@@TTTTTTTTTTTTTTTTTTTTTTTTTTTTTTTTTTTTTTTTTTTTTTTTTTTTTTTTTTTTTTTTTTTTTTTTTTTTTT.....TTTWWWWWWWWWWWWWWWWWWWWWWWWWWWWWWWWWWWWWWWWWWTTTTTTTTTTTTTTTTTTTTTTTTTTTTTTTTTTTTTTTTTTTTTTTTTTTTTTTTTTTTTTTTWWWWWWWWWWWWWWWWWWWWWWWWWWWWWWWWTTTTTTTTTTTTTTTTTTTTTTTTTTTTTTTTTTTTTTTTTTTTTTTTTTTTTTTTTTTTTTTTTTTTTTTTTTTTTTTTTTTTTTTTWWWWWWWWWWWWWWWWWWWWWWWWWWWWWWWW...WWWWWWWW...........TTTTTTTTTTTTTTTTTTTTTTTTTTTTTTTTTTTTTTTTTTTTTTTTTTTTTTTTTT@@@@@@@@@@@@@@@@@@@@@@@@@@@@@@@@@@@@@@@@
@@@@@@@@@@@@@@@@@@@@@@@@@@@@@@@@@@@@@@@@@@@@@@@@TTTTTTTTTTTTTTTTTTTTTTTTTTTTTTTTTTTTTTTTTTTTTTTTTTTTTTTTTTTTTTTTTTTTTTTTTTTTTT.....TTTWWWWWWWWWWWWWWWWWWWWWWWWWWWWWWWWWWWWWWWWWWTTTTTTTTTTTTTTTTTTTTTTTTTTTTTTTTTTTTTTTTTTTTTTTTTTTTTTTTTTTTTTTTWWWWWWWWWWWWWWWWWWWWWWWWWWWWWWWWTTTTTTTTTTTTTTTTTTTTTTTTTTTTTTTTTTTTTTTTTTTTTTTTTTTTTTTTTTTTTTTTTTTTTTTTTTTTTTTTTTTTTTTTWWWWWWWWWWWWWWWWWWWWWWWWWWWWWWWW...WWWWWWWW...........TTTTTTTTTTTTTTTTTTTTTTTTTTTTTTTTTTTTTTTTTTTTTTTTTTTTTTTTTT@@@@@@@@@@@@@@@@@@@@@@@@@@@@@@@@@@@@@@@@
@@@@@@@@@@@@@@@@@@@@@@@@@@@@@@@@@@@@@@@@@@@@@@@@TTTTTTTTTTTTTTTTTTTTTTTTTTTTTTTTTTTTTTTTTTTTTTTTTTTTTTTTTTTTTTTTTTTTTTTTTTTTTT.....TTTWWWWWWWWWWWWWWWWWWWWWWWWWWWWWWWWWWWWWWWWWWTTTTTTTTTTTTTTTTTTTTTTTTTTTTTTTTTTTTTTTTTTTTTTTTTTTTTTTTTTTTTTTTWWWWWWWWWWWWWWWWWWWWWWWWWWWWWWWWTTTTTTTTTTTTTTTTTTTTTTTTTTTTTTTTTTTTTTTTTTTTTTTTTTTTTTTTTTTTTTTTTTTTTTTTTTTTTTTTTTTTTTTTWWWWWWWWWWWWWWWWWWWWWWWWWWWWWWWW...WWWWWWWW...........TTTTTTTTTTTTTTTTTTTTTTTTTTTTTTTTTTTTTTTTTTTTTTTTTTTTTTTTTT@@@@@@@@@@@@@@@@@@@@@@@@@@@@@@@@@@@@@@@@
@@@@@@@@@@@@@@@@@@@@@@@@@@@@@@@@@@@@@@@@@@@@@@@@TTTTTTTTTTTTTTTTTTTTTTTTTTTTTTTTTTTTTTTTTTTTTTTTTTTTTTTTTTTTTTTTTTTTTTTTTTTTTT.....TTTWWWWWWWWWWWWWWWWWWWWWWWWWWWWWWWWWWWWWWWWWWTTTTTTTTTTTTTTTTTTTTTTTTTTTTTTTTTTTTTTTTTTTTTTTTTTTTTTTTTTTTTTTTWWWWWWWWWWWWWWWWWWWWWWWWWWWWWWWWTTTTTTTTTTTTTTTTTTTTTTTTTTTTTTTTTTTTTTTTTTTTTTTTTTTTTTTTTTTTTTTTTTTTTTTTTTTTTTTTTTTTTTTTWWWWWWWWWWWWWWWWWWWWWWWWWWWWWWWW...WWWWWWWW...........TTTTTTTTTTTTTTTTTTTTTTTTTTTTTTTTTTTTTTTTTTTTTTTTTTTTTTTTTT@@@@@@@@@@@@@@@@@@@@@@@@@@@@@@@@@@@@@@@@
@@@@@@@@@@@@@@@@@@@@@@@@@@@@@@@@@@@@@@@@@@@@@@@@TTTTTTTTTTTTTTTTTTTTTTTTTTTTTTTTTTTTTTTTTTTTTTTTTTTTTTTTTTTTTTTTTTTTTTTTTTTTTT.....TTTWWWWWWWWWWWWWWWWWWWWWWWWWWWWWWWWWWWWWWWWWWTTTTTTTTTTTTTTTTTTTTTTTTTTTTTTTTTTTTTTTTTTTTTTTTTTTTTTTTTTTTTTTTWWWWWWWWWWWWWWWWWWWWWWWWWWWWWWWWTTTTTTTTTTTTTTTTTTTTTTTTTTTTTTTTTTTTTTTTTTTTTTTTTTTTTTTTTTTTTTTTTTTTTTTTTTTTTTTTTTTTTTTTWWWWWWWWWWWWWWWWWWWWWWWWWWWWWWWW...WWWWWWWW...........TTTTTTTTTTTTTTTTTTTTTTTTTTTTTTTTTTTTTTTTTTTTTTTTTTTTTTTTTT@@@@@@@@@@@@@@@@@@@@@@@@@@@@@@@@@@@@@@@@
@@@@@@@@@@@@@@@@@@@@@@@@@@@@@@@@@@@@@@@@@@@@@@@@TTTTTTTTTTTTTTTTTTTTTTTTTTTTTTTTTTTTTTTTTTTTTTTTTTTTTTTTTTTTTTTTTTTTTTTTTTTTTT.....TTTWWWWWWWWWWWWWWWWWWWWWWWWWWWWWWWWWWWWWWWWWWTTTTTTTTTTTTTTTTTTTTTTTTTTTTTTTTTTTTTTTTTTTTTTTTTTTTTTTTTTTTTTTTWWWWWWWWWWWWWWWWWWWWWWWWWWWWWWWWTTTTTTTTTTTTTTTTTTTTTTTTTTTTTTTTTTTTTTTTTTTTTTTTTTTTTTTTTTTTTTTTTTTTTTTTTTTTTTTTTTTTTTTTWWWWWWWWWWWWWWWWWWWWWWWWWWWWWWWW...WWWWWWWW...........TTTTTTTTTTTTTTTTTTTTTTTTTTTTTTTTTTTTTTTTTTTTTTTTTTTTTTTTTT@@@@@@@@@@@@@@@@@@@@@@@@@@@@@@@@@@@@@@@@
@@@@@@@@@@@@@@@@@@@@@@@@@@@@@@@@@@@@@@@@@@@@@@@@TTTTTTTTTTTTTTTTTTTTTTTTTTTTTTTTTTTTTTTTTTTTTTTTTTTTTTTTTTTTTTTTTTTTTTTTTTTTTT.....TTTTTWWWWWWWWWWWWWWWWWWWWWWWWWWWWWWWWWWWWWWTTTTTTTTTTTTTTTTTTTTTTTTTTTTTTTTTTTTTTTTTTTTTTTTTTTTTTTTTTTTTTTTTTTTTWWWWWWWWWWWWWWWWWWWWWWWWWWWWWWWWTTTTTTTTTTTTTTTTTTTTTTTTTTTTTTTTTTTTTTTTTTTTTTTTTTTTTTTTTTTTTTTTTTTTTTTTTTTTTTTTTTTTTWWWWWWWWWWWWWWWWWWWWWWWWWWW...........................TTTTTTTTTTTTTTTTTTTTTTTTTTTTTTTTTTTTTTTTTTTTTTTTTTTTTTTTTTTTT@@@@@@@@@@@@@@@@@@@@@@@@@@@@@@@@@@@@@
@@@@@@@@@@@@@@@@@@@@@@@@@@@@@@@@@@@@@@@@@@@@@@@@TTTTTTTTTTTTTTTTTTTTTTTTTTTTTTTTTTTTTTTTTTTTTTTTTTTTTTTTTTTTTTTTTTTTTTTTTTTTTT.....TTTTTWWWWWWWWWWWWWWWWWWWWWWWWWWWWWWWWWWWWWWTTTTTTTTTTTTTTTTTTTTTTTTTTTTTTTTTTTTTTTTTTTTTTTTTTTTTTTTTTTTTTTTTTTTTWWWWWWWWWWWWWWWWWWWWWWWWWWWWWWWWTTTTTTTTTTTTTTTTTTTTTTTTTTTTTTTTTTTTTTTTTTTTTTTTTTTTTTTTTTTTTTTTTTTTTTTTTTTTTTTTTTTTTWWWWWWWWWWWWWWWWWWWWWWWWWWW...........................TTTTTTTTTTTTTTTTTTTTTTTTTTTTTTTTTTTTTTTTTTTTTTTTTTTTTTTTTTTTT@@@@@@@@@@@@@@@@@@@@@@@@@@@@@@@@@@@@@
@@@@@@@@@@@@@@@@@@@@@@@@@@@@@@@@@@@@@@@@@@@@@@@@TTTTTTTTTTTTTTTTTTTTTTTTTTTTTTTTTTTTTTTTTTTTTTTTTTTTTTTTTTTTTTTTTTTTTTTTTTTTTT.....TTTTTWWWWWWWWWWWWWWWWWWWWWWWWWWWWWWWWWWWWWWTTTTTTTTTTTTTTTTTTTTTTTTTTTTTTTTTTTTTTTTTTTTTTTTTTTTTTTTTTTTTTTTTTTTTWWWWWWWWWWWWWWWWWWWWWWWWWWWWWWWWTTTTTTTTTTTTTTTTTTTTTTTTTTTTTTTTTTTTTTTTTTTTTTTTTTTTTTTTTTTTTTTTTTTTTTTTTTTTTTTTTTTTTWWWWWWWWWWWWWWWWWWWWWWWWWWW...........................TTTTTTTTTTTTTTTTTTTTTTTTTTTTTTTTTTTTTTTTTTTTTTTTTTTTTTTTTTTTT@@@@@@@@@@@@@@@@@@@@@@@@@@@@@@@@@@@@@
@@@@@@@@@@@@@@@@@@@@@@@@@@@@@@@@@@@@@@@@@@@@@@@@TTTTTTTTTTTTTTTTTTTTTTTTTTTTTTTTTTTTTTTTTTTTTTTTTTTTTTTTTTTTTTTTTTTTTTTTTTTTTT.....TTTTTWWWWWWWWWWWWWWWWWWWWWWWWWWWWWWWWWWWWWWTTTTTTTTTTTTTTTTTTTTTTTTTTTTTTTTTTTTTTTTTTTTTTTTTTTTTTTTTTTTTTTTTTTTTWWWWWWWWWWWWWWWWWWWWWWWWWWWWWWWWTTTTTTTTTTTTTTTTTTTTTTTTTTTTTTTTTTTTTTTTTTTTTTTTTTTTTTTTTTTTTTTTTTTTTTTTTTTTTTTTTTTTTWWWWWWWWWWWWWWWWWWWWWWWWWWW...........................TTTTTTTTTTTTTTTTTTTTTTTTTTTTTTTTTTTTTTTTTTTTTTTTTTTTTTTTTTTTT@@@@@@@@@@@@@@@@@@@@@@@@@@@@@@@@@@@@@
@@@@@@@@@@@@@@@@@@@@@@@@@@@@@@@@@@@@@@@@@@@@@@@@TTTTTTTTTTTTTTTTTTTTTTTTTTTTTTTTTTTTTTTTTTTTTTTTTTTTTTTTTTTTTTTTTTTTTTTTTTTTTT.....TTTTTWWWWWWWWWWWWWWWWWWWWWWWWWWWWWWWWWWWWWWTTTTTTTTTTTTTTTTTTTTTTTTTTTTTTTTTTTTTTTTTTTTTTTTTTTTTTTTTTTTTTTTTTTTTWWWWWWWWWWWWWWWWWWWWWWWWWWWWWWWWTTTTTTTTTTTTTTTTTTTTTTTTTTTTTTTTTTTTTTTTTTTTTTTTTTTTTTTTTTTTTTTTTTTTTTTTTTTTTTTTTTTTTWWWWWWWWWWWWWWWWWWWWWWWWWWW...........@@...@@@..@@@@@@TTTTTTTTTTTTTTTTTTTTTTTTTTTTTTTTTTTTTTTTTTTTTTTTTTTTTTTTTTTTT@@@@@@@@@@@@@@@@@@@@@@@@@@@@@@@@@@@@@
@@@@@@@@@@@@@@@@@@@@@@@@@@@@@@@@@@@@@@@@@@@@@@@@TTTTTTTTTTTTTTTTTTTTTTTTTTTTTTTTTTTTTTTTTTTTTTTTTTTTTTTTTTTTTTTTTTTTTTTTTTTTTT........TTWWWWWWWWWWWWWWWWWWWWWWWWWWWWWWWWWWWWWWTTTTTTTTTTTTTTTTTTTTTTTTTTTTTTTTTTTTTTTTTTTTTTTTTTTTTTTTTTTTTTTTTTTTTWWWWWWWWWWWWWWWWWWWWWWWWWWWWWTTTTTTTTTTTTTTTTTTTTTTTTTTTTTTTTTTTTTTTTTTTTTTTTTTTTTTTTTTTTTTTTTTTTTTTTTTTTTTTTTTTTTTWWWWWWWWWWWWWWWWWWWWWWWWWW.............@.@..@..@.@........TTTTTTTTTTTTTTTTTTTTTTTTTTTTTTTTTTTTTTTTTTTTTTTTTTTTTTTTTTT@@@@@@@@@@@@@@@@@@@@@@@@@@@@@@@@@@@@@
@@@@@@@@@@@@@@@@@@@@@@@@@@@@@@@@@@@@@@@@@@@@@@@@TTTTTTTTTTTTTTTTTTTTTTTTTTTTTTTTTTTTTTTTTTTTTTTTTTTTTTTTTTTTTTTTTTTTTTTTTTTTTT........TTWWWWWWWWWWWWWWWWWWWWWWWWWWWWWWWWWWWWWWTTTTTTTTTTTTTTTTTTTTTTTTTTTTTTTTTTTTTTTTTTTTTTTTTTTTTTTTTTTTTTTTTTTTTWWWWWWWWWWWWWWWWWWWWWWWWWWWWWTTTTTTTTTTTTTTTTTTTTTTTTTTTTTTTTTTTTTTTTTTTTTTTTTTTTTTTTTTTTTTTTTTTTTTTTTTTTTTTTTTTTTTWWWWWWWWWWWWWWWWWWWWWWWWWW.............@.@..@..@.@........TTTTTTTTTTTTTTTTTTTTTTTTTTTTTTTTTTTTTTTTTTTTTTTTTTTTTTTTTTT@@@@@@@@@@@@@@@@@@@@@@@@@@@@@@@@@@@@@
@@@@@@@@@@@@@@@@@@@@@@@@@@@@@@@@@@@@@@@@@@@@@@@@TTTTTTTTTTTTTTTTTTTTTTTTTTTTTTTTTTTTTTTTTTTTTTTTTTTTTTTTTTTTTTTTTTTTTTTTTTTTTT........TTWWWWWWWWWWWWWWWWWWWWWWWWWWWWWWWWWWWWWWTTTTTTTTTTTTTTTTTTTTTTTTTTTTTTTTTTTTTTTTTTTTTTTTTTTTTTTTTTTTTTTTTTTTTWWWWWWWWWWWWWWWWWWWWWWWWWWWWWTTTTTTTTTTTTTTTTTTTTTTTTTTTTTTTTTTTTTTTTTTTTTTTTTTTTTTTTTTTTTTTTTTTTTTTTTTTTTTTTTTTTTTWWWWWWWWWWWWWWWWWWWWWWWWWW.............@.@..@..@.@........TTTTTTTTTTTTTTTTTTTTTTTTTTTTTTTTTTTTTTTTTTTTTTTTTTTTTTTTTTT@@@@@@@@@@@@@@@@@@@@@@@@@@@@@@@@@@@@@
@@@@@@@@@@@@@@@@@@@@@@@@@@@@@@@@@@@@@@@@@@@@@@@@TTTTTTTTTTTTTTTTTTTTTTTTTTTTTTTTTTTTTTTTTTTTTTTTTTTTTTTTTTTTTTTTTTTTTTTTTTTTTT........TTWWWWWWWWWWWWWWWWWWWWWWWWWWWWWWWWWWWWWWTTTTTTTTTTTTTTTTTTTTTTTTTTTTTTTTTTTTTTTTTTTTTTTTTTTTTTTTTTTTTTTTTTTTTWWWWWWWWWWWWWWWWWWWWWWWWWWWWWTTTTTTTTTTTTTTTTTTTTTTTTTTTTTTTTTTTTTTTTTTTTTTTTTTTTTTTTTTTTTTTTTTTTTTTTTTTTTTTTTTTTTTWWWWWWWWWWWWWWWWWWWWWWWWWW.............@.@..@..@.@........TTTTTTTTTTTTTTTTTTTTTTTTTTTTTTTTTTTTTTTTTTTTTTTTTTTTTTTTTTT@@@@@@@@@@@@@@@@@@@@@@@@@@@@@@@@@@@@@
@@@@@@@@@@@@@@@@@@@@@@@@@@@@@@@@@@@@@@@@@@@@@@@@TTTTTTTTTTTTTTTTTTTTTTTTTTTTTTTTTTTTTTTTTTTTTTTTTTTTTTTTTTTTTTTTTTTTTTTTTTTTTT........TTWWWWWWWWWWWWWWWWWWWWWWWWWWWWWWWWWWWWWWTTTTTTTTTTTTTTTTTTTTTTTTTTTTTTTTTTTTTTTTTTTTTTTTTTTTTTTTTTTTTTTTTTTTTWWWWWWWWWWWWWWWWWWWWWWWWWWWWWTTTTTTTTTTTTTTTTTTTTTTTTTTTTTTTTTTTTTTTTTTTTTTTTTTTTTTTTTTTTTTTTTTTTTTTTTTTTTTTTTTTTTTWWWWWWWWWWWWWWWWWWWWWWWWWW......@@@@@@@@.@@@@..@@@........TTTTTTTTTTTTTTTTTTTTTTTTTTTTTTTTTTTTTTTTTTTTTTTTTTTTTTTTTTT@@@@@@@@@@@@@@@@@@@@@@@@@@@@@@@@@@@@@
@@@@@@@@@@@@@@@@@@@@@@@@@@@@@@@@@@@@@@@@@@@@@@@@TTTTTTTTTTTTTTTTTTTTTTTTTTTTTTTTTTTTTTTTTTTTTTTTTTTTTTTTTTTTTTTTTTTTTTTT..............TTTTTWWWWWWWWWWWWWWWWWWWWWWWWWWWWWWWWTTTTTTTTTTTTTTTTTTTTTTTTTTTTTTTTTTTTTTTTTTTTTTTTTTTTTTTTTTTTTTTTTTTTTTTTTTTWWWWWWWWWWWWWWWWWWWWWWWWWWTTTTTTTTTTTTTTTTTTTTTTTTTTTTTTTTTTTTTTTTTTTTTTTTTTTTTTTTTTTTTTTTTTTTTTTTTTTTTTTTTTTWWWWWWWWWWWWWWWWWWWWWWWWWWWWW.....@.....................TTTTTTTTTTTTTTTTTTTTTTTTTTTTTTTTTTTTTTTTTTTTTTTTTTTTTTTTTTTTTTTT@@@@@@@@@@@@@@@@@@@@@@@@@@@@@@@@@@@@@
@@@@@@@@@@@@@@@@@@@@@@@@@@@@@@@@@@@@@@@@@@@@@@@@TTTTTTTTTTTTTTTTTTTTTTTTTTTTTTTTTTTTTTTTTTTTTTTTTTTTTTTTTTTTTTTTTTTTTTTT..............TTTTTWWWWWWWWWWWWWWWWWWWWWWWWWWWWWWWWTTTTTTTTTTTTTTTTTTTTTTTTTTTTTTTTTTTTTTTTTTTTTTTTTTTTTTTTTTTTTTTTTTTTTTTTTTTWWWWWWWWWWWWWWWWWWWWWWWWWWTTTTTTTTTTTTTTTTTTTTTTTTTTTTTTTTTTTTTTTTTTTTTTTTTTTTTTTTTTTTTTTTTTTTTTTTTTTTTTTTTTTWWWWWWWWWWWWWWWWWWWWWWWWWWWWW.....@.....................TTTTTTTTTTTTTTTTTTTTTTTTTTTTTTTTTTTTTTTTTTTTTTTTTTTTTTTTTTTTTTTT@@@@@@@@@@@@@@@@@@@@@@@@@@@@@@@@@@@@@
@@@@@@@@@@@@@@@@@@@@@@@@@@@@@@@@@@@@@@@@@@@@@@@@TTTTTTTTTTTTTTTTTTTTTTTTTTTTTTTTTTTTTTTTTTTTTTTTTTTTTTTTTTTTTTTTTTTTTTTT..............TTTTTWWWWWWWWWWWWWWWWWWWWWWWWWWWWWWWWTTTTTTTTTTTTTTTTTTTTTTTTTTTTTTTTTTTTTTTTTTTTTTTTTTTTTTTTTTTTTTTTTTTTTTTTTTTWWWWWWWWWWWWWWWWWWWWWWWWWWTTTTTTTTTTTTTTTTTTTTTTTTTTTTTTTTTTTTTTTTTTTTTTTTTTTTTTTTTTTTTTTTTTTTTTTTTTTTTTTTTTTWWWWWWWWWWWWWWWWWWWWWWWWWWWWW.....@.....................TTTTTTTTTTTTTTTTTTTTTTTTTTTTTTTTTTTTTTTTTTTTTTTTTTTTTTTTTTTTTTTT@@@@@@@@@@@@@@@@@@@@@@@@@@@@@@@@@@@@@
@@@@@@@@@@@@@@@@@@@@@@@@@@@@@@@@@@@@@@@@@@@@@@@@TTTTTTTTTTTTTTTTTTTTTTTTTTTTTTTTTTTTTTTTTTTTTTTTTTTTTTTTTTTTTTTTTTTTTTTT..............TTTTTWWWWWWWWWWWWWWWWWWWWWWWWWWWWWWWWTTTTTTTTTTTTTTTTTTTTTTTTTTTTTTTTTTTTTTTTTTTTTTTTTTTTTTTTTTTTTTTTTTTTTTTTTTTWWWWWWWWWWWWWWWWWWWWWWWWWWTTTTTTTTTTTTTTTTTTTTTTTTTTTTTTTTTTTTTTTTTTTTTTTTTTTTTTTTTTTTTTTTTTTTTTTTTTTTTTTTTTTWWWWWWWWWWWWWWWWWWWWWWWWWWWWW.....@.....................TTTTTTTTTTTTTTTTTTTTTTTTTTTTTTTTTTTTTTTTTTTTTTTTTTTTTTTTTTTTTTTT@@@@@@@@@@@@@@@@@@@@@@@@@@@@@@@@@@@@@
@@@@@@@@@@@@@@@@@@@@@@@@@@@@@@@@@@@@@@@@@@@@@@@@TTTTTTTTTTTTTTTTTTTTTTTTTTTTTTTTTTTTTTTTTTTTTTTTTTTTTTTTTTTTTTTTTTTTTTTT..............TTTTTWWWWWWWWWWWWWWWWWWWWWWWWWWWWWWWWTTTTTTTTTTTTTTTTTTTTTTTTTTTTTTTTTTTTTTTTTTTTTTTTTTTTTTTTTTTTTTTTTTTTTTTTTTTWWWWWWWWWWWWWWWWWWWWWWWWWWTTTTTTTTTTTTTTTTTTTTTTTTTTTTTTTTTTTTTTTTTTTTTTTTTTTTTTTTTTTTTTTTTTTTTTTTTTTTTTTTTTTWWWWWWWWWWWWWWWWWWWWWWWWWWWWW.....@.....................TTTTTTTTTTTTTTTTTTTTTTTTTTTTTTTTTTTTTTTTTTTTTTTTTTTTTTTTTTTTTTTT@@@@@@@@@@@@@@@@@@@@@@@@@@@@@@@@@@@@@
@@@@@@@@@@@@@@@@@@@@@@@@@@@@@@@@@@@@@@@@@@@@@@@@TTTTTTTTTTTTTTTTTTTTTTTTTTTTTTTTTTTTTTTTTTTTTTTTTTTTTTTTTTTTTTTTTTTTTTTT..............TTTTTWWWWWWWWWWWWWWWWWWWWWWWWWWWWWWWWTTTTTTTTTTTTTTTTTTTTTTTTTTTTTTTTTTTTTTTTTTTTTTTTTTTTTTTTTTTTTTTTTTTTTTTTTTTWWWWWWWWWWWWWWWWWWWWWWWWWWTTTTTTTTTTTTTTTTTTTTTTTTTTTTTTTTTTTTTTTTTTTTTTTTTTTTTTTTTTTTTTTTTTTTTTTTTTTTTTTTTTTWWWWWWWWWWWWWWWWWWWWWWWWWWWWW...@@@.....................TTTTTTTTTTTTTTTTTTTTTTTTTTTTTTTTTTTTTTTTTTTTTTTTTTTTTTTTTTTTTTTT@@@@@@@@@@@@@@@@@@@@@@@@@@@@@@@@@@@@@
@@@@@@@@@@@@@@@@@@@@@@@@@@@@@@@@@@@@@@@@@@@@@@@@TTTTTTTTTTTTTTTTTTTTTTTTTTTTTTTTTTTTTTTTTTTTTTTTTTTTTTTTTTTTTTTTTTTTTTTT..............TTWWWWWWWWWWWWWWWWWWWWWWWWWWWWWWTTTTTTTTTTTTTTTTTTTTTTTTTTTTTTTTTTTTTTTTTTTTTTTTTTTTTTTTTTTTTTTTTTTTTTTTTTTTTWWWWWWWWWWWWWWWWWWWWWWWWWWWTTTTTTTTTTTTTTTTTTTTTTTTTTTTTTTTTTTTTTTTTTTTTTTTTTTTTTTTTTTTTTTTTTTTTTTTTTTTTTTTTTWWWWWWWWWWWWWWWWWWWWWWWWWWWWWW....@.............................TTT........TTTTT......TTTTTTTTTTTTTTTTTTTTTTTTTTTTTTTTTTTTT@@@@@@@@@@@@@@@@@@@@@@@@@@@@@@@@@@@@@
@@@@@@@@@@@@@@@@@@@@@@@@@@@@@@@@@@@@@@@@@@@@@@@@TTTTTTTTTTTTTTTTTTTTTTTTTTTTTTTTTTTTTTTTTTTTTTTTTTTTTTTTTTTTTTTTTTTTTTTT..............TTWWWWWWWWWWWWWWWWWWWWWWWWWWWWWWTTTTTTTTTTTTTTTTTTTTTTTTTTTTTTTTTTTTTTTTTTTTTTTTTTTTTTTTTTTTTTTTTTTTTTTTTTTTTWWWWWWWWWWWWWWWWWWWWWWWWWWWTTTTTTTTTTTTTTTTTTTTTTTTTTTTTTTTTTTTTTTTTTTTTTTTTTTTTTTTTTTTTTTTTTTTTTTTTTTTTTTTTTWWWWWWWWWWWWWWWWWWWWWWWWWWWWWW....@.............................TTT........TTTTT......TTTTTTTTTTTTTTTTTTTTTTTTTTTTTTTTTTTTT@@@@@@@@@@@@@@@@@@@@@@@@@@@@@@@@@@@@@
@@@@@@@@@@@@@@@@@@@@@@@@@@@@@@@@@@@@@@@@@@@@@@@@TTTTTTTTTTTTTTTTTTTTTTTTTTTTTTTTTTTTTTTTTTTTTTTTTTTTTTTTTTTTTTTTTTTTTTTT..............TTWWWWWWWWWWWWWWWWWWWWWWWWWWWWWWTTTTTTTTTTTTTTTTTTTTTTTTTTTTTTTTTTTTTTTTTTTTTTTTTTTTTTTTTTTTTTTTTTTTTTTTTTTTTWWWWWWWWWWWWWWWWWWWWWWWWWWWTTTTTTTTTTTTTTTTTTTTTTTTTTTTTTTTTTTTTTTTTTTTTTTTTTTTTTTTTTTTTTTTTTTTTTTTTTTTTTTTTTWWWWWWWWWWWWWWWWWWWWWWWWWWWWWW....@.............................TTT........TTTTT......TTTTTTTTTTTTTTTTTTTTTTTTTTTTTTTTTTTTT@@@@@@@@@@@@@@@@@@@@@@@@@@@@@@@@@@@@@
@@@@@@@@@@@@@@@@@@@@@@@@@@@@@@@@@@@@@@@@@@@@@@@@TTTTTTTTTTTTTTTTTTTTTTTTTTTTTTTTTTTTTTTTTTTTTTTTTTTTTTTTTTTTTTTTTTTTTTTT..............TTWWWWWWWWWWWWWWWWWWWWWWWWWWWWWWTTTTTTTTTTTTTTTTTTTTTTTTTTTTTTTTTTTTTTTTTTTTTTTTTTTTTTTTTTTTTTTTTTTTTTTTTTTTTWWWWWWWWWWWWWWWWWWWWWWWWWWWTTTTTTTTTTTTTTTTTTTTTTTTTTTTTTTTTTTTTTTTTTTTTTTTTTTTTTTTTTTTTTTTTTTTTTTTTTTTTTTTTTWWWWWWWWWWWWWWWWWWWWWWWWWWWWWW....@.............................TTT........TTTTT......TTTTTTTTTTTTTTTTTTTTTTTTTTTTTTTTTTTTT@@@@@@@@@@@@@@@@@@@@@@@@@@@@@@@@@@@@@
@@@@@@@@@@@@@@@@@@@@@@@@@@@@@@@@@@@@@@@@@@@@@@@@TTTTTTTTTTTTTTTTTTTTTTTTTTTTTTTTTTTTTTTTTTTTTTTTTTTTTTTTTTTTTTTTTTTTTTTT..............TTWWWWWWWWWWWWWWWWWWWWWWWWWWWWWWTTTTTTTTTTTTTTTTTTTTTTTTTTTTTTTTTTTTTTTTTTTTTTTTTTTTTTTTTTTTTTTTTTTTTTTTTTTTTWWWWWWWWWWWWWWWWWWWWWWWWWWWTTTTTTTTTTTTTTTTTTTTTTTTTTTTTTTTTTTTTTTTTTTTTTTTTTTTTTTTTTTTTTTTTTTTTTTTTTTTTTTTTTWWWWWWWWWWWWWWWWWWWWWWWWWWWWWW....@@@@..........................TTT........TTTTT......TTTTTTTTTTTTTTTTTTTTTTTTTTTTTTTTTTTTT@@@@@@@@@@@@@@@@@@@@@@@@@@@@@@@@@@@@@
@@@@@@@@@@@@@@@@@@@@@@@@@@@@@@@@@@@@@@@@@@@@@@@@TTTTTTTTTTTTTTTTTTTTTTTTTTTTTTTTTTTTTTTT..............TTTTTTTTTTTTT................TTTTTWWWWWWWWWWWWWWWWWWWWWWWWWWWWWWWWTTTTTTTTTTTTTTTTTTTTTTTTTTTTTTTTTTTTTTTTTTTTTTTTTTTTTTTTTTTTTTTTTTTTTTTTTTTWWWWWWWWWWWWWWWWWWWWWWWWWWWWWTTTTTTTTTTTTTTTTTTTTTTTTTTTTTTTTTTTTTTTTTTTTTTTTTTTTTTTTTTTTTTTTTTTTTTTTTTTTTTWWWWWWWWWWWWWWWWWWWWWWWWWWWWWWWWWW.....@........................................................TTTTTTTTTTTTTTTTTTTTTTTTTTTTT@@@@@@@@@@@@@@@@@@@@@@@@@@@@@@@@@@@@@
@@@@@@@@@@@@@@@@@@@@@@@@@@@@@@@@@@@@@@@@@@@@@@@@TTTTTTTTTTTTTTTTTTTTTTTTTTTTTTTTTTTTTTTT..............TTTTTTTTTTTTT................TTTTTWWWWWWWWWWWWWWWWWWWWWWWWWWWWWWWWTTTTTTTTTTTTTTTTTTTTTTTTTTTTTTTTTTTTTTTTTTTTTTTTTTTTTTTTTTTTTTTTTTTTTTTTTTTWWWWWWWWWWWWWWWWWWWWWWWWWWWWWTTTTTTTTTTTTTTTTTTTTTTTTTTTTTTTTTTTTTTTTTTTTTTTTTTTTTTTTTTTTTTTTTTTTTTTTTTTTTTWWWWWWWWWWWWWWWWWWWWWWWWWWWWWWWWWW.....@........................................................TTTTTTTTTTTTTTTTTTTTTTTTTTTTT@@@@@@@@@@@@@@@@@@@@@@@@@@@@@@@@@@@@@
@@@@@@@@@@@@@@@@@@@@@@@@@@@@@@@@@@@@@@@@@@@@@@@@TTTTTTTTTTTTTTTTTTTTTTTTTTTTTTTTTTTTTTTT..............TTTTTTTTTTTTT................TTTTTWWWWWWWWWWWWWWWWWWWWWWWWWWWWWWWWTTTTTTTTTTTTTTTTTTTTTTTTTTTTTTTTTTTTTTTTTTTTTTTTTTTTTTTTTTTTTTTTTTTTTTTTTTTWWWWWWWWWWWWWWWWWWWWWWWWWWWWWTTTTTTTTTTTTTTTTTTTTTTTTTTTTTTTTTTTTTTTTTTTTTTTTTTTTTTTTTTTTTTTTTTTTTTTTTTTTTTWWWWWWWWWWWWWWWWWWWWWWWWWWWWWWWWWW.....@........................................................TTTTTTTTTTTTTTTTTTTTTTTTTTTTT@@@@@@@@@@@@@@@@@@@@@@@@@@@@@@@@@@@@@
@@@@@@@@@@@@@@@@@@@@@@@@@@@@@@@@@@@@@@@@@@@@@@@@TTTTTTTTTTTTTTTTTTTTTTTTTTTTTTTTTTTTTTTT..............TTTTTTTTTTTTT................TTTTTWWWWWWWWWWWWWWWWWWWWWWWWWWWWWWWWTTTTTTTTTTTTTTTTTTTTTTTTTTTTTTTTTTTTTTTTTTTTTTTTTTTTTTTTTTTTTTTTTTTTTTTTTTTWWWWWWWWWWWWWWWWWWWWWWWWWWWWWTTTTTTTTTTTTTTTTTTTTTTTTTTTTTTTTTTTTTTTTTTTTTTTTTTTTTTTTTTTTTTTTTTTTTTTTTTTTTTWWWWWWWWWWWWWWWWWWWWWWWWWWWWWWWWWW.....@........................................................TTTTTTTTTTTTTTTTTTTTTTTTTTTTT@@@@@@@@@@@@@@@@@@@@@@@@@@@@@@@@@@@@@
@@@@@@@@@@@@@@@@@@@@@@@@@@@@@@@@@@@@@@@@@@@@@@@@TTTTTTTTTTTTTTTTTTTTTTTTTTTTTTTTTTTTTTTT..............TTTTTTTTTTTTT................TTTTTWWWWWWWWWWWWWWWWWWWWWWWWWWWWWWWWTTTTTTTTTTTTTTTTTTTTTTTTTTTTTTTTTTTTTTTTTTTTTTTTTTTTTTTTTTTTTTTTTTTTTTTTTTTWWWWWWWWWWWWWWWWWWWWWWWWWWWWWTTTTTTTTTTTTTTTTTTTTTTTTTTTTTTTTTTTTTTTTTTTTTTTTTTTTTTTTTTTTTTTTTTTTTTTTTTTTTTWWWWWWWWWWWWWWWWWWWWWWWWWWWWWWWWWW...@@@........................................................TTTTTTTTTTTTTTTTTTTTTTTTTTTTT@@@@@@@@@@@@@@@@@@@@@@@@@@@@@@@@@@@@@
@@@@@@@@@@@@@@@@@@@@@@@@@@@@@@@@@@@@@@@@@@@@@@@@TTTTTTTTTTTTTTTTTTTTTTTTTTTTTTTTTTT.....................TTTTTTTTTTTTTT.............TTTWWWWWWWWWWWWWWWWWWWWWWWWWWWWWWWWWWTTTTTTTTTTTTTTTTTTTTTTTTTTTTTTTTTTTTTTTTTTTTTTTTTTTTTTTTTTTTTTTTTTTTTTTTWWWWWWWWWWWWWWWWWWWWWWWWWWWWWWWWTTTTTTTTTTTTTTTTTTTTTTTTTTTTTTTTTTTTTTTTTTTTTTTTTTTTTTTTTTTTTTTTTTTTTTTTTTTTTTWWWWWWWWWWWWWWWWWWWWWWWWWWWWWWWWWW..@...........................................................TTTTTTTTTTTTTTTTTTTTTTTTTTTTT@@@@@@@@@@@@@@@@@@@@@@@@@@@@@@@@@@@@@
@@@@@@@@@@@@@@@@@@@@@@@@@@@@@@@@@@@@@@@@@@@@@@@@TTTTTTTTTTTTTTTTTTTTTTTTTTTTTTTTTTT.....................TTTTTTTTTTTTTT.............TTTWWWWWWWWWWWWWWWWWWWWWWWWWWWWWWWWWWTTTTTTTTTTTTTTTTTTTTTTTTTTTTTTTTTTTTTTTTTTTTTTTTTTTTTTTTTTTTTTTTTTTTTTTTWWWWWWWWWWWWWWWWWWWWWWWWWWWWWWWWTTTTTTTTTTTTTTTTTTTTTTTTTTTTTTTTTTTTTTTTTTTTTTTTTTTTTTTTTTTTTTTTTTTTTTTTTTTTTTWWWWWWWWWWWWWWWWWWWWWWWWWWWWWWWWWW..@...........................................................TTTTTTTTTTTTTTTTTTTTTTTTTTTTT@@@@@@@@@@@@@@@@@@@@@@@@@@@@@@@@@@@@@
@@@@@@@@@@@@@@@@@@@@@@@@@@@@@@@@@@@@@@@@@@@@@@@@TTTTTTTTTTTTTTTTTTTTTTTTTTTTTTTTTTT.....................TTTTTTTTTTTTTT.............TTTWWWWWWWWWWWWWWWWWWWWWWWWWWWWWWWWWWTTTTTTTTTTTTTTTTTTTTTTTTTTTTTTTTTTTTTTTTTTTTTTTTTTTTTTTTTTTTTTTTTTTTTTTTWWWWWWWWWWWWWWWWWWWWWWWWWWWWWWWWTTTTTTTTTTTTTTTTTTTTTTTTTTTTTTTTTTTTTTTTTTTTTTTTTTTTTTTTTTTTTTTTTTTTTTTTTTTTTTWWWWWWWWWWWWWWWWWWWWWWWWWWWWWWWWWW..@...........................................................TTTTTTTTTTTTTTTTTTTTTTTTTTTTT@@@@@@@@@@@@@@@@@@@@@@@@@@@@@@@@@@@@@
@@@@@@@@@@@@@@@@@@@@@@@@@@@@@@@@@@@@@@@@@@@@@@@@TTTTTTTTTTTTTTTTTTTTTTTTTTTTTTTTTTT.....................TTTTTTTTTTTTTT.............TTTWWWWWWWWWWWWWWWWWWWWWWWWWWWWWWWWWWTTTTTTTTTTTTTTTTTTTTTTTTTTTTTTTTTTTTTTTTTTTTTTTTTTTTTTTTTTTTTTTTTTTTTTTTWWWWWWWWWWWWWWWWWWWWWWWWWWWWWWWWTTTTTTTTTTTTTTTTTTTTTTTTTTTTTTTTTTTTTTTTTTTTTTTTTTTTTTTTTTTTTTTTTTTTTTTTTTTTTTWWWWWWWWWWWWWWWWWWWWWWWWWWWWWWWWWW..@...........................................................TTTTTTTTTTTTTTTTTTTTTTTTTTTTT@@@@@@@@@@@@@@@@@@@@@@@@@@@@@@@@@@@@@
@@@@@@@@@@@@@@@@@@@@@@@@@@@@@@@@@@@@@@@@@@@@@@@@TTTTTTTTTTTTTTTTTTTTTTTTTTTTTTTTTTT.....................TTTTTTTTTTTTTT.............TTTWWWWWWWWWWWWWWWWWWWWWWWWWWWWWWWWWWTTTTTTTTTTTTTTTTTTTTTTTTTTTTTTTTTTTTTTTTTTTTTTTTTTTTTTTTTTTTTTTTTTTTTTTTWWWWWWWWWWWWWWWWWWWWWWWWWWWWWWWWTTTTTTTTTTTTTTTTTTTTTTTTTTTTTTTTTTTTTTTTTTTTTTTTTTTTTTTTTTTTTTTTTTTTTTTTTTTTTTWWWWWWWWWWWWWWWWWWWWWWWWWWWWWWWWWW..@...........................................................TTTTTTTTTTTTTTTTTTTTTTTTTTTTT@@@@@@@@@@@@@@@@@@@@@@@@@@@@@@@@@@@@@
@@@@@@@@@@@@@@@@@@@@@@@@@@@@@@@@@@@@@@@@@@@@@@@@TTTTTTTTTTTTTTTTTTTTTTTTTTTTTTTTTTT.....................TTTTTTTTTTTTTT.............TTTWWWWWWWWWWWWWWWWWWWWWWWWWWWWWWWWWWTTTTTTTTTTTTTTTTTTTTTTTTTTTTTTTTTTTTTTTTTTTTTTTTTTTTTTTTTTTTTTTTTTTTTTTTWWWWWWWWWWWWWWWWWWWWWWWWWWWWWWWWTTTTTTTTTTTTTTTTTTTTTTTTTTTTTTTTTTTTTTTTTTTTTTTTTTTTTTTTTTTTTTTTTTTTTTTTTTTTTTWWWWWWWWWWWWWWWWWWWWWWWWWWWWWWWWWW..@...........................................................TTTTTTTTTTTTTTTTTTTTTTTTTTTTT@@@@@@@@@@@@@@@@@@@@@@@@@@@@@@@@@@@@@
@@@@@@@@@@@@@@@@@@@@@@@@@@@@@@@@@@@@@@@@@@@@@@@@TTTTTTTTTTTTTTTTTTTTTTTT..............................TTTTTTTT..................TTTTTTWWWWWWWWWWWWWWWWWWWWWWWWWWWWWWWWTTTTTTTTTTTTTTTTTTTTTTTTTTTTTTTTTTTTTTTTTTTTTTTTTTTTTTTTTTTTTTTTTTTTT@@@@@@@@WWWWWWWWWWWWWWWWWWWWWWWWWWWTTTTTTTTTTTTTTTTTTTTTTTTTTTTTTTTTTTTTTTTTTTTTTTTTTTTTTTTTTTTTTTTTTTTTTTTTTTTTTTTTTWWWWWWWWWWWWWWWWWWWWWWWWWWWWWWWW..@.............................................................TTTTTTTTTTTTTTTTTTTTTTTTTTT@@@@@@@@@@@@@@@@@@@@@@@@@@@@@@@@@@@@@
@@@@@@@@@@@@@@@@@@@@@@@@@@@@@@@@@@@@@@@@@@@@@@@@TTTTTTTTTTTTTTTTTTTTTTTT..............................TTTTTTTT..................TTTTTTWWWWWWWWWWWWWWWWWWWWWWWWWWWWWWWWTTTTTTTTTTTTTTTTTTTTTTTTTTTTTTTTTTTTTTTTTTTTTTTTTTTTTTTTTTTTTTTTTTTTT@@@@@@@@WWWWWWWWWWWWWWWWWWWWWWWWWWWTTTTTTTTTTTTTTTTTTTTTTTTTTTTTTTTTTTTTTTTTTTTTTTTTTTTTTTTTTTTTTTTTTTTTTTTTTTTTTTTTTWWWWWWWWWWWWWWWWWWWWWWWWWWWWWWWW..@.............................................................TTTTTTTTTTTTTTTTTTTTTTTTTTT@@@@@@@@@@@@@@@@@@@@@@@@@@@@@@@@@@@@@
@@@@@@@@@@@@@@@@@@@@@@@@@@@@@@@@@@@@@@@@@@@@@@@@TTTTTTTTTTTTTTTTTTTTTTTT..............................TTTTTTTT..................TTTTTTWWWWWWWWWWWWWWWWWWWWWWWWWWWWWWWWTTTTTTTTTTTTTTTTTTTTTTTTTTTTTTTTTTTTTTTTTTTTTTTTTTTTTTTTTTTTTTTTTTTTT@@@@@@@@WWWWWWWWWWWWWWWWWWWWWWWWWWWTTTTTTTTTTTTTTTTTTTTTTTTTTTTTTTTTTTTTTTTTTTTTTTTTTTTTTTTTTTTTTTTTTTTTTTTTTTTTTTTTTWWWWWWWWWWWWWWWWWWWWWWWWWWWWWWWW..@.............................................................TTTTTTTTTTTTTTTTTTTTTTTTTTT@@@@@@@@@@@@@@@@@@@@@@@@@@@@@@@@@@@@@
@@@@@@@@@@@@@@@@@@@@@@@@@@@@@@@@@@@@@@@@@@@@@@@@TTTTTTTTTTTTTTTTTTTTTTTT..............................TTTTTTTT..................TTTTTTWWWWWWWWWWWWWWWWWWWWWWWWWWWWWWWWTTTTTTTTTTTTTTTTTTTTTTTTTTTTTTTTTTTTTTTTTTTTTTTTTTTTTTTTTTTTTTTTTTTTT@@@@@@@@WWWWWWWWWWWWWWWWWWWWWWWWWWWTTTTTTTTTTTTTTTTTTTTTTTTTTTTTTTTTTTTTTTTTTTTTTTTTTTTTTTTTTTTTTTTTTTTTTTTTTTTTTTTTTWWWWWWWWWWWWWWWWWWWWWWWWWWWWWWWW..@.............................................................TTTTTTTTTTTTTTTTTTTTTTTTTTT@@@@@@@@@@@@@@@@@@@@@@@@@@@@@@@@@@@@@
@@@@@@@@@@@@@@@@@@@@@@@@@@@@@@@@@@@@@@@@@@@@@@@@TTTTTTTTTTTTTTTTTTTTTTTT..............................TTTTTTTT..................TTTTTTWWWWWWWWWWWWWWWWWWWWWWWWWWWWWWWWTTTTTTTTTTTTTTTTTTTTTTTTTTTTTTTTTTTTTTTTTTTTTTTTTTTTTTTTTTTTTTTTTTTTT@@@@@@@@WWWWWWWWWWWWWWWWWWWWWWWWWWWTTTTTTTTTTTTTTTTTTTTTTTTTTTTTTTTTTTTTTTTTTTTTTTTTTTTTTTTTTTTTTTTTTTTTTTTTTTTTTTTTTWWWWWWWWWWWWWWWWWWWWWWWWWWWWWWWW..@@@@..........................................................TTTTTTTTTTTTTTTTTTTTTTTTTTT@@@@@@@@@@@@@@@@@@@@@@@@@@@@@@@@@@@@@
@@@@@@@@@@@@@@@@@@@@@@@@@@@@@@@@@@@@@@@@@@@@@@@@@@@TTTTTTTTTTTTTTTTTTTTT...................................TTT................TTTTTTTTWWWWWWWWWWWWWWWWWWWWWWWWWWWWWWWWWWTTTTTTTTTTTTTTTTTTTTTTTTTTTTTTTTTTTTTTTTTTTTTTTTTTTTTTTTTTTTTT@@@@@@@@@@@@@@@@WWWWWWWWWWWWWWWWWWWWWWWWTTTTTTTTTTTTTTTTTTTTTTTTWWTTTTTTTTTTTTTTTTTTTTTTTTTTTTTTTTTTTTTTTTTTTTTTTTTTTTTTTTTTTWWWWWWWWWWWWWWWWWWWWWWWWWWWWW.....@........................................................................TTTTTTTTTTTTT@@@@@@@@@@@@@@@@@@@@@@@@@@@@@@@@@@@@@
@@@@@@@@@@@@@@@@@@@@@@@@@@@@@@@@@@@@@@@@@@@@@@@@@@@TTTTTTTTTTTTTTTTTTTTT...................................TTT................TTTTTTTTWWWWWWWWWWWWWWWWWWWWWWWWWWWWWWWWWWTTTTTTTTTTTTTTTTTTTTTTTTTTTTTTTTTTTTTTTTTTTTTTTTTTTTTTTTTTTTTT@@@@@@@@@@@@@@@@WWWWWWWWWWWWWWWWWWWWWWWWTTTTTTTTTTTTTTTTTTTTTTTTWWTTTTTTTTTTTTTTTTTTTTTTTTTTTTTTTTTTTTTTTTTTTTTTTTTTTTTTTTTTTWWWWWWWWWWWWWWWWWWWWWWWWWWWWW.....@........................................................................TTTTTTTTTTTTT@@@@@@@@@@@@@@@@@@@@@@@@@@@@@@@@@@@@@
@@@@@@@@@@@@@@@@@@@@@@@@@@@@@@@@@@@@@@@@@@@@@@@@@@@TTTTTTTTTTTTTTTTTTTTT...................................TTT................TTTTTTTTWWWWWWWWWWWWWWWWWWWWWWWWWWWWWWWWWWTTTTTTTTTTTTTTTTTTTTTTTTTTTTTTTTTTTTTTTTTTTTTTTTTTTTTTTTTTTTTT@@@@@@@@@@@@@@@@WWWWWWWWWWWWWWWWWWWWWWWWTTTTTTTTTTTTTTTTTTTTTTTTWWTTTTTTTTTTTTTTTTTTTTTTTTTTTTTTTTTTTTTTTTTTTTTTTTTTTTTTTTTTTWWWWWWWWWWWWWWWWWWWWWWWWWWWWW.....@........................................................................TTTTTTTTTTTTT@@@@@@@@@@@@@@@@@@@@@@@@@@@@@@@@@@@@@
@@@@@@@@@@@@@@@@@@@@@@@@@@@@@@@@@@@@@@@@@@@@@@@@@@@TTTTTTTTTTTTTTTTTTTTT...................................TTT................TTTTTTTTWWWWWWWWWWWWWWWWWWWWWWWWWWWWWWWWWWTTTTTTTTTTTTTTTTTTTTTTTTTTTTTTTTTTTTTTTTTTTTTTTTTTTTTTTTTTTTTT@@@@@@@@@@@@@@@@WWWWWWWWWWWWWWWWWWWWWWWWTTTTTTTTTTTTTTTTTTTTTTTTWWTTTTTTTTTTTTTTTTTTTTTTTTTTTTTTTTTTTTTTTTTTTTTTTTTTTTTTTTTTTWWWWWWWWWWWWWWWWWWWWWWWWWWWWW.....@........................................................................TTTTTTTTTTTTT@@@@@@@@@@@@@@@@@@@@@@@@@@@@@@@@@@@@@
@@@@@@@@@@@@@@@@@@@@@@@@@@@@@@@@@@@@@@@@@@@@@@@@@@@TTTTTTTTTTTTTTTTTTTTT...................................TTT................TTTTTTTTWWWWWWWWWWWWWWWWWWWWWWWWWWWWWWWWWWTTTTTTTTTTTTTTTTTTTTTTTTTTTTTTTTTTTTTTTTTTTTTTTTTTTTTTTTTTTTTT@@@@@@@@@@@@@@@@WWWWWWWWWWWWWWWWWWWWWWWWTTTTTTTTTTTTTTTTTTTTTTTTWWTTTTTTTTTTTTTTTTTTTTTTTTTTTTTTTTTTTTTTTTTTTTTTTTTTTTTTTTTTTWWWWWWWWWWWWWWWWWWWWWWWWWWWWW.....@........................................................................TTTTTTTTTTTTT@@@@@@@@@@@@@@@@@@@@@@@@@@@@@@@@@@@@@
@@@@@@@@@@@@@@@@@@@@@@@@@@@@@@@@@@@@@@@@@@@@@@@@TTTTTTTTTTTTTTTTTTT...........................................................TTTTTWWWWWWWWWWWWWWWWWWWWWWWWWWWWWWWWWWWWWTTTTTTTTTTTTTTTTTTTTTTTTTTTTTTTTTTTTTTTTTTTTTTTTTTTTTTTTTTT@@@@@@@@@@@@@@@@WWWWWWWWWWWWWWWWWWWWWWWWWWWTTTTTTTTTTTTTTTTTTWWWWWWWWWWW@@@@@@@@TTTTTTTTTTTTTTTTTTTTTTTTTTTTTTTTTTTTTTTTTTTTTTTTTTTWWWWWWWWWWWWWWWWWWWWWWWWWWWWW..@.....................................................................TTTTTTTTTTTTTTTT@@@@@@@@@@@@@@@@@@@@@@@@@@@@@@@@@@@@@
@@@@@@@@@@@@@@@@@@@@@@@@@@@@@@@@@@@@@@@@@@@@@@@@TTTTTTTTTTTTTTTTTTT...........................................................TTTTTWWWWWWWWWWWWWWWWWWWWWWWWWWWWWWWWWWWWWTTTTTTTTTTTTTTTTTTTTTTTTTTTTTTTTTTTTTTTTTTTTTTTTTTTTTTTTTTT@@@@@@@@@@@@@@@@WWWWWWWWWWWWWWWWWWWWWWWWWWWTTTTTTTTTTTTTTTTTTWWWWWWWWWWW@@@@@@@@TTTTTTTTTTTTTTTTTTTTTTTTTTTTTTTTTTTTTTTTTTTTTTTTTTTWWWWWWWWWWWWWWWWWWWWWWWWWWWWW..@.....................................................................TTTTTTTTTTTTTTTT@@@@@@@@@@@@@@@@@@@@@@@@@@@@@@@@@@@@@
@@@@@@@@@@@@@@@@@@@@@@@@@@@@@@@@@@@@@@@@@@@@@@@@TTTTTTTTTTTTTTTTTTT...........................................................TTTTTWWWWWWWWWWWWWWWWWWWWWWWWWWWWWWWWWWWWWTTTTTTTTTTTTTTTTTTTTTTTTTTTTTTTTTTTTTTTTTTTTTTTTTTTTTTTTTTT@@@@@@@@@@@@@@@@WWWWWWWWWWWWWWWWWWWWWWWWWWWTTTTTTTTTTTTTTTTTTWWWWWWWWWWW@@@@@@@@TTTTTTTTTTTTTTTTTTTTTTTTTTTTTTTTTTTTTTTTTTTTTTTTTTTWWWWWWWWWWWWWWWWWWWWWWWWWWWWW..@.....................................................................TTTTTTTTTTTTTTTT@@@@@@@@@@@@@@@@@@@@@@@@@@@@@@@@@@@@@
@@@@@@@@@@@@@@@@@@@@@@@@@@@@@@@@@@@@@@@@@@@@@@@@TTTTTTTTTTTTTTTTTTT...........................................................TTTTTWWWWWWWWWWWWWWWWWWWWWWWWWWWWWWWWWWWWWTTTTTTTTTTTTTTTTTTTTTTTTTTTTTTTTTTTTTTTTTTTTTTTTTTTTTTTTTTT@@@@@@@@@@@@@@@@WWWWWWWWWWWWWWWWWWWWWWWWWWWTTTTTTTTTTTTTTTTTTWWWWWWWWWWW@@@@@@@@TTTTTTTTTTTTTTTTTTTTTTTTTTTTTTTTTTTTTTTTTTTTTTTTTTTWWWWWWWWWWWWWWWWWWWWWWWWWWWWW..@.....................................................................TTTTTTTTTTTTTTTT@@@@@@@@@@@@@@@@@@@@@@@@@@@@@@@@@@@@@
@@@@@@@@@@@@@@@@@@@@@@@@@@@@@@@@@@@@@@@@@@@@@@@@TTTTTTTTTTTTTTTTTTT...........................................................TTTTTWWWWWWWWWWWWWWWWWWWWWWWWWWWWWWWWWWWWWTTTTTTTTTTTTTTTTTTTTTTTTTTTTTTTTTTTTTTTTTTTTTTTTTTTTTTTTTTT@@@@@@@@@@@@@@@@WWWWWWWWWWWWWWWWWWWWWWWWWWWTTTTTTTTTTTTTTTTTTWWWWWWWWWWW@@@@@@@@TTTTTTTTTTTTTTTTTTTTTTTTTTTTTTTTTTTTTTTTTTTTTTTTTTTWWWWWWWWWWWWWWWWWWWWWWWWWWWWW..@.....................................................................TTTTTTTTTTTTTTTT@@@@@@@@@@@@@@@@@@@@@@@@@@@@@@@@@@@@@
@@@@@@@@@@@@@@@@@@@@@@@@@@@@@@@@@@@@@@@@@@@@@@@@TTTTTTTTTTTTTTTTTTT...........................................................TTTTTWWWWWWWWWWWWWWWWWWWWWWWWWWWWWWWWWWWWWTTTTTTTTTTTTTTTTTTTTTTTTTTTTTTTTTTTTTTTTTTTTTTTTTTTTTTTTTTT@@@@@@@@@@@@@@@@WWWWWWWWWWWWWWWWWWWWWWWWWWWTTTTTTTTTTTTTTTTTTWWWWWWWWWWW@@@@@@@@TTTTTTTTTTTTTTTTTTTTTTTTTTTTTTTTTTTTTTTTTTTTTTTTTTTWWWWWWWWWWWWWWWWWWWWWWWWWWWWW..@@@...................................................................TTTTTTTTTTTTTTTT@@@@@@@@@@@@@@@@@@@@@@@@@@@@@@@@@@@@@
@@@@@@@@@@@@@@@@@@@@@@@@@@@@@@@@@@@@@@@@@@@@@@@@TTTTTTTTTTTTTTTT................................................................TTTTTTWWWWWWWWWWWWWWWWWWWWWWWWWWWWWWWWWWWWWTTTTTTTTTTTTTTTTTTTTTTTTTTTTTTTTTTTTTTTTTTTTTTTTTTTTT@@@@@@@@@@@@@@@@@@@WWWWWWWWWWWWWWWWWWWWWWWWWWWWWTTTWWWTTTTTTTTTTWWWWWWWWWWW@@@@@@@@@@@@@TTTTTTTTTTTTTTTTTTTTTTTTTTTTTTTTTTTTTTTTTTTTTTWWWWWWWWWWWWWWWWWWWWWWWWWWWWW....@......................................................................TTTTTTTTTTTTT@@@@@@@@@@@@@@@@@@@@@@@@@@@@@@@@@@@@@
@@@@@@@@@@@@@@@@@@@@@@@@@@@@@@@@@@@@@@@@@@@@@@@@TTTTTTTTTTTTTTTT................................................................TTTTTTWWWWWWWWWWWWWWWWWWWWWWWWWWWWWWWWWWWWWTTTTTTTTTTTTTTTTTTTTTTTTTTTTTTTTTTTTTTTTTTTTTTTTTTTTT@@@@@@@@@@@@@@@@@@@WWWWWWWWWWWWWWWWWWWWWWWWWWWWWTTTWWWTTTTTTTTTTWWWWWWWWWWW@@@@@@@@@@@@@TTTTTTTTTTTTTTTTTTTTTTTTTTTTTTTTTTTTTTTTTTTTTTWWWWWWWWWWWWWWWWWWWWWWWWWWWWW....@......................................................................TTTTTTTTTTTTT@@@@@@@@@@@@@@@@@@@@@@@@@@@@@@@@@@@@@
@@@@@@@@@@@@@@@@@@@@@@@@@@@@@@@@@@@@@@@@@@@@@@@@TTTTTTTTTTTTTTTT................................................................TTTTTTWWWWWWWWWWWWWWWWWWWWWWWWWWWWWWWWWWWWWTTTTTTTTTTTTTTTTTTTTTTTTTTTTTTTTTTTTTTTTTTTTTTTTTTTTT@@@@@@@@@@@@@@@@@@@WWWWWWWWWWWWWWWWWWWWWWWWWWWWWTTTWWWTTTTTTTTTTWWWWWWWWWWW@@@@@@@@@@@@@TTTTTTTTTTTTTTTTTTTTTTTTTTTTTTTTTTTTTTTTTTTTTTWWWWWWWWWWWWWWWWWWWWWWWWWWWWW....@......................................................................TTTTTTTTTTTTT@@@@@@@@@@@@@@@@@@@@@@@@@@@@@@@@@@@@@
@@@@@@@@@@@@@@@@@@@@@@@@@@@@@@@@@@@@@@@@@@@@@@@@TTTTTTTTTTTTTTTT................................................................TTTTTTWWWWWWWWWWWWWWWWWWWWWWWWWWWWWWWWWWWWWTTTTTTTTTTTTTTTTTTTTTTTTTTTTTTTTTTTTTTTTTTTTTTTTTTTTT@@@@@@@@@@@@@@@@@@@WWWWWWWWWWWWWWWWWWWWWWWWWWWWWTTTWWWTTTTTTTTTTWWWWWWWWWWW@@@@@@@@@@@@@TTTTTTTTTTTTTTTTTTTTTTTTTTTTTTTTTTTTTTTTTTTTTTWWWWWWWWWWWWWWWWWWWWWWWWWWWWW....@......................................................................TTTTTTTTTTTTT@@@@@@@@@@@@@@@@@@@@@@@@@@@@@@@@@@@@@
@@@@@@@@@@@@@@@@@@@@@@@@@@@@@@@@@@@@@@@@@@@@@@@@TTTTTTTTTTTTTTTT................................................................TTTTTTWWWWWWWWWWWWWWWWWWWWWWWWWWWWWWWWWWWWWTTTTTTTTTTTTTTTTTTTTTTTTTTTTTTTTTTTTTTTTTTTTTTTTTTTTT@@@@@@@@@@@@@@@@@@@WWWWWWWWWWWWWWWWWWWWWWWWWWWWWTTTWWWTTTTTTTTTTWWWWWWWWWWW@@@@@@@@@@@@@TTTTTTTTTTTTTTTTTTTTTTTTTTTTTTTTTTTTTTTTTTTTTTWWWWWWWWWWWWWWWWWWWWWWWWWWWWW....@@@@...................................................................TTTTTTTTTTTTT@@@@@@@@@@@@@@@@@@@@@@@@@@@@@@@@@@@@@
@@@@@@@@@@@@@@@@@@@@@@@@@@@@@@@@@@@@@@@@@@@@@@@@TTTTTTTTTTTTTT..................................................................TTTWWWWWWWWWWWWWWWWWWWWWWWWWWWWWWWWWWWWWWWWWWWTTTTTTTTTTTTTTTTTTTTTTTTTTTTTTTTTTTTTTTTTTTTTTTTTTTTT@@@@@@@@@@@@@@@@@@@WWWWWWWWWWWWWWWWWWWWWWWWWWWWWWWWTTTTTTTTTTWWWWWWWWWWW@@@@@@@@@@@@@@@@TTTTTTTTTTTTTTTTTTTTTTTTTTTTTTTTTTTTTTTTTTTTTWWWWWWWWWWWWWWWWWWWWWWWWWWWWWW....@................................................................TTTTTTTTTTTTTTTT@@@@@@@@@@@@@@@@@@@@@@@@@@@@@@@@@@@@@
@@@@@@@@@@@@@@@@@@@@@@@@@@@@@@@@@@@@@@@@@@@@@@@@TTTTTTTTTTTTTT..................................................................TTTWWWWWWWWWWWWWWWWWWWWWWWWWWWWWWWWWWWWWWWWWWWTTTTTTTTTTTTTTTTTTTTTTTTTTTTTTTTTTTTTTTTTTTTTTTTTTTTT@@@@@@@@@@@@@@@@@@@WWWWWWWWWWWWWWWWWWWWWWWWWWWWWWWWTTTTTTTTTTWWWWWWWWWWW@@@@@@@@@@@@@@@@TTTTTTTTTTTTTTTTTTTTTTTTTTTTTTTTTTTTTTTTTTTTTWWWWWWWWWWWWWWWWWWWWWWWWWWWWWW....@................................................................TTTTTTTTTTTTTTTT@@@@@@@@@@@@@@@@@@@@@@@@@@@@@@@@@@@@@
@@@@@@@@@@@@@@@@@@@@@@@@@@@@@@@@@@@@@@@@@@@@@@@@TTTTTTTTTTTTTT..................................................................TTTWWWWWWWWWWWWWWWWWWWWWWWWWWWWWWWWWWWWWWWWWWWTTTTTTTTTTTTTTTTTTTTTTTTTTTTTTTTTTTTTTTTTTTTTTTTTTTTT@@@@@@@@@@@@@@@@@@@WWWWWWWWWWWWWWWWWWWWWWWWWWWWWWWWTTTTTTTTTTWWWWWWWWWWW@@@@@@@@@@@@@@@@TTTTTTTTTTTTTTTTTTTTTTTTTTTTTTTTTTTTTTTTTTTTTWWWWWWWWWWWWWWWWWWWWWWWWWWWWWW....@................................................................TTTTTTTTTTTTTTTT@@@@@@@@@@@@@@@@@@@@@@@@@@@@@@@@@@@@@
@@@@@@@@@@@@@@@@@@@@@@@@@@@@@@@@@@@@@@@@@@@@@@@@TTTTTTTTTTTTTT..................................................................TTTWWWWWWWWWWWWWWWWWWWWWWWWWWWWWWWWWWWWWWWWWWWTTTTTTTTTTTTTTTTTTTTTTTTTTTTTTTTTTTTTTTTTTTTTTTTTTTTT@@@@@@@@@@@@@@@@@@@WWWWWWWWWWWWWWWWWWWWWWWWWWWWWWWWTTTTTTTTTTWWWWWWWWWWW@@@@@@@@@@@@@@@@TTTTTTTTTTTTTTTTTTTTTTTTTTTTTTTTTTTTTTTTTTTTTWWWWWWWWWWWWWWWWWWWWWWWWWWWWWW....@................................................................TTTTTTTTTTTTTTTT@@@@@@@@@@@@@@@@@@@@@@@@@@@@@@@@@@@@@
@@@@@@@@@@@@@@@@@@@@@@@@@@@@@@@@@@@@@@@@@@@@@@@@TTTTTTTTTTTTTT..................................................................TTTWWWWWWWWWWWWWWWWWWWWWWWWWWWWWWWWWWWWWWWWWWWTTTTTTTTTTTTTTTTTTTTTTTTTTTTTTTTTTTTTTTTTTTTTTTTTTTTT@@@@@@@@@@@@@@@@@@@WWWWWWWWWWWWWWWWWWWWWWWWWWWWWWWWTTTTTTTTTTWWWWWWWWWWW@@@@@@@@@@@@@@@@TTTTTTTTTTTTTTTTTTTTTTTTTTTTTTTTTTTTTTTTTTTTTWWWWWWWWWWWWWWWWWWWWWWWWWWWWWW..@@@................................................................TTTTTTTTTTTTTTTT@@@@@@@@@@@@@@@@@@@@@@@@@@@@@@@@@@@@@
@@@@@@@@@@@@@@@@@@@@@@@@@@@@@@@@@@@@@@@@@@@@@@@@TTTTTTTTTTTTTTTTTTT.............................................................TTTWWWWWWWWWWWWWWWWWWWWWWWWWWWWWWWWWWWWWWWWWWWTTTTTTTTTTTTTTTTTTTTTTTTTTTTTTTTTTTTTTTTTTTTTTTTTTTTT@@@@@@@@@@@@@@@@WWWWWWWWWWWWWWWWWWWWWWWWWWWWWWWWTTTTTTTTTTTWWWWWWWWWWWWW@@@@@@@@@@@@@@@@@@@WWTTTTTTTTTTTTTTTTTTTTTTTTTTTTTTTTTTTTTTWWWWWWWWWWWWWWWWWWWWWWWWWWWWW....@...................................................................TTTTTTTTTTTTTTTT@@@@@@@@@@@@@@@@@@@@@@@@@@@@@@@@@@@@@
@@@@@@@@@@@@@@@@@@@@@@@@@@@@@@@@@@@@@@@@@@@@@@@@TTTTTTTTTTTTTTTTTTT.............................................................TTTWWWWWWWWWWWWWWWWWWWWWWWWWWWWWWWWWWWWWWWWWWWTTTTTTTTTTTTTTTTTTTTTTTTTTTTTTTTTTTTTTTTTTTTTTTTTTTTT@@@@@@@@@@@@@@@@WWWWWWWWWWWWWWWWWWWWWWWWWWWWWWWWTTTTTTTTTTTWWWWWWWWWWWWW@@@@@@@@@@@@@@@@@@@WWTTTTTTTTTTTTTTTTTTTTTTTTTTTTTTTTTTTTTTWWWWWWWWWWWWWWWWWWWWWWWWWWWWW....@...................................................................TTTTTTTTTTTTTTTT@@@@@@@@@@@@@@@@@@@@@@@@@@@@@@@@@@@@@
@@@@@@@@@@@@@@@@@@@@@@@@@@@@@@@@@@@@@@@@@@@@@@@@TTTTTTTTTTTTTTTTTTT.............................................................TTTWWWWWWWWWWWWWWWWWWWWWWWWWWWWWWWWWWWWWWWWWWWTTTTTTTTTTTTTTTTTTTTTTTTTTTTTTTTTTTTTTTTTTTTTTTTTTTTT@@@@@@@@@@@@@@@@WWWWWWWWWWWWWWWWWWWWWWWWWWWWWWWWTTTTTTTTTTTWWWWWWWWWWWWW@@@@@@@@@@@@@@@@@@@WWTTTTTTTTTTTTTTTTTTTTTTTTTTTTTTTTTTTTTTWWWWWWWWWWWWWWWWWWWWWWWWWWWWW....@...................................................................TTTTTTTTTTTTTTTT@@@@@@@@@@@@@@@@@@@@@@@@@@@@@@@@@@@@@
@@@@@@@@@@@@@@@@@@@@@@@@@@@@@@@@@@@@@@@@@@@@@@@@TTTTTTTTTTTTTTTTTTT.............................................................TTTWWWWWWWWWWWWWWWWWWWWWWWWWWWWWWWWWWWWWWWWWWWTTTTTTTTTTTTTTTTTTTTTTTTTTTTTTTTTTTTTTTTTTTTTTTTTTTTT@@@@@@@@@@@@@@@@WWWWWWWWWWWWWWWWWWWWWWWWWWWWWWWWTTTTTTTTTTTWWWWWWWWWWWWW@@@@@@@@@@@@@@@@@@@WWTTTTTTTTTTTTTTTTTTTTTTTTTTTTTTTTTTTTTTWWWWWWWWWWWWWWWWWWWWWWWWWWWWW....@...................................................................TTTTTTTTTTTTTTTT@@@@@@@@@@@@@@@@@@@@@@@@@@@@@@@@@@@@@
@@@@@@@@@@@@@@@@@@@@@@@@@@@@@@@@@@@@@@@@@@@@@@@@TTTTTTTTTTTTTTTTTTT.............................................................TTTWWWWWWWWWWWWWWWWWWWWWWWWWWWWWWWWWWWWWWWWWWWTTTTTTTTTTTTTTTTTTTTTTTTTTTTTTTTTTTTTTTTTTTTTTTTTTTTT@@@@@@@@@@@@@@@@WWWWWWWWWWWWWWWWWWWWWWWWWWWWWWWWTTTTTTTTTTTWWWWWWWWWWWWW@@@@@@@@@@@@@@@@@@@WWTTTTTTTTTTTTTTTTTTTTTTTTTTTTTTTTTTTTTTWWWWWWWWWWWWWWWWWWWWWWWWWWWWW....@...................................................................TTTTTTTTTTTTTTTT@@@@@@@@@@@@@@@@@@@@@@@@@@@@@@@@@@@@@
@@@@@@@@@@@@@@@@@@@@@@@@@@@@@@@@@@@@@@@@@@@@@@@@TTTTTTTTTTTTTTTTTTT.............................................................TTTWWWWWWWWWWWWWWWWWWWWWWWWWWWWWWWWWWWWWWWWWWWTTTTTTTTTTTTTTTTTTTTTTTTTTTTTTTTTTTTTTTTTTTTTTTTTTTTT@@@@@@@@@@@@@@@@WWWWWWWWWWWWWWWWWWWWWWWWWWWWWWWWTTTTTTTTTTTWWWWWWWWWWWWW@@@@@@@@@@@@@@@@@@@WWTTTTTTTTTTTTTTTTTTTTTTTTTTTTTTTTTTTTTTWWWWWWWWWWWWWWWWWWWWWWWWWWWWW...@@...................................................................TTTTTTTTTTTTTTTT@@@@@@@@@@@@@@@@@@@@@@@@@@@@@@@@@@@@@
@@@@@@@@@@@@@@@@@@@@@@@@@@@@@@@@@@@@@@@@@@@@@@@@TTTTTTTTTTTTTTTT...........................................................TTTTTTTTWWWWWWWWWWWWWWWWWWWWWWWWWWWWWWWWWWWWWWWWWWWWWTTTTTTTTTTTTTTTTTTTTTTTTTTTTTTTTTTTTTTTTTTTTTTTT@@@@@@@@@@@@@@@@@@@WWWWWWWWWWWWWWWWWWWWWWWWWWWWWWWWWWWTTTTTWWWWWWWWWWWWWWWWWWWWW@@@@@@WWWWWWWWWWWWWTTTTTTTTTTTTTTTTTTTTTTTTTTTTTTTTTTTWWWWWWWWWWWWWWWWWWWWWWWWWWWWW..@.....................................................................TTTTTTTTTTTTTTTT@@@@@@@@@@@@@@@@@@@@@@@@@@@@@@@@@@@@@
@@@@@@@@@@@@@@@@@@@@@@@@@@@@@@@@@@@@@@@@@@@@@@@@TTTTTTTTTTTTTTTT...........................................................TTTTTTTTWWWWWWWWWWWWWWWWWWWWWWWWWWWWWWWWWWWWWWWWWWWWWTTTTTTTTTTTTTTTTTTTTTTTTTTTTTTTTTTTTTTTTTTTTTTTT@@@@@@@@@@@@@@@@@@@WWWWWWWWWWWWWWWWWWWWWWWWWWWWWWWWWWWTTTTTWWWWWWWWWWWWWWWWWWWWW@@@@@@WWWWWWWWWWWWWTTTTTTTTTTTTTTTTTTTTTTTTTTTTTTTTTTTWWWWWWWWWWWWWWWWWWWWWWWWWWWWW..@.....................................................................TTTTTTTTTTTTTTTT@@@@@@@@@@@@@@@@@@@@@@@@@@@@@@@@@@@@@
@@@@@@@@@@@@@@@@@@@@@@@@@@@@@@@@@@@@@@@@@@@@@@@@TTTTTTTTTTTTTTTT...........................................................TTTTTTTTWWWWWWWWWWWWWWWWWWWWWWWWWWWWWWWWWWWWWWWWWWWWWTTTTTTTTTTTTTTTTTTTTTTTTTTTTTTTTTTTTTTTTTTTTTTTT@@@@@@@@@@@@@@@@@@@WWWWWWWWWWWWWWWWWWWWWWWWWWWWWWWWWWWTTTTTWWWWWWWWWWWWWWWWWWWWW@@@@@@WWWWWWWWWWWWWTTTTTTTTTTTTTTTTTTTTTTTTTTTTTTTTTTTWWWWWWWWWWWWWWWWWWWWWWWWWWWWW..@.....................................................................TTTTTTTTTTTTTTTT@@@@@@@@@@@@@@@@@@@@@@@@@@@@@@@@@@@@@
@@@@@@@@@@@@@@@@@@@@@@@@@@@@@@@@@@@@@@@@@@@@@@@@TTTTTTTTTTTTTTTT...........................................................TTTTTTTTWWWWWWWWWWWWWWWWWWWWWWWWWWWWWWWWWWWWWWWWWWWWWTTTTTTTTTTTTTTTTTTTTTTTTTTTTTTTTTTTTTTTTTTTTTTTT@@@@@@@@@@@@@@@@@@@WWWWWWWWWWWWWWWWWWWWWWWWWWWWWWWWWWWTTTTTWWWWWWWWWWWWWWWWWWWWW@@@@@@WWWWWWWWWWWWWTTTTTTTTTTTTTTTTTTTTTTTTTTTTTTTTTTTWWWWWWWWWWWWWWWWWWWWWWWWWWWWW..@.....................................................................TTTTTTTTTTTTTTTT@@@@@@@@@@@@@@@@@@@@@@@@@@@@@@@@@@@@@
@@@@@@@@@@@@@@@@@@@@@@@@@@@@@@@@@@@@@@@@@@@@@@@@TTTTTTTTTTTTTTTT...........................................................TTTTTTTTWWWWWWWWWWWWWWWWWWWWWWWWWWWWWWWWWWWWWWWWWWWWWTTTTTTTTTTTTTTTTTTTTTTTTTTTTTTTTTTTTTTTTTTTTTTTT@@@@@@@@@@@@@@@@@@@WWWWWWWWWWWWWWWWWWWWWWWWWWWWWWWWWWWTTTTTWWWWWWWWWWWWWWWWWWWWW@@@@@@WWWWWWWWWWWWWTTTTTTTTTTTTTTTTTTTTTTTTTTTTTTTTTTTWWWWWWWWWWWWWWWWWWWWWWWWWWWWW..@.....................................................................TTTTTTTTTTTTTTTT@@@@@@@@@@@@@@@@@@@@@@@@@@@@@@@@@@@@@
@@@@@@@@@@@@@@@@@@@@@@@@@@@@@@@@@@@@@@@@@@@@@@@@@@@TTTTTTTTTTTTT......................................................TT...TTTTTWWWWWWWWWWWWWWWWWWWWWWWWWWWWWWWWWWWWWWWWWWWWWWWWWWWTTTTTTTTTTTTTTTTTTTTTTTTTTTTTTTTTTTTTTTTTTTTT@@@@@@@@@@@@@@WWWWWWWWWWWWWWWWWWWWWWWWWWWWWWWWWWWWWWWWWWWWWWWWWWWWWWWWWWWWWWWWWWWWWWWWWWWWWWWWWWWWWTTTTTTTTTTTTTTTTTTTTTTTTTTTTTTTTWWWWWWWWWWWWWWWWWWWWWWWWWWWWW.....@..........................................................................TTTTTTTTTTT@@@@@@@@@@@@@@@@@@@@@@@@@@@@@@@@@@@@@
@@@@@@@@@@@@@@@@@@@@@@@@@@@@@@@@@@@@@@@@@@@@@@@@@@@TTTTTTTTTTTTT......................................................TT...TTTTTWWWWWWWWWWWWWWWWWWWWWWWWWWWWWWWWWWWWWWWWWWWWWWWWWWWTTTTTTTTTTTTTTTTTTTTTTTTTTTTTTTTTTTTTTTTTTTTT@@@@@@@@@@@@@@WWWWWWWWWWWWWWWWWWWWWWWWWWWWWWWWWWWWWWWWWWWWWWWWWWWWWWWWWWWWWWWWWWWWWWWWWWWWWWWWWWWWWTTTTTTTTTTTTTTTTTTTTTTTTTTTTTTTTWWWWWWWWWWWWWWWWWWWWWWWWWWWWW.....@..........................................................................TTTTTTTTTTT@@@@@@@@@@@@@@@@@@@@@@@@@@@@@@@@@@@@@
@@@@@@@@@@@@@@@@@@@@@@@@@@@@@@@@@@@@@@@@@@@@@@@@@@@TTTTTTTTTTTTT......................................................TT...TTTTTWWWWWWWWWWWWWWWWWWWWWWWWWWWWWWWWWWWWWWWWWWWWWWWWWWWTTTTTTTTTTTTTTTTTTTTTTTTTTTTTTTTTTTTTTTTTTTTT@@@@@@@@@@@@@@WWWWWWWWWWWWWWWWWWWWWWWWWWWWWWWWWWWWWWWWWWWWWWWWWWWWWWWWWWWWWWWWWWWWWWWWWWWWWWWWWWWWWTTTTTTTTTTTTTTTTTTTTTTTTTTTTTTTTWWWWWWWWWWWWWWWWWWWWWWWWWWWWW.....@..........................................................................TTTTTTTTTTT@@@@@@@@@@@@@@@@@@@@@@@@@@@@@@@@@@@@@
@@@@@@@@@@@@@@@@@@@@@@@@@@@@@@@@@@@@@@@@@@@@@@@@@@@TTTTTTTTTTTTT......................................................TT...TTTTTWWWWWWWWWWWWWWWWWWWWWWWWWWWWWWWWWWWWWWWWWWWWWWWWWWWTTTTTTTTTTTTTTTTTTTTTTTTTTTTTTTTTTTTTTTTTTTTT@@@@@@@@@@@@@@WWWWWWWWWWWWWWWWWWWWWWWWWWWWWWWWWWWWWWWWWWWWWWWWWWWWWWWWWWWWWWWWWWWWWWWWWWWWWWWWWWWWWTTTTTTTTTTTTTTTTTTTTTTTTTTTTTTTTWWWWWWWWWWWWWWWWWWWWWWWWWWWWW.....@..........................................................................TTTTTTTTTTT@@@@@@@@@@@@@@@@@@@@@@@@@@@@@@@@@@@@@
@@@@@@@@@@@@@@@@@@@@@@@@@@@@@@@@@@@@@@@@@@@@@@@@@@@TTTTTTTTTTTTT......................................................TT...TTTTTWWWWWWWWWWWWWWWWWWWWWWWWWWWWWWWWWWWWWWWWWWWWWWWWWWWTTTTTTTTTTTTTTTTTTTTTTTTTTTTTTTTTTTTTTTTTTTTT@@@@@@@@@@@@@@WWWWWWWWWWWWWWWWWWWWWWWWWWWWWWWWWWWWWWWWWWWWWWWWWWWWWWWWWWWWWWWWWWWWWWWWWWWWWWWWWWWWWTTTTTTTTTTTTTTTTTTTTTTTTTTTTTTTTWWWWWWWWWWWWWWWWWWWWWWWWWWWWW...@@@..........................................................................TTTTTTTTTTT@@@@@@@@@@@@@@@@@@@@@@@@@@@@@@@@@@@@@
@@@@@@@@@@@@@@@@@@@@@@@@@@@@@@@@@@@@@@@@@@@@@@@@TTTTTTTTTTTTTT..........................................................TTTTTTWWWWWWWWWWWWWWWWWWWWWWWWWWWWWWWWWWWWWWWWWWWWWWWWWWWWWWWWTTTTTTTTTTTTTTTTTTTTTTTTTTTTTTTTTTTTTTTTTTTTT@@@@@@@@@@@WWWWWWWWWWWWWWWWWWWWWWWWWWWWWWWWWWWWWWWWWWWWWWWWWWWWWWWWWWWWWWWWWWWWWWWWWWWWWWWWWWWWWWWWTTTTTTTTTTTTTTTTTTTTTTTTWWWWWWWWWWWWWWWWWWWWWWWWWWWWWWWWWW..@.............................................................................TTTTTTTTTTT@@@@@@@@@@@@@@@@@@@@@@@@@@@@@@@@@@@@@
@@@@@@@@@@@@@@@@@@@@@@@@@@@@@@@@@@@@@@@@@@@@@@@@TTTTTTTTTTTTTT..........................................................TTTTTTWWWWWWWWWWWWWWWWWWWWWWWWWWWWWWWWWWWWWWWWWWWWWWWWWWWWWWWWTTTTTTTTTTTTTTTTTTTTTTTTTTTTTTTTTTTTTTTTTTTTT@@@@@@@@@@@WWWWWWWWWWWWWWWWWWWWWWWWWWWWWWWWWWWWWWWWWWWWWWWWWWWWWWWWWWWWWWWWWWWWWWWWWWWWWWWWWWWWWWWWTTTTTTTTTTTTTTTTTTTTTTTTWWWWWWWWWWWWWWWWWWWWWWWWWWWWWWWWWW..@.............................................................................TTTTTTTTTTT@@@@@@@@@@@@@@@@@@@@@@@@@@@@@@@@@@@@@
@@@@@@@@@@@@@@@@@@@@@@@@@@@@@@@@@@@@@@@@@@@@@@@@TTTTTTTTTTTTTT..........................................................TTTTTTWWWWWWWWWWWWWWWWWWWWWWWWWWWWWWWWWWWWWWWWWWWWWWWWWWWWWWWWTTTTTTTTTTTTTTTTTTTTTTTTTTTTTTTTTTTTTTTTTTTTT@@@@@@@@@@@WWWWWWWWWWWWWWWWWWWWWWWWWWWWWWWWWWWWWWWWWWWWWWWWWWWWWWWWWWWWWWWWWWWWWWWWWWWWWWWWWWWWWWWWTTTTTTTTTTTTTTTTTTTTTTTTWWWWWWWWWWWWWWWWWWWWWWWWWWWWWWWWWW..@.............................................................................TTTTTTTTTTT@@@@@@@@@@@@@@@@@@@@@@@@@@@@@@@@@@@@@
@@@@@@@@@@@@@@@@@@@@@@@@@@@@@@@@@@@@@@@@@@@@@@@@TTTTTTTTTTTTTT..........................................................TTTTTTWWWWWWWWWWWWWWWWWWWWWWWWWWWWWWWWWWWWWWWWWWWWWWWWWWWWWWWWTTTTTTTTTTTTTTTTTTTTTTTTTTTTTTTTTTTTTTTTTTTTT@@@@@@@@@@@WWWWWWWWWWWWWWWWWWWWWWWWWWWWWWWWWWWWWWWWWWWWWWWWWWWWWWWWWWWWWWWWWWWWWWWWWWWWWWWWWWWWWWWWTTTTTTTTTTTTTTTTTTTTTTTTWWWWWWWWWWWWWWWWWWWWWWWWWWWWWWWWWW..@.............................................................................TTTTTTTTTTT@@@@@@@@@@@@@@@@@@@@@@@@@@@@@@@@@@@@@
@@@@@@@@@@@@@@@@@@@@@@@@@@@@@@@@@@@@@@@@@@@@@@@@TTTTTTTTTTTTTT..........................................................TTTTTTWWWWWWWWWWWWWWWWWWWWWWWWWWWWWWWWWWWWWWWWWWWWWWWWWWWWWWWWTTTTTTTTTTTTTTTTTTTTTTTTTTTTTTTTTTTTTTTTTTTTT@@@@@@@@@@@WWWWWWWWWWWWWWWWWWWWWWWWWWWWWWWWWWWWWWWWWWWWWWWWWWWWWWWWWWWWWWWWWWWWWWWWWWWWWWWWWWWWWWWWTTTTTTTTTTTTTTTTTTTTTTTTWWWWWWWWWWWWWWWWWWWWWWWWWWWWWWWWWW..@.............................................................................TTTTTTTTTTT@@@@@@@@@@@@@@@@@@@@@@@@@@@@@@@@@@@@@
@@@@@@@@@@@@@@@@@@@@@@@@@@@@@@@@@@@@@@@@@@@@@@@@TTTTTTTTTTTTTT..........................................................TTTTTTWWWWWWWWWWWWWWWWWWWWWWWWWWWWWWWWWWWWWWWWWWWWWWWWWWWWWWWWTTTTTTTTTTTTTTTTTTTTTTTTTTTTTTTTTTTTTTTTTTTTT@@@@@@@@@@@WWWWWWWWWWWWWWWWWWWWWWWWWWWWWWWWWWWWWWWWWWWWWWWWWWWWWWWWWWWWWWWWWWWWWWWWWWWWWWWWWWWWWWWWTTTTTTTTTTTTTTTTTTTTTTTTWWWWWWWWWWWWWWWWWWWWWWWWWWWWWWWWWW..@@@@..........................................................................TTTTTTTTTTT@@@@@@@@@@@@@@@@@@@@@@@@@@@@@@@@@@@@@
@@@@@@@@@@@@@@@@@@@@@@@@@@@@@@@@@@@@@@@@@@@@@@@@TTTTTTTTTTTTTT.............................................................TTTTTWWWWWWWWWWWWWWWWWWWWWWWWWWWWWWWWWWWWWWWWWWWWWWWWWWWWWWWWWWWTTTTTTTTTTTTTTTTTTTTTTTTTTTTTWWWTTTWWWWWWWW@@WWWWWWWWWWWWWWWWWWWWWWWWWWWWWWWWWWWWWWWWWWWWWWWWWWWWWWWWWWWWWWWWWWWWWWWWWWWWWWWWWWWWWWWWWWWWWWWWWWWTTTTTTTTTTTTTWWWWWWWWWWWWWWWWWWWWWWWWWWWWWWWWWWWWWWWW.....@..........................TTT.............................................TTTTTTTTTTT@@@@@@@@@@@@@@@@@@@@@@@@@@@@@@@@@@@@@
@@@@@@@@@@@@@@@@@@@@@@@@@@@@@@@@@@@@@@@@@@@@@@@@TTTTTTTTTTTTTT.............................................................TTTTTWWWWWWWWWWWWWWWWWWWWWWWWWWWWWWWWWWWWWWWWWWWWWWWWWWWWWWWWWWWTTTTTTTTTTTTTTTTTTTTTTTTTTTTTWWWTTTWWWWWWWW@@WWWWWWWWWWWWWWWWWWWWWWWWWWWWWWWWWWWWWWWWWWWWWWWWWWWWWWWWWWWWWWWWWWWWWWWWWWWWWWWWWWWWWWWWWWWWWWWWWWWTTTTTTTTTTTTTWWWWWWWWWWWWWWWWWWWWWWWWWWWWWWWWWWWWWWWW.....@..........................TTT.............................................TTTTTTTTTTT@@@@@@@@@@@@@@@@@@@@@@@@@@@@@@@@@@@@@
@@@@@@@@@@@@@@@@@@@@@@@@@@@@@@@@@@@@@@@@@@@@@@@@TTTTTTTTTTTTTT.............................................................TTTTTWWWWWWWWWWWWWWWWWWWWWWWWWWWWWWWWWWWWWWWWWWWWWWWWWWWWWWWWWWWTTTTTTTTTTTTTTTTTTTTTTTTTTTTTWWWTTTWWWWWWWW@@WWWWWWWWWWWWWWWWWWWWWWWWWWWWWWWWWWWWWWWWWWWWWWWWWWWWWWWWWWWWWWWWWWWWWWWWWWWWWWWWWWWWWWWWWWWWWWWWWWWTTTTTTTTTTTTTWWWWWWWWWWWWWWWWWWWWWWWWWWWWWWWWWWWWWWWW.....@..........................TTT.............................................TTTTTTTTTTT@@@@@@@@@@@@@@@@@@@@@@@@@@@@@@@@@@@@@
@@@@@@@@@@@@@@@@@@@@@@@@@@@@@@@@@@@@@@@@@@@@@@@@TTTTTTTTTTTTTT.............................................................TTTTTWWWWWWWWWWWWWWWWWWWWWWWWWWWWWWWWWWWWWWWWWWWWWWWWWWWWWWWWWWWTTTTTTTTTTTTTTTTTTTTTTTTTTTTTWWWTTTWWWWWWWW@@WWWWWWWWWWWWWWWWWWWWWWWWWWWWWWWWWWWWWWWWWWWWWWWWWWWWWWWWWWWWWWWWWWWWWWWWWWWWWWWWWWWWWWWWWWWWWWWWWWWTTTTTTTTTTTTTWWWWWWWWWWWWWWWWWWWWWWWWWWWWWWWWWWWWWWWW.....@..........................TTT.............................................TTTTTTTTTTT@@@@@@@@@@@@@@@@@@@@@@@@@@@@@@@@@@@@@
@@@@@@@@@@@@@@@@@@@@@@@@@@@@@@@@@@@@@@@@@@@@@@@@TTTTTTTTTTTTTT.............................................................TTTTTWWWWWWWWWWWWWWWWWWWWWWWWWWWWWWWWWWWWWWWWWWWWWWWWWWWWWWWWWWWTTTTTTTTTTTTTTTTTTTTTTTTTTTTTWWWTTTWWWWWWWW@@WWWWWWWWWWWWWWWWWWWWWWWWWWWWWWWWWWWWWWWWWWWWWWWWWWWWWWWWWWWWWWWWWWWWWWWWWWWWWWWWWWWWWWWWWWWWWWWWWWWTTTTTTTTTTTTTWWWWWWWWWWWWWWWWWWWWWWWWWWWWWWWWWWWWWWWW.....@..........................TTT.............................................TTTTTTTTTTT@@@@@@@@@@@@@@@@@@@@@@@@@@@@@@@@@@@@@
@@@@@@@@@@@@@@@@@@@@@@@@@@@@@@@@@@@@@@@@@@@@@@@@TTTTTTTTTTT...................................................................TTWWWWWWWWWWWWWWWWWWWWWWWWWWWWWWWWWWWWWWWWWWWWWWWWWWWWWWWWWWWWWWWWWWWTTTTTTTTTTTTTTTTTTTWWWWWWWWWWWWWWWWWWWWWWWWWWWWWWWWWWWWWWWWWWSSSWWWWWWWWWWWWWWWWWWWWWWWWWWWWWWWWWWWWWWWWWWWWWWWWWWWWWWWWWWWWWWWWWWWWWWWWWWWWWTTTWWWWWWWWWWWWWWWWWWWWWWWWWWWWWWWWWWWWWWWWWWWWWWWW..@........................TTTTTTTTTT......................................TTTTTTTTTTTTT@@@@@@@@@@@@@@@@@@@@@@@@@@@@@@@@@@@@@
@@@@@@@@@@@@@@@@@@@@@@@@@@@@@@@@@@@@@@@@@@@@@@@@TTTTTTTTTTT...................................................................TTWWWWWWWWWWWWWWWWWWWWWWWWWWWWWWWWWWWWWWWWWWWWWWWWWWWWWWWWWWWWWWWWWWWTTTTTTTTTTTTTTTTTTTWWWWWWWWWWWWWWWWWWWWWWWWWWWWWWWWWWWWWWWWWWSSSWWWWWWWWWWWWWWWWWWWWWWWWWWWWWWWWWWWWWWWWWWWWWWWWWWWWWWWWWWWWWWWWWWWWWWWWWWWWWTTTWWWWWWWWWWWWWWWWWWWWWWWWWWWWWWWWWWWWWWWWWWWWWWWW..@........................TTTTTTTTTT......................................TTTTTTTTTTTTT@@@@@@@@@@@@@@@@@@@@@@@@@@@@@@@@@@@@@
@@@@@@@@@@@@@@@@@@@@@@@@@@@@@@@@@@@@@@@@@@@@@@@@TTTTTTTTTTT...................................................................TTWWWWWWWWWWWWWWWWWWWWWWWWWWWWWWWWWWWWWWWWWWWWWWWWWWWWWWWWWWWWWWWWWWWTTTTTTTTTTTTTTTTTTTWWWWWWWWWWWWWWWWWWWWWWWWWWWWWWWWWWWWWWWWWWSSSWWWWWWWWWWWWWWWWWWWWWWWWWWWWWWWWWWWWWWWWWWWWWWWWWWWWWWWWWWWWWWWWWWWWWWWWWWWWWTTTWWWWWWWWWWWWWWWWWWWWWWWWWWWWWWWWWWWWWWWWWWWWWWWW..@........................TTTTTTTTTT......................................TTTTTTTTTTTTT@@@@@@@@@@@@@@@@@@@@@@@@@@@@@@@@@@@@@
@@@@@@@@@@@@@@@@@@@@@@@@@@@@@@@@@@@@@@@@@@@@@@@@TTTTTTTTTTT...................................................................TTWWWWWWWWWWWWWWWWWWWWWWWWWWWWWWWWWWWWWWWWWWWWWWWWWWWWWWWWWWWWWWWWWWWTTTTTTTTTTTTTTTTTTTWWWWWWWWWWWWWWWWWWWWWWWWWWWWWWWWWWWWWWWWWWSSSWWWWWWWWWWWWWWWWWWWWWWWWWWWWWWWWWWWWWWWWWWWWWWWWWWWWWWWWWWWWWWWWWWWWWWWWWWWWWTTTWWWWWWWWWWWWWWWWWWWWWWWWWWWWWWWWWWWWWWWWWWWWWWWW..@........................TTTTTTTTTT......................................TTTTTTTTTTTTT@@@@@@@@@@@@@@@@@@@@@@@@@@@@@@@@@@@@@
@@@@@@@@@@@@@@@@@@@@@@@@@@@@@@@@@@@@@@@@@@@@@@@@TTTTTTTTTTT...................................................................TTWWWWWWWWWWWWWWWWWWWWWWWWWWWWWWWWWWWWWWWWWWWWWWWWWWWWWWWWWWWWWWWWWWWTTTTTTTTTTTTTTTTTTTWWWWWWWWWWWWWWWWWWWWWWWWWWWWWWWWWWWWWWWWWWSSSWWWWWWWWWWWWWWWWWWWWWWWWWWWWWWWWWWWWWWWWWWWWWWWWWWWWWWWWWWWWWWWWWWWWWWWWWWWWWTTTWWWWWWWWWWWWWWWWWWWWWWWWWWWWWWWWWWWWWWWWWWWWWWWW..@@@......................TTTTTTTTTT......................................TTTTTTTTTTTTT@@@@@@@@@@@@@@@@@@@@@@@@@@@@@@@@@@@@@
@@@@@@@@@@@@@@@@@@@@@@@@@@@@@@@@@@@@@@@@@@@@@@@@TTTTTTTTTTT...................................................................TTWWWWWWWWWWWWWWWWWWWWWWWW...WWWWWWWWWWWWWWWWWWWWWWWWWWWWWWWWWWWWWWWWWWWWWWWWTTTTTWWWWWWWWWWWWWWWWWWWWWWWWWWWWWWWWWWWWWWSSSSSSSSSSSSSSSSWWWWWWWWWWWWWWWWWWWWWWWWWWWWWWWWWWWWWWWWWWWWWWWWWWWWWWWWWWWWWWWWWWWWWWWWWWWWWWWWWWWWWWWWWWWWWWWWWWWWWWWWWWWWWWWWWWWWWWWWWWWWW....@...................TTTTTTTTTTTTTTTT...................................TTTTTTTTTTTTT@@@@@@@@@@@@@@@@@@@@@@@@@@@@@@@@@@@@@
@@@@@@@@@@@@@@@@@@@@@@@@@@@@@@@@@@@@@@@@@@@@@@@@TTTTTTTTTTT...................................................................TTWWWWWWWWWWWWWWWWWWWWWWWW...WWWWWWWWWWWWWWWWWWWWWWWWWWWWWWWWWWWWWWWWWWWWWWWWTTTTTWWWWWWWWWWWWWWWWWWWWWWWWWWWWWWWWWWWWWWSSSSSSSSSSSSSSSSWWWWWWWWWWWWWWWWWWWWWWWWWWWWWWWWWWWWWWWWWWWWWWWWWWWWWWWWWWWWWWWWWWWWWWWWWWWWWWWWWWWWWWWWWWWWWWWWWWWWWWWWWWWWWWWWWWWWWWWWWWWWW....@...................TTTTTTTTTTTTTTTT...................................TTTTTTTTTTTTT@@@@@@@@@@@@@@@@@@@@@@@@@@@@@@@@@@@@@
@@@@@@@@@@@@@@@@@@@@@@@@@@@@@@@@@@@@@@@@@@@@@@@@TTTTTTTTTTT...................................................................TTWWWWWWWWWWWWWWWWWWWWWWWW...WWWWWWWWWWWWWWWWWWWWWWWWWWWWWWWWWWWWWWWWWWWWWWWWTTTTTWWWWWWWWWWWWWWWWWWWWWWWWWWWWWWWWWWWWWWSSSSSSSSSSSSSSSSWWWWWWWWWWWWWWWWWWWWWWWWWWWWWWWWWWWWWWWWWWWWWWWWWWWWWWWWWWWWWWWWWWWWWWWWWWWWWWWWWWWWWWWWWWWWWWWWWWWWWWWWWWWWWWWWWWWWWWWWWWWWW....@...................TTTTTTTTTTTTTTTT...................................TTTTTTTTTTTTT@@@@@@@@@@@@@@@@@@@@@@@@@@@@@@@@@@@@@
@@@@@@@@@@@@@@@@@@@@@@@@@@@@@@@@@@@@@@@@@@@@@@@@TTTTTTTTTTT...................................................................TTWWWWWWWWWWWWWWWWWWWWWWWW...WWWWWWWWWWWWWWWWWWWWWWWWWWWWWWWWWWWWWWWWWWWWWWWWTTTTTWWWWWWWWWWWWWWWWWWWWWWWWWWWWWWWWWWWWWWSSSSSSSSSSSSSSSSWWWWWWWWWWWWWWWWWWWWWWWWWWWWWWWWWWWWWWWWWWWWWWWWWWWWWWWWWWWWWWWWWWWWWWWWWWWWWWWWWWWWWWWWWWWWWWWWWWWWWWWWWWWWWWWWWWWWWWWWWWWWW....@...................TTTTTTTTTTTTTTTT...................................TTTTTTTTTTTTT@@@@@@@@@@@@@@@@@@@@@@@@@@@@@@@@@@@@@
@@@@@@@@@@@@@@@@@@@@@@@@@@@@@@@@@@@@@@@@@@@@@@@@TTTTTTTTTTT...................................................................TTWWWWWWWWWWWWWWWWWWWWWWWW...WWWWWWWWWWWWWWWWWWWWWWWWWWWWWWWWWWWWWWWWWWWWWWWWTTTTTWWWWWWWWWWWWWWWWWWWWWWWWWWWWWWWWWWWWWWSSSSSSSSSSSSSSSSWWWWWWWWWWWWWWWWWWWWWWWWWWWWWWWWWWWWWWWWWWWWWWWWWWWWWWWWWWWWWWWWWWWWWWWWWWWWWWWWWWWWWWWWWWWWWWWWWWWWWWWWWWWWWWWWWWWWWWWWWWWWW....@...................TTTTTTTTTTTTTTTT...................................TTTTTTTTTTTTT@@@@@@@@@@@@@@@@@@@@@@@@@@@@@@@@@@@@@
@@@@@@@@@@@@@@@@@@@@@@@@@@@@@@@@@@@@@@@@@@@@@@@@TTTTTTTTTTT...................................................................TTWWWWWWWWWWWWWWWWWWWWWWWW...WWWWWWWWWWWWWWWWWWWWWWWWWWWWWWWWWWWWWWWWWWWWWWWWTTTTTWWWWWWWWWWWWWWWWWWWWWWWWWWWWWWWWWWWWWWSSSSSSSSSSSSSSSSWWWWWWWWWWWWWWWWWWWWWWWWWWWWWWWWWWWWWWWWWWWWWWWWWWWWWWWWWWWWWWWWWWWWWWWWWWWWWWWWWWWWWWWWWWWWWWWWWWWWWWWWWWWWWWWWWWWWWWWWWWWWW....@@@@@@@.............TTTTTTTTTTTTTTTT...................................TTTTTTTTTTTTT@@@@@@@@@@@@@@@@@@@@@@@@@@@@@@@@@@@@@
@@@@@@@@@@@@@@@@@@@@@@@@@@@@@@@@@@@@@@@@@@@@@@@@TTTTTTTTTTTTTT.............................................................TTTTTWWWWWWWWWWWWWWWWWWWWWW........WWWWWWWW..WWWWWWWWWWWWWWWWWWWWWWWWWWWWWWWWWWWWWWWWWWWWWWWWWWWWWWWWWWWWWWWWWWWWWWWWWWWWWWSSSSSSSSSSSSSSSSSSSSSSSSSSWWWWWWWWWWWWWWWWWWWWWWWWWWWWWWWWWWWWWWWWWWWWWWWWWWWWWWWWWWWWWWWWWWWWWWWWWWWWWWWWWWWWWWWWWWWWWWWWWWWWWWWWWWWWWWWWWWWWWW.......@................TTTTTTTTTTTTTTTTTT................................TTTTTTTTTTT@@@@@@@@@@@@@@@@@@@@@@@@@@@@@@@@@@@@@
@@@@@@@@@@@@@@@@@@@@@@@@@@@@@@@@@@@@@@@@@@@@@@@@TTTTTTTTTTTTTT.............................................................TTTTTWWWWWWWWWWWWWWWWWWWWWW........WWWWWWWW..WWWWWWWWWWWWWWWWWWWWWWWWWWWWWWWWWWWWWWWWWWWWWWWWWWWWWWWWWWWWWWWWWWWWWWWWWWWWWWSSSSSSSSSSSSSSSSSSSSSSSSSSWWWWWWWWWWWWWWWWWWWWWWWWWWWWWWWWWWWWWWWWWWWWWWWWWWWWWWWWWWWWWWWWWWWWWWWWWWWWWWWWWWWWWWWWWWWWWWWWWWWWWWWWWWWWWWWWWWWWWW.......@................TTTTTTTTTTTTTTTTTT................................TTTTTTTTTTT@@@@@@@@@@@@@@@@@@@@@@@@@@@@@@@@@@@@@
@@@@@@@@@@@@@@@@@@@@@@@@@@@@@@@@@@@@@@@@@@@@@@@@TTTTTTTTTTTTTT.............................................................TTTTTWWWWWWWWWWWWWWWWWWWWWW........WWWWWWWW..WWWWWWWWWWWWWWWWWWWWWWWWWWWWWWWWWWWWWWWWWWWWWWWWWWWWWWWWWWWWWWWWWWWWWWWWWWWWWWSSSSSSSSSSSSSSSSSSSSSSSSSSWWWWWWWWWWWWWWWWWWWWWWWWWWWWWWWWWWWWWWWWWWWWWWWWWWWWWWWWWWWWWWWWWWWWWWWWWWWWWWWWWWWWWWWWWWWWWWWWWWWWWWWWWWWWWWWWWWWWWW.......@................TTTTTTTTTTTTTTTTTT................................TTTTTTTTTTT@@@@@@@@@@@@@@@@@@@@@@@@@@@@@@@@@@@@@
@@@@@@@@@@@@@@@@@@@@@@@@@@@@@@@@@@@@@@@@@@@@@@@@TTTTTTTTTTTTTT.............................................................TTTTTWWWWWWWWWWWWWWWWWWWWWW........WWWWWWWW..WWWWWWWWWWWWWWWWWWWWWWWWWWWWWWWWWWWWWWWWWWWWWWWWWWWWWWWWWWWWWWWWWWWWWWWWWWWWWWSSSSSSSSSSSSSSSSSSSSSSSSSSWWWWWWWWWWWWWWWWWWWWWWWWWWWWWWWWWWWWWWWWWWWWWWWWWWWWWWWWWWWWWWWWWWWWWWWWWWWWWWWWWWWWWWWWWWWWWWWWWWWWWWWWWWWWWWWWWWWWWW.......@................TTTTTTTTTTTTTTTTTT................................TTTTTTTTTTT@@@@@@@@@@@@@@@@@@@@@@@@@@@@@@@@@@@@@
@@@@@@@@@@@@@@@@@@@@@@@@@@@@@@@@@@@@@@@@@@@@@@@@TTTTTTTTTTTTTT.............................................................TTTTTWWWWWWWWWWWWWWWWWWWWWW........WWWWWWWW..WWWWWWWWWWWWWWWWWWWWWWWWWWWWWWWWWWWWWWWWWWWWWWWWWWWWWWWWWWWWWWWWWWWWWWWWWWWWWWSSSSSSSSSSSSSSSSSSSSSSSSSSWWWWWWWWWWWWWWWWWWWWWWWWWWWWWWWWWWWWWWWWWWWWWWWWWWWWWWWWWWWWWWWWWWWWWWWWWWWWWWWWWWWWWWWWWWWWWWWWWWWWWWWWWWWWWWWWWWWWWW.......@................TTTTTTTTTTTTTTTTTT................................TTTTTTTTTTT@@@@@@@@@@@@@@@@@@@@@@@@@@@@@@@@@@@@@
@@@@@@@@@@@@@@@@@@@@@@@@@@@@@@@@@@@@@@@@@@@@@@@@TTTTTTTTTTTTTT..................................TTT.....................TTTTTTWWWWWWWWWWWWWWWWWWWWWTTTTTTTT...................WWWWWWWWWWWWWWWWWWWWWWWWWWWWWWWWWWWWWWWWWWWWWWWWWWWWWWWWWWWWWWWWWWSSSSSSSSSSSSSSSSSSSSSSSSSSSSSSSSSSSWWWWWWWWWWWWWWWWWWWWWWWWWWWWWWWWWWWWWWWWWWWWWWWWWWWWWWWWWWWWWWWWWWWWWWWWWWWWWWWWWWWWWWWWWWWWWWWWWWWWWWWWWWWWWWWWWWWWW.....@..................TTTTTTTTTTTTTTTT...................................TTTTTTTT@@@@@@@@@@@@@@@@@@@@@@@@@@@@@@@@@@@@@
@@@@@@@@@@@@@@@@@@@@@@@@@@@@@@@@@@@@@@@@@@@@@@@@TTTTTTTTTTTTTT..................................TTT.....................TTTTTTWWWWWWWWWWWWWWWWWWWWWTTTTTTTT...................WWWWWWWWWWWWWWWWWWWWWWWWWWWWWWWWWWWWWWWWWWWWWWWWWWWWWWWWWWWWWWWWWWSSSSSSSSSSSSSSSSSSSSSSSSSSSSSSSSSSSWWWWWWWWWWWWWWWWWWWWWWWWWWWWWWWWWWWWWWWWWWWWWWWWWWWWWWWWWWWWWWWWWWWWWWWWWWWWWWWWWWWWWWWWWWWWWWWWWWWWWWWWWWWWWWWWWWWWW.....@..................TTTTTTTTTTTTTTTT...................................TTTTTTTT@@@@@@@@@@@@@@@@@@@@@@@@@@@@@@@@@@@@@
@@@@@@@@@@@@@@@@@@@@@@@@@@@@@@@@@@@@@@@@@@@@@@@@TTTTTTTTTTTTTT..................................TTT.....................TTTTTTWWWWWWWWWWWWWWWWWWWWWTTTTTTTT...................WWWWWWWWWWWWWWWWWWWWWWWWWWWWWWWWWWWWWWWWWWWWWWWWWWWWWWWWWWWWWWWWWWSSSSSSSSSSSSSSSSSSSSSSSSSSSSSSSSSSSWWWWWWWWWWWWWWWWWWWWWWWWWWWWWWWWWWWWWWWWWWWWWWWWWWWWWWWWWWWWWWWWWWWWWWWWWWWWWWWWWWWWWWWWWWWWWWWWWWWWWWWWWWWWWWWWWWWWW.....@..................TTTTTTTTTTTTTTTT...................................TTTTTTTT@@@@@@@@@@@@@@@@@@@@@@@@@@@@@@@@@@@@@
@@@@@@@@@@@@@@@@@@@@@@@@@@@@@@@@@@@@@@@@@@@@@@@@TTTTTTTTTTTTTT..................................TTT.....................TTTTTTWWWWWWWWWWWWWWWWWWWWWTTTTTTTT...................WWWWWWWWWWWWWWWWWWWWWWWWWWWWWWWWWWWWWWWWWWWWWWWWWWWWWWWWWWWWWWWWWWSSSSSSSSSSSSSSSSSSSSSSSSSSSSSSSSSSSWWWWWWWWWWWWWWWWWWWWWWWWWWWWWWWWWWWWWWWWWWWWWWWWWWWWWWWWWWWWWWWWWWWWWWWWWWWWWWWWWWWWWWWWWWWWWWWWWWWWWWWWWWWWWWWWWWWWW.....@..................TTTTTTTTTTTTTTTT...................................TTTTTTTT@@@@@@@@@@@@@@@@@@@@@@@@@@@@@@@@@@@@@
@@@@@@@@@@@@@@@@@@@@@@@@@@@@@@@@@@@@@@@@@@@@@@@@TTTTTTTTTTTTTT..................................TTT.....................TTTTTTWWWWWWWWWWWWWWWWWWWWWTTTTTTTT...................WWWWWWWWWWWWWWWWWWWWWWWWWWWWWWWWWWWWWWWWWWWWWWWWWWWWWWWWWWWWWWWWWWSSSSSSSSSSSSSSSSSSSSSSSSSSSSSSSSSSSWWWWWWWWWWWWWWWWWWWWWWWWWWWWWWWWWWWWWWWWWWWWWWWWWWWWWWWWWWWWWWWWWWWWWWWWWWWWWWWWWWWWWWWWWWWWWWWWWWWWWWWWWWWWWWWWWWWWW...@@@..................TTTTTTTTTTTTTTTT...................................TTTTTTTT@@@@@@@@@@@@@@@@@@@@@@@@@@@@@@@@@@@@@
@@@@@@@@@@@@@@@@@@@@@@@@@@@@@@@@@@@@@@@@@@@@@@@@TTTTTTTTTTT................................TTTTTTTTTTT..................TTTTTTTTWWWWWWWWWWWWWWWWWWWWWWTTTTTTTTTTTTTTTTTTTTT.....WWWWWWWWWWWWWWWWWWWWWWWWWWWWWWWWWWWWWWWWWWWWWWWWWWWWWWWWWWWWWWSSSSSSSSSSSSSSSSSSSSSSSSSSSSSSSSSSSSSSSSSSWWWWWWWWWWWWWWWWWWWWWWWWWWWWWWWWWWWWWWWWWWWWWWWWWWWWWWWWWWWWWW..WWWWWWWWWWWWWWWWWWWWWWWWWWWWWWWWWWWWWWWWWWWWWWWW..@...........................TTTTTTTTTT......................................TTTTT@@@@@@@@@@@@@@@@@@@@@@@@@@@@@@@@@@@@@
@@@@@@@@@@@@@@@@@@@@@@@@@@@@@@@@@@@@@@@@@@@@@@@@TTTTTTTTTTT................................TTTTTTTTTTT..................TTTTTTTTWWWWWWWWWWWWWWWWWWWWWWTTTTTTTTTTTTTTTTTTTTT.....WWWWWWWWWWWWWWWWWWWWWWWWWWWWWWWWWWWWWWWWWWWWWWWWWWWWWWWWWWWWWWSSSSSSSSSSSSSSSSSSSSSSSSSSSSSSSSSSSSSSSSSSWWWWWWWWWWWWWWWWWWWWWWWWWWWWWWWWWWWWWWWWWWWWWWWWWWWWWWWWWWWWWW..WWWWWWWWWWWWWWWWWWWWWWWWWWWWWWWWWWWWWWWWWWWWWWWW..@...........................TTTTTTTTTT......................................TTTTT@@@@@@@@@@@@@@@@@@@@@@@@@@@@@@@@@@@@@
@@@@@@@@@@@@@@@@@@@@@@@@@@@@@@@@@@@@@@@@@@@@@@@@TTTTTTTTTTT................................TTTTTTTTTTT..................TTTTTTTTWWWWWWWWWWWWWWWWWWWWWWTTTTTTTTTTTTTTTTTTTTT.....WWWWWWWWWWWWWWWWWWWWWWWWWWWWWWWWWWWWWWWWWWWWWWWWWWWWWWWWWWWWWWSSSSSSSSSSSSSSSSSSSSSSSSSSSSSSSSSSSSSSSSSSWWWWWWWWWWWWWWWWWWWWWWWWWWWWWWWWWWWWWWWWWWWWWWWWWWWWWWWWWWWWWW..WWWWWWWWWWWWWWWWWWWWWWWWWWWWWWWWWWWWWWWWWWWWWWWW..@...........................TTTTTTTTTT......................................TTTTT@@@@@@@@@@@@@@@@@@@@@@@@@@@@@@@@@@@@@
@@@@@@@@@@@@@@@@@@@@@@@@@@@@@@@@@@@@@@@@@@@@@@@@TTTTTTTTTTT................................TTTTTTTTTTT..................TTTTTTTTWWWWWWWWWWWWWWWWWWWWWWTTTTTTTTTTTTTTTTTTTTT.....WWWWWWWWWWWWWWWWWWWWWWWWWWWWWWWWWWWWWWWWWWWWWWWWWWWWWWWWWWWWWWSSSSSSSSSSSSSSSSSSSSSSSSSSSSSSSSSSSSSSSSSSWWWWWWWWWWWWWWWWWWWWWWWWWWWWWWWWWWWWWWWWWWWWWWWWWWWWWWWWWWWWWW..WWWWWWWWWWWWWWWWWWWWWWWWWWWWWWWWWWWWWWWWWWWWWWWW..@...........................TTTTTTTTTT......................................TTTTT@@@@@@@@@@@@@@@@@@@@@@@@@@@@@@@@@@@@@
@@@@@@@@@@@@@@@@@@@@@@@@@@@@@@@@@@@@@@@@@@@@@@@@TTTTTTTTTTT................................TTTTTTTTTTT..................TTTTTTTTWWWWWWWWWWWWWWWWWWWWWWTTTTTTTTTTTTTTTTTTTTT.....WWWWWWWWWWWWWWWWWWWWWWWWWWWWWWWWWWWWWWWWWWWWWWWWWWWWWWWWWWWWWWSSSSSSSSSSSSSSSSSSSSSSSSSSSSSSSSSSSSSSSSSSWWWWWWWWWWWWWWWWWWWWWWWWWWWWWWWWWWWWWWWWWWWWWWWWWWWWWWWWWWWWWW..WWWWWWWWWWWWWWWWWWWWWWWWWWWWWWWWWWWWWWWWWWWWWWWW..@...........................TTTTTTTTTT......................................TTTTT@@@@@@@@@@@@@@@@@@@@@@@@@@@@@@@@@@@@@
@@@@@@@@@@@@@@@@@@@@@@@@@@@@@@@@@@@@@@@@@@@@@@@@TTTTTTTTTTT................................TTTTTTTTTTT..................TTTTTTTTWWWWWWWWWWWWWWWWWWWWWWTTTTTTTTTTTTTTTTTTTTT.....WWWWWWWWWWWWWWWWWWWWWWWWWWWWWWWWWWWWWWWWWWWWWWWWWWWWWWWWWWWWWWSSSSSSSSSSSSSSSSSSSSSSSSSSSSSSSSSSSSSSSSSSWWWWWWWWWWWWWWWWWWWWWWWWWWWWWWWWWWWWWWWWWWWWWWWWWWWWWWWWWWWWWW..WWWWWWWWWWWWWWWWWWWWWWWWWWWWWWWWWWWWWWWWWWWWWWWW..@...........................TTTTTTTTTT......................................TTTTT@@@@@@@@@@@@@@@@@@@@@@@@@@@@@@@@@@@@@
@@@@@@@@@@@@@@@@@@@@@@@@@@@@@@@@@@@@@@@@@@@@@@@@TTTTTTTTTTTTTT..........................TTTTTTTTTTTTTTTT................TTTTTTTTWWWWWWWWWWWWWWWWWWWTTTTTTTTTTTTTTTTTTTTTTTTTTT..WWWWWWWWWWWWWWWWWWWWWWWWWWWWWWWWWWWWWWWWWWWWWWWWWWWWWWWWWWWSSSSSSSSSSSSSSSSSSS.....SSSSSSSSSSSSSSSSSSSSSSSSSSSWWWWWWWWWWWWWWWWWWWWWWWWWWWWWWWWWWWWWWWWWWWWWWWWWW..............WWWWWWWWWWWWWWWWWWWWWWWWWWWWWWWWWWWWWWWW....@.............................TTT.............................................TTT@@@@@@@@@@@@@@@@@@@@@@@@@@@@@@@@@@@@@
@@@@@@@@@@@@@@@@@@@@@@@@@@@@@@@@@@@@@@@@@@@@@@@@TTTTTTTTTTTTTT..........................TTTTTTTTTTTTTTTT................TTTTTTTTWWWWWWWWWWWWWWWWWWWTTTTTTTTTTTTTTTTTTTTTTTTTTT..WWWWWWWWWWWWWWWWWWWWWWWWWWWWWWWWWWWWWWWWWWWWWWWWWWWWWWWWWWWSSSSSSSSSSSSSSSSSSS.....SSSSSSSSSSSSSSSSSSSSSSSSSSSWWWWWWWWWWWWWWWWWWWWWWWWWWWWWWWWWWWWWWWWWWWWWWWWWW..............WWWWWWWWWWWWWWWWWWWWWWWWWWWWWWWWWWWWWWWW....@.............................TTT.............................................TTT@@@@@@@@@@@@@@@@@@@@@@@@@@@@@@@@@@@@@
@@@@@@@@@@@@@@@@@@@@@@@@@@@@@@@@@@@@@@@@@@@@@@@@TTTTTTTTTTTTTT..........................TTTTTTTTTTTTTTTT................TTTTTTTTWWWWWWWWWWWWWWWWWWWTTTTTTTTTTTTTTTTTTTTTTTTTTT..WWWWWWWWWWWWWWWWWWWWWWWWWWWWWWWWWWWWWWWWWWWWWWWWWWWWWWWWWWWSSSSSSSSSSSSSSSSSSS.....SSSSSSSSSSSSSSSSSSSSSSSSSSSWWWWWWWWWWWWWWWWWWWWWWWWWWWWWWWWWWWWWWWWWWWWWWWWWW..............WWWWWWWWWWWWWWWWWWWWWWWWWWWWWWWWWWWWWWWW....@.............................TTT.............................................TTT@@@@@@@@@@@@@@@@@@@@@@@@@@@@@@@@@@@@@
@@@@@@@@@@@@@@@@@@@@@@@@@@@@@@@@@@@@@@@@@@@@@@@@TTTTTTTTTTTTTT..........................TTTTTTTTTTTTTTTT................TTTTTTTTWWWWWWWWWWWWWWWWWWWTTTTTTTTTTTTTTTTTTTTTTTTTTT..WWWWWWWWWWWWWWWWWWWWWWWWWWWWWWWWWWWWWWWWWWWWWWWWWWWWWWWWWWWSSSSSSSSSSSSSSSSSSS.....SSSSSSSSSSSSSSSSSSSSSSSSSSSWWWWWWWWWWWWWWWWWWWWWWWWWWWWWWWWWWWWWWWWWWWWWWWWWW..............WWWWWWWWWWWWWWWWWWWWWWWWWWWWWWWWWWWWWWWW....@.............................TTT.............................................TTT@@@@@@@@@@@@@@@@@@@@@@@@@@@@@@@@@@@@@
@@@@@@@@@@@@@@@@@@@@@@@@@@@@@@@@@@@@@@@@@@@@@@@@TTTTTTTTTTTTTT..........................TTTTTTTTTTTTTTTT................TTTTTTTTWWWWWWWWWWWWWWWWWWWTTTTTTTTTTTTTTTTTTTTTTTTTTT..WWWWWWWWWWWWWWWWWWWWWWWWWWWWWWWWWWWWWWWWWWWWWWWWWWWWWWWWWWWSSSSSSSSSSSSSSSSSSS.....SSSSSSSSSSSSSSSSSSSSSSSSSSSWWWWWWWWWWWWWWWWWWWWWWWWWWWWWWWWWWWWWWWWWWWWWWWWWW..............WWWWWWWWWWWWWWWWWWWWWWWWWWWWWWWWWWWWWWWW..@@@.............................TTT.............................................TTT@@@@@@@@@@@@@@@@@@@@@@@@@@@@@@@@@@@@@
@@@@@@@@@@@@@@@@@@@@@@@@@@@@@@@@@@@@@@@@@@@@@@@@TTTTTTTT..............................TTTTTTTTTTTTTTTT........................TTTTTWWWWWWWWWWWWWWWWTTTTTTTTTTTTTTTTTTTTTTTTTTT.....WWWWWWWWWWWWWWWWWWWWWWWWWWWWWWWWWWWWWWWWWWWWWWWWWWWSSWWWSSSSSSSSSSSSSSSS...........SSSSSSSSSSSSSSSSSSSSSSSSSSWWWWWWWWWWWWWWWWWWWWWWWWWWWWWWWWWWWWWWWWWWW........TTTTTTTT........WWWWWWWWWWWWWWWWWWWWWWWW@@@@@@@@....@................................................................................@@@@@@@@@@@@@@@@@@@@@@@@@@@@@@@@@@@@@@@@
@@@@@@@@@@@@@@@@@@@@@@@@@@@@@@@@@@@@@@@@@@@@@@@@TTTTTTTT..............................TTTTTTTTTTTTTTTT........................TTTTTWWWWWWWWWWWWWWWWTTTTTTTTTTTTTTTTTTTTTTTTTTT.....WWWWWWWWWWWWWWWWWWWWWWWWWWWWWWWWWWWWWWWWWWWWWWWWWWWSSWWWSSSSSSSSSSSSSSSS...........SSSSSSSSSSSSSSSSSSSSSSSSSSWWWWWWWWWWWWWWWWWWWWWWWWWWWWWWWWWWWWWWWWWWW........TTTTTTTT........WWWWWWWWWWWWWWWWWWWWWWWW@@@@@@@@....@................................................................................@@@@@@@@@@@@@@@@@@@@@@@@@@@@@@@@@@@@@@@@
@@@@@@@@@@@@@@@@@@@@@@@@@@@@@@@@@@@@@@@@@@@@@@@@TTTTTTTT..............................TTTTTTTTTTTTTTTT........................TTTTTWWWWWWWWWWWWWWWWTTTTTTTTTTTTTTTTTTTTTTTTTTT.....WWWWWWWWWWWWWWWWWWWWWWWWWWWWWWWWWWWWWWWWWWWWWWWWWWWSSWWWSSSSSSSSSSSSSSSS...........SSSSSSSSSSSSSSSSSSSSSSSSSSWWWWWWWWWWWWWWWWWWWWWWWWWWWWWWWWWWWWWWWWWWW........TTTTTTTT........WWWWWWWWWWWWWWWWWWWWWWWW@@@@@@@@....@................................................................................@@@@@@@@@@@@@@@@@@@@@@@@@@@@@@@@@@@@@@@@
@@@@@@@@@@@@@@@@@@@@@@@@@@@@@@@@@@@@@@@@@@@@@@@@TTTTTTTT..............................TTTTTTTTTTTTTTTT........................TTTTTWWWWWWWWWWWWWWWWTTTTTTTTTTTTTTTTTTTTTTTTTTT.....WWWWWWWWWWWWWWWWWWWWWWWWWWWWWWWWWWWWWWWWWWWWWWWWWWWSSWWWSSSSSSSSSSSSSSSS...........SSSSSSSSSSSSSSSSSSSSSSSSSSWWWWWWWWWWWWWWWWWWWWWWWWWWWWWWWWWWWWWWWWWWW........TTTTTTTT........WWWWWWWWWWWWWWWWWWWWWWWW@@@@@@@@....@................................................................................@@@@@@@@@@@@@@@@@@@@@@@@@@@@@@@@@@@@@@@@
@@@@@@@@@@@@@@@@@@@@@@@@@@@@@@@@@@@@@@@@@@@@@@@@TTTTTTTT..............................TTTTTTTTTTTTTTTT........................TTTTTWWWWWWWWWWWWWWWWTTTTTTTTTTTTTTTTTTTTTTTTTTT.....WWWWWWWWWWWWWWWWWWWWWWWWWWWWWWWWWWWWWWWWWWWWWWWWWWWSSWWWSSSSSSSSSSSSSSSS...........SSSSSSSSSSSSSSSSSSSSSSSSSSWWWWWWWWWWWWWWWWWWWWWWWWWWWWWWWWWWWWWWWWWWW........TTTTTTTT........WWWWWWWWWWWWWWWWWWWWWWWW@@@@@@@@....@................................................................................@@@@@@@@@@@@@@@@@@@@@@@@@@@@@@@@@@@@@@@@
@@@@@@@@@@@@@@@@@@@@@@@@@@@@@@@@@@@@@@@@@@@@@@@@TTTTTT..................................TTTTTTTTTTT...........................TTTTTWWWWWWWWWWWWWWWWWWWTTTTTTTT..........TTTTTTTT...WWWWWWWWWWWWWWWWWWWWWWWWWWWWWWWWWWWWWWWWWWWWWWWWSSSSSSSSSSSSSSSSSSS..SSS...................SSSSSSSSSSSSSSSSSSSSSWWWWWWWWWWWWWWWWWWWWWWWWWWWWWWWWWWWWWTTTTTTTTTTTTTTTT..............WWWWW...WWWWWWWW@@@@@@@@@@@@@....@...................................................................................@@@@@@@@@@@@@@@@@@@@@@@@@@@@@@@@@@@@@
@@@@@@@@@@@@@@@@@@@@@@@@@@@@@@@@@@@@@@@@@@@@@@@@TTTTTT..................................TTTTTTTTTTT...........................TTTTTWWWWWWWWWWWWWWWWWWWTTTTTTTT..........TTTTTTTT...WWWWWWWWWWWWWWWWWWWWWWWWWWWWWWWWWWWWWWWWWWWWWWWWSSSSSSSSSSSSSSSSSSS..SSS...................SSSSSSSSSSSSSSSSSSSSSWWWWWWWWWWWWWWWWWWWWWWWWWWWWWWWWWWWWWTTTTTTTTTTTTTTTT..............WWWWW...WWWWWWWW@@@@@@@@@@@@@....@...................................................................................@@@@@@@@@@@@@@@@@@@@@@@@@@@@@@@@@@@@@
@@@@@@@@@@@@@@@@@@@@@@@@@@@@@@@@@@@@@@@@@@@@@@@@TTTTTT..................................TTTTTTTTTTT...........................TTTTTWWWWWWWWWWWWWWWWWWWTTTTTTTT..........TTTTTTTT...WWWWWWWWWWWWWWWWWWWWWWWWWWWWWWWWWWWWWWWWWWWWWWWWSSSSSSSSSSSSSSSSSSS..SSS...................SSSSSSSSSSSSSSSSSSSSSWWWWWWWWWWWWWWWWWWWWWWWWWWWWWWWWWWWWWTTTTTTTTTTTTTTTT..............WWWWW...WWWWWWWW@@@@@@@@@@@@@....@...................................................................................@@@@@@@@@@@@@@@@@@@@@@@@@@@@@@@@@@@@@
@@@@@@@@@@@@@@@@@@@@@@@@@@@@@@@@@@@@@@@@@@@@@@@@TTTTTT..................................TTTTTTTTTTT...........................TTTTTWWWWWWWWWWWWWWWWWWWTTTTTTTT..........TTTTTTTT...WWWWWWWWWWWWWWWWWWWWWWWWWWWWWWWWWWWWWWWWWWWWWWWWSSSSSSSSSSSSSSSSSSS..SSS...................SSSSSSSSSSSSSSSSSSSSSWWWWWWWWWWWWWWWWWWWWWWWWWWWWWWWWWWWWWTTTTTTTTTTTTTTTT..............WWWWW...WWWWWWWW@@@@@@@@@@@@@....@...................................................................................@@@@@@@@@@@@@@@@@@@@@@@@@@@@@@@@@@@@@
@@@@@@@@@@@@@@@@@@@@@@@@@@@@@@@@@@@@@@@@@@@@@@@@TTTTTT..................................TTTTTTTTTTT...........................TTTTTWWWWWWWWWWWWWWWWWWWTTTTTTTT..........TTTTTTTT...WWWWWWWWWWWWWWWWWWWWWWWWWWWWWWWWWWWWWWWWWWWWWWWWSSSSSSSSSSSSSSSSSSS..SSS...................SSSSSSSSSSSSSSSSSSSSSWWWWWWWWWWWWWWWWWWWWWWWWWWWWWWWWWWWWWTTTTTTTTTTTTTTTT..............WWWWW...WWWWWWWW@@@@@@@@@@@@@....@...................................................................................@@@@@@@@@@@@@@@@@@@@@@@@@@@@@@@@@@@@@
@@@@@@@@@@@@@@@@@@@@@@@@@@@@@@@@@@@@@@@@@@@@@@@@TTTTTT..................................TTTTTTTTTTT...........................TTTTTWWWWWWWWWWWWWWWWWWWTTTTTTTT..........TTTTTTTT...WWWWWWWWWWWWWWWWWWWWWWWWWWWWWWWWWWWWWWWWWWWWWWWWSSSSSSSSSSSSSSSSSSS..SSS...................SSSSSSSSSSSSSSSSSSSSSWWWWWWWWWWWWWWWWWWWWWWWWWWWWWWWWWWWWWTTTTTTTTTTTTTTTT..............WWWWW...WWWWWWWW@@@@@@@@@@@@@....@@@@................................................................................@@@@@@@@@@@@@@@@@@@@@@@@@@@@@@@@@@@@@
@@@@@@@@@@@@@@@@@@@@@@@@@@@@@@@@@@@@@@@@@@@@@@@@@@@TTT.....................................TTT..................................TTTWWWWWWWWWWWWWWWWWWWWWTTTTTT.............TTTTT........WWWWWWWWWWWWWWWWWWWWWWWWWWWWWWWWWWWWWWWWWWWSSSSSSSSSSSSSSSS...........................SSSSSSSSSSSSSSSSSSSSSSSSSSWWWWWWWWWWWWWWWWWWWWWWWWWWWWWWTTTTTTTTTTTTTTTTTTTTT........................@@@@@@@@@@@@@@@@@@@....@................................................................................@@@@@@@@@@@@@@@@@@@@@@@@@@@@@@@@@@@@@
@@@@@@@@@@@@@@@@@@@@@@@@@@@@@@@@@@@@@@@@@@@@@@@@@@@TTT.....................................TTT..................................TTTWWWWWWWWWWWWWWWWWWWWWTTTTTT.............TTTTT........WWWWWWWWWWWWWWWWWWWWWWWWWWWWWWWWWWWWWWWWWWWSSSSSSSSSSSSSSSS...........................SSSSSSSSSSSSSSSSSSSSSSSSSSWWWWWWWWWWWWWWWWWWWWWWWWWWWWWWTTTTTTTTTTTTTTTTTTTTT........................@@@@@@@@@@@@@@@@@@@....@................................................................................@@@@@@@@@@@@@@@@@@@@@@@@@@@@@@@@@@@@@
@@@@@@@@@@@@@@@@@@@@@@@@@@@@@@@@@@@@@@@@@@@@@@@@@@@TTT.....................................TTT..................................TTTWWWWWWWWWWWWWWWWWWWWWTTTTTT.............TTTTT........WWWWWWWWWWWWWWWWWWWWWWWWWWWWWWWWWWWWWWWWWWWSSSSSSSSSSSSSSSS...........................SSSSSSSSSSSSSSSSSSSSSSSSSSWWWWWWWWWWWWWWWWWWWWWWWWWWWWWWTTTTTTTTTTTTTTTTTTTTT........................@@@@@@@@@@@@@@@@@@@....@................................................................................@@@@@@@@@@@@@@@@@@@@@@@@@@@@@@@@@@@@@
@@@@@@@@@@@@@@@@@@@@@@@@@@@@@@@@@@@@@@@@@@@@@@@@@@@TTT.....................................TTT..................................TTTWWWWWWWWWWWWWWWWWWWWWTTTTTT.............TTTTT........WWWWWWWWWWWWWWWWWWWWWWWWWWWWWWWWWWWWWWWWWWWSSSSSSSSSSSSSSSS...........................SSSSSSSSSSSSSSSSSSSSSSSSSSWWWWWWWWWWWWWWWWWWWWWWWWWWWWWWTTTTTTTTTTTTTTTTTTTTT........................@@@@@@@@@@@@@@@@@@@....@................................................................................@@@@@@@@@@@@@@@@@@@@@@@@@@@@@@@@@@@@@
@@@@@@@@@@@@@@@@@@@@@@@@@@@@@@@@@@@@@@@@@@@@@@@@@@@TTT.....................................TTT..................................TTTWWWWWWWWWWWWWWWWWWWWWTTTTTT.............TTTTT........WWWWWWWWWWWWWWWWWWWWWWWWWWWWWWWWWWWWWWWWWWWSSSSSSSSSSSSSSSS...........................SSSSSSSSSSSSSSSSSSSSSSSSSSWWWWWWWWWWWWWWWWWWWWWWWWWWWWWWTTTTTTTTTTTTTTTTTTTTT........................@@@@@@@@@@@@@@@@@@@....@................................................................................@@@@@@@@@@@@@@@@@@@@@@@@@@@@@@@@@@@@@
@@@@@@@@@@@@@@@@@@@@@@@@@@@@@@@@@@@@@@@@@@@@@@@@@@@TTT..........................................................................TTTTTTWWWWWWWWWWWWWWWWWWWWW................TTTTTTTTTTT.....WWWWWWWWWWWWWWWWWWWWWWWWWWWWWWWWWWWWWWWWSSSSSSSSSSSSSSSS.............................SSSSSSSSSSSSSSSSSSSSSSSSSSSWWWWWWWWWWWWWWWWWWWWWWWWWWWTTTTTTTTTTTTT...................................@@@@@@@@@@@@@@@@@@..@................................................................................@@@@@@@@@@@@@@@@@@@@@@@@@@@@@@@@@@@@@
@@@@@@@@@@@@@@@@@@@@@@@@@@@@@@@@@@@@@@@@@@@@@@@@@@@TTT..........................................................................TTTTTTWWWWWWWWWWWWWWWWWWWWW................TTTTTTTTTTT.....WWWWWWWWWWWWWWWWWWWWWWWWWWWWWWWWWWWWWWWWSSSSSSSSSSSSSSSS.............................SSSSSSSSSSSSSSSSSSSSSSSSSSSWWWWWWWWWWWWWWWWWWWWWWWWWWWTTTTTTTTTTTTT...................................@@@@@@@@@@@@@@@@@@..@................................................................................@@@@@@@@@@@@@@@@@@@@@@@@@@@@@@@@@@@@@
@@@@@@@@@@@@@@@@@@@@@@@@@@@@@@@@@@@@@@@@@@@@@@@@@@@TTT..........................................................................TTTTTTWWWWWWWWWWWWWWWWWWWWW................TTTTTTTTTTT.....WWWWWWWWWWWWWWWWWWWWWWWWWWWWWWWWWWWWWWWWSSSSSSSSSSSSSSSS.............................SSSSSSSSSSSSSSSSSSSSSSSSSSSWWWWWWWWWWWWWWWWWWWWWWWWWWWTTTTTTTTTTTTT...................................@@@@@@@@@@@@@@@@@@..@................................................................................@@@@@@@@@@@@@@@@@@@@@@@@@@@@@@@@@@@@@
@@@@@@@@@@@@@@@@@@@@@@@@@@@@@@@@@@@@@@@@@@@@@@@@@@@TTT..........................................................................TTTTTTWWWWWWWWWWWWWWWWWWWWW................TTTTTTTTTTT.....WWWWWWWWWWWWWWWWWWWWWWWWWWWWWWWWWWWWWWWWSSSSSSSSSSSSSSSS.............................SSSSSSSSSSSSSSSSSSSSSSSSSSSWWWWWWWWWWWWWWWWWWWWWWWWWWWTTTTTTTTTTTTT...................................@@@@@@@@@@@@@@@@@@..@................................................................................@@@@@@@@@@@@@@@@@@@@@@@@@@@@@@@@@@@@@
@@@@@@@@@@@@@@@@@@@@@@@@@@@@@@@@@@@@@@@@@@@@@@@@@@@TTT..........................................................................TTTTTTWWWWWWWWWWWWWWWWWWWWW................TTTTTTTTTTT.....WWWWWWWWWWWWWWWWWWWWWWWWWWWWWWWWWWWWWWWWSSSSSSSSSSSSSSSS.............................SSSSSSSSSSSSSSSSSSSSSSSSSSSWWWWWWWWWWWWWWWWWWWWWWWWWWWTTTTTTTTTTTTT...................................@@@@@@@@@@@@@@@@@@..@@@@.............@@@.............................................................@@@@@@@@@@@@@@@@@@@@@@@@@@@@@@@@@@@@@
@@@@@@@@@@@@@@@@@@@@@@@@@@@@@@@@@@@@@@@@@@@@@@@@TTT.............................................................................TTTWWWWWWWWWWWWWWWWWWWWW......................TTTTTTTTTT...WWWWWWWWWWWWWWWWWWWWWWWWWWWWWWWWWWWWWSSSSSSSSSSSSSSSSSSSSSS................................SSSSSSSSSSSSSSSSSSSSSSSSWWWWWWWWWWWWWWWWWWWWWTTTTTTTTTTTTTTTT...................................@@@@@@@@@@@@@@@@@@.....@............@..@.............................................................@@@@@@@@@@@@@@@@@@@@@@@@@@@@@@@@@@@@@
@@@@@@@@@@@@@@@@@@@@@@@@@@@@@@@@@@@@@@@@@@@@@@@@TTT.............................................................................TTTWWWWWWWWWWWWWWWWWWWWW......................TTTTTTTTTT...WWWWWWWWWWWWWWWWWWWWWWWWWWWWWWWWWWWWWSSSSSSSSSSSSSSSSSSSSSS................................SSSSSSSSSSSSSSSSSSSSSSSSWWWWWWWWWWWWWWWWWWWWWTTTTTTTTTTTTTTTT...................................@@@@@@@@@@@@@@@@@@.....@............@..@.............................................................@@@@@@@@@@@@@@@@@@@@@@@@@@@@@@@@@@@@@
@@@@@@@@@@@@@@@@@@@@@@@@@@@@@@@@@@@@@@@@@@@@@@@@TTT.............................................................................TTTWWWWWWWWWWWWWWWWWWWWW......................TTTTTTTTTT...WWWWWWWWWWWWWWWWWWWWWWWWWWWWWWWWWWWWWSSSSSSSSSSSSSSSSSSSSSS................................SSSSSSSSSSSSSSSSSSSSSSSSWWWWWWWWWWWWWWWWWWWWWTTTTTTTTTTTTTTTT...................................@@@@@@@@@@@@@@@@@@.....@............@..@.............................................................@@@@@@@@@@@@@@@@@@@@@@@@@@@@@@@@@@@@@
@@@@@@@@@@@@@@@@@@@@@@@@@@@@@@@@@@@@@@@@@@@@@@@@TTT.............................................................................TTTWWWWWWWWWWWWWWWWWWWWW......................TTTTTTTTTT...WWWWWWWWWWWWWWWWWWWWWWWWWWWWWWWWWWWWWSSSSSSSSSSSSSSSSSSSSSS................................SSSSSSSSSSSSSSSSSSSSSSSSWWWWWWWWWWWWWWWWWWWWWTTTTTTTTTTTTTTTT...................................@@@@@@@@@@@@@@@@@@.....@............@..@.............................................................@@@@@@@@@@@@@@@@@@@@@@@@@@@@@@@@@@@@@
@@@@@@@@@@@@@@@@@@@@@@@@@@@@@@@@@@@@@@@@@@@@@@@@TTT.............................................................................TTTWWWWWWWWWWWWWWWWWWWWW......................TTTTTTTTTT...WWWWWWWWWWWWWWWWWWWWWWWWWWWWWWWWWWWWWSSSSSSSSSSSSSSSSSSSSSS................................SSSSSSSSSSSSSSSSSSSSSSSSWWWWWWWWWWWWWWWWWWWWWTTTTTTTTTTTTTTTT...................................@@@@@@@@@@@@@@@@@@.....@............@..@.............................................................@@@@@@@@@@@@@@@@@@@@@@@@@@@@@@@@@@@@@
@@@@@@@@@@@@@@@@@@@@@@@@@@@@@@@@@@@@@@@@@@@@@@@@TTT.............................................................................TTTWWWWWWWWWWWWWWWWWWWWW......................TTTTTTTTTT...WWWWWWWWWWWWWWWWWWWWWWWWWWWWWWWWWWWWWSSSSSSSSSSSSSSSSSSSSSS................................SSSSSSSSSSSSSSSSSSSSSSSSWWWWWWWWWWWWWWWWWWWWWTTTTTTTTTTTTTTTT...................................@@@@@@@@@@@@@@@@@@.....@@@@@@...@@@@@..@.............................................................@@@@@@@@@@@@@@@@@@@@@@@@@@@@@@@@@@@@@
@@@@@@@@@@@@@@@@@@@@@@@@@@@@@@@@@@@@@@@@@@@@@@@@TTT...........................................................................TTTTTWWWWWWWWWWWWWWWW.............................TTTTTT........WWWWWWWWWWWWWWWWWWWWWWWWWWWWWSSSSSSSSSSSSSSSS...SSSSS........................................SSSSSSSSSSSSSSSSSSSWWWWWWWWWWWWWWWWWWWWWTTTTTTTTTTT........................................@@@@@@@@@@WWWWWWWWWWW.......@..@.......@..........................................................TTT@@@@@@@@@@@@@@@@@@@@@@@@@@@@@@@@@@@@@
@@@@@@@@@@@@@@@@@@@@@@@@@@@@@@@@@@@@@@@@@@@@@@@@TTT...........................................................................TTTTTWWWWWWWWWWWWWWWW.............................TTTTTT........WWWWWWWWWWWWWWWWWWWWWWWWWWWWWSSSSSSSSSSSSSSSS...SSSSS........................................SSSSSSSSSSSSSSSSSSSWWWWWWWWWWWWWWWWWWWWWTTTTTTTTTTT........................................@@@@@@@@@@WWWWWWWWWWW.......@..@.......@..........................................................TTT@@@@@@@@@@@@@@@@@@@@@@@@@@@@@@@@@@@@@
@@@@@@@@@@@@@@@@@@@@@@@@@@@@@@@@@@@@@@@@@@@@@@@@TTT...........................................................................TTTTTWWWWWWWWWWWWWWWW.............................TTTTTT........WWWWWWWWWWWWWWWWWWWWWWWWWWWWWSSSSSSSSSSSSSSSS...SSSSS........................................SSSSSSSSSSSSSSSSSSSWWWWWWWWWWWWWWWWWWWWWTTTTTTTTTTT........................................@@@@@@@@@@WWWWWWWWWWW.......@..@.......@..........................................................TTT@@@@@@@@@@@@@@@@@@@@@@@@@@@@@@@@@@@@@
@@@@@@@@@@@@@@@@@@@@@@@@@@@@@@@@@@@@@@@@@@@@@@@@TTT...........................................................................TTTTTWWWWWWWWWWWWWWWW.............................TTTTTT........WWWWWWWWWWWWWWWWWWWWWWWWWWWWWSSSSSSSSSSSSSSSS...SSSSS........................................SSSSSSSSSSSSSSSSSSSWWWWWWWWWWWWWWWWWWWWWTTTTTTTTTTT........................................@@@@@@@@@@WWWWWWWWWWW.......@..@.......@..........................................................TTT@@@@@@@@@@@@@@@@@@@@@@@@@@@@@@@@@@@@@
@@@@@@@@@@@@@@@@@@@@@@@@@@@@@@@@@@@@@@@@@@@@@@@@TTT...........................................................................TTTTTWWWWWWWWWWWWWWWW.............................TTTTTT........WWWWWWWWWWWWWWWWWWWWWWWWWWWWWSSSSSSSSSSSSSSSS...SSSSS........................................SSSSSSSSSSSSSSSSSSSWWWWWWWWWWWWWWWWWWWWWTTTTTTTTTTT........................................@@@@@@@@@@WWWWWWWWWWW.......@@@@.......@.....@@@..................................................TTT@@@@@@@@@@@@@@@@@@@@@@@@@@@@@@@@@@@@@
@@@@@@@@@@@@@@@@@@@@@@@@@@@@@@@@@@@@@@@@@@@@@@@@TTT...........................................................................TTTTTWWWWWWWWWWWWW...........................................WWWWWWWWWWWWWWWWWWWWWWWWWWWSSSSSSSSSSSSSSSS........................................................SSSSSSSSSSSSSSSSSSSSSWWWWWWWWWWWWWTTTTTTTTTTT................................................WWWWWWWWWWWWWWWWWWWWW........WWW..@....@..@.....................................................@@@@@@@@@@@@@@@@@@@@@@@@@@@@@@@@@@@@@
@@@@@@@@@@@@@@@@@@@@@@@@@@@@@@@@@@@@@@@@@@@@@@@@TTT...........................................................................TTTTTWWWWWWWWWWWWW...........................................WWWWWWWWWWWWWWWWWWWWWWWWWWWSSSSSSSSSSSSSSSS........................................................SSSSSSSSSSSSSSSSSSSSSWWWWWWWWWWWWWTTTTTTTTTTT................................................WWWWWWWWWWWWWWWWWWWWW........WWW..@....@..@.....................................................@@@@@@@@@@@@@@@@@@@@@@@@@@@@@@@@@@@@@
@@@@@@@@@@@@@@@@@@@@@@@@@@@@@@@@@@@@@@@@@@@@@@@@TTT...........................................................................TTTTTWWWWWWWWWWWWW...........................................WWWWWWWWWWWWWWWWWWWWWWWWWWWSSSSSSSSSSSSSSSS........................................................SSSSSSSSSSSSSSSSSSSSSWWWWWWWWWWWWWTTTTTTTTTTT................................................WWWWWWWWWWWWWWWWWWWWW........WWW..@....@..@.....................................................@@@@@@@@@@@@@@@@@@@@@@@@@@@@@@@@@@@@@
@@@@@@@@@@@@@@@@@@@@@@@@@@@@@@@@@@@@@@@@@@@@@@@@TTT...........................................................................TTTTTWWWWWWWWWWWWW...........................................WWWWWWWWWWWWWWWWWWWWWWWWWWWSSSSSSSSSSSSSSSS........................................................SSSSSSSSSSSSSSSSSSSSSWWWWWWWWWWWWWTTTTTTTTTTT................................................WWWWWWWWWWWWWWWWWWWWW........WWW..@....@..@.....................................................@@@@@@@@@@@@@@@@@@@@@@@@@@@@@@@@@@@@@
@@@@@@@@@@@@@@@@@@@@@@@@@@@@@@@@@@@@@@@@@@@@@@@@TTT...........................................................................TTTTTWWWWWWWWWWWWW...........................................WWWWWWWWWWWWWWWWWWWWWWWWWWWSSSSSSSSSSSSSSSS........................................................SSSSSSSSSSSSSSSSSSSSSWWWWWWWWWWWWWTTTTTTTTTTT................................................WWWWWWWWWWWWWWWWWWWWW........WWW..@@@@@@..@.....................................................@@@@@@@@@@@@@@@@@@@@@@@@@@@@@@@@@@@@@
@@@@@@@@@@@@@@@@@@@@@@@@@@@@@@@@@@@@@@@@@@@@@@@@...........................................................................TTTTTWWWWWWWWWWWWWW.............................................WWWWWWWWWWWWWWWWWWWWWWWWSSSSSSSSSSSSSSSSSSS..........................................................SSSSSSSSSSSSSSSSSSSSSSWWWWWWWWWWTTTTTTTTTTT...................................................WWWWWWWWWWWWWWWWWWWWWWWWWWWWW..........@.....................................................@@@@@@@@@@@@@@@@@@@@@@@@@@@@@@@@@@@@@
@@@@@@@@@@@@@@@@@@@@@@@@@@@@@@@@@@@@@@@@@@@@@@@@...........................................................................TTTTTWWWWWWWWWWWWWW.............................................WWWWWWWWWWWWWWWWWWWWWWWWSSSSSSSSSSSSSSSSSSS..........................................................SSSSSSSSSSSSSSSSSSSSSSWWWWWWWWWWTTTTTTTTTTT...................................................WWWWWWWWWWWWWWWWWWWWWWWWWWWWW..........@.....................................................@@@@@@@@@@@@@@@@@@@@@@@@@@@@@@@@@@@@@
@@@@@@@@@@@@@@@@@@@@@@@@@@@@@@@@@@@@@@@@@@@@@@@@...........................................................................TTTTTWWWWWWWWWWWWWW.............................................WWWWWWWWWWWWWWWWWWWWWWWWSSSSSSSSSSSSSSSSSSS..........................................................SSSSSSSSSSSSSSSSSSSSSSWWWWWWWWWWTTTTTTTTTTT...................................................WWWWWWWWWWWWWWWWWWWWWWWWWWWWW..........@.....................................................@@@@@@@@@@@@@@@@@@@@@@@@@@@@@@@@@@@@@
@@@@@@@@@@@@@@@@@@@@@@@@@@@@@@@@@@@@@@@@@@@@@@@@...........................................................................TTTTTWWWWWWWWWWWWWW.............................................WWWWWWWWWWWWWWWWWWWWWWWWSSSSSSSSSSSSSSSSSSS..........................................................SSSSSSSSSSSSSSSSSSSSSSWWWWWWWWWWTTTTTTTTTTT...................................................WWWWWWWWWWWWWWWWWWWWWWWWWWWWW..........@.....................................................@@@@@@@@@@@@@@@@@@@@@@@@@@@@@@@@@@@@@
@@@@@@@@@@@@@@@@@@@@@@@@@@@@@@@@@@@@@@@@@@@@@@@@...........................................................................TTTTTWWWWWWWWWWWWWW.............................................WWWWWWWWWWWWWWWWWWWWWWWWSSSSSSSSSSSSSSSSSSS..........................................................SSSSSSSSSSSSSSSSSSSSSSWWWWWWWWWWTTTTTTTTTTT...................................................WWWWWWWWWWWWWWWWWWWWWWWWWWWWW..........@.....................................................@@@@@@@@@@@@@@@@@@@@@@@@@@@@@@@@@@@@@
@@@@@@@@@@@@@@@@@@@@@@@@@@@@@@@@@@@@@@@@@@@@@@@@...........................................................................TTTTTWWWWWWWWWWWWWW.............................................WWWWWWWWWWWWWWWWWWWWWWWWSSSSSSSSSSSSSSSSSSS..........................................................SSSSSSSSSSSSSSSSSSSSSSWWWWWWWWWWTTTTTTTTTTT...................................................WWWWWWWWWWWWWWWWWWWWWWWWWWWWW..........@@@...................................................@@@@@@@@@@@@@@@@@@@@@@@@@@@@@@@@@@@@@
@@@@@@@@@@@@@@@@@@@@@@@@@@@@@@@@@@@@@@@@@@@@@@@@..@.......................................@...........................TTTTTTTTWWWWWWWWWWWWWWWW..........................................WWWWWWWWWWWWWWWWWWWWWWWWWWWWWWSSSSSSSSSSSSS...................TTTTTTTT..........TTTTTT.....TTTTT........SSSSSSSSSSSSSSSSSSSWWWWWWWWWWWWWWWWTTTTTTTT...................................................WWWWWWWWWWWWWWWWWWWWWWWWWWWWWWWW..WWW....@...............@...................................@@@@@@@@@@@@@@@@@@@@@@@@@@@@@@@@@@@@@
@@@@@@@@@@@@@@@@@@@@@@@@@@@@@@@@@@@@@@@@@@@@@@@@..@.......................................@...........................TTTTTTTTWWWWWWWWWWWWWWWW..........................................WWWWWWWWWWWWWWWWWWWWWWWWWWWWWWSSSSSSSSSSSSS...................TTTTTTTT..........TTTTTT.....TTTTT........SSSSSSSSSSSSSSSSSSSWWWWWWWWWWWWWWWWTTTTTTTT...................................................WWWWWWWWWWWWWWWWWWWWWWWWWWWWWWWW..WWW....@...............@...................................@@@@@@@@@@@@@@@@@@@@@@@@@@@@@@@@@@@@@
@@@@@@@@@@@@@@@@@@@@@@@@@@@@@@@@@@@@@@@@@@@@@@@@..@.......................................@...........................TTTTTTTTWWWWWWWWWWWWWWWW..........................................WWWWWWWWWWWWWWWWWWWWWWWWWWWWWWSSSSSSSSSSSSS...................TTTTTTTT..........TTTTTT.....TTTTT........SSSSSSSSSSSSSSSSSSSWWWWWWWWWWWWWWWWTTTTTTTT...................................................WWWWWWWWWWWWWWWWWWWWWWWWWWWWWWWW..WWW....@...............@...................................@@@@@@@@@@@@@@@@@@@@@@@@@@@@@@@@@@@@@
@@@@@@@@@@@@@@@@@@@@@@@@@@@@@@@@@@@@@@@@@@@@@@@@..@.......................................@...........................TTTTTTTTWWWWWWWWWWWWWWWW..........................................WWWWWWWWWWWWWWWWWWWWWWWWWWWWWWSSSSSSSSSSSSS...................TTTTTTTT..........TTTTTT.....TTTTT........SSSSSSSSSSSSSSSSSSSWWWWWWWWWWWWWWWWTTTTTTTT...................................................WWWWWWWWWWWWWWWWWWWWWWWWWWWWWWWW..WWW....@...............@...................................@@@@@@@@@@@@@@@@@@@@@@@@@@@@@@@@@@@@@
@@@@@@@@@@@@@@@@@@@@@@@@@@@@@@@@@@@@@@@@@@@@@@@@@@@.......................................@@@@@@......................TTTTTTTTWWWWWWWWWWWWWWWW..........................................WWWWWWWWWWWWWWWWWWWWWWWWWWWWWWSSSSSSSSSSSSS...................TTTTTTTT..........TTTTTT.....TTTTT........SSSSSSSSSSSSSSSSSSSWWWWWWWWWWWWWWWWTTTTTTTT...................................................WWWWWWWWWWWWWWWWWWWWWWWWWWWWWWWW..WWW....@@@@...........@@...................................@@@@@@@@@@@@@@@@@@@@@@@@@@@@@@@@@@@@@
@@@@@@@@@@@@@@@@@@@@@@@@@@@@@@@@@@@@@@@@@@@@@@@@................................................TTTTTTTT......TTTTTTTTTTWWWWWWWWWWWWWWWWWWW.............................................WWWWWWWWWWWWWWWWWWWSSSWWSSSWWWSSSSSSSSSSSSS.............TTTTTTTTTTTTTTTTTTT...TTTTTTTTTTTTTTTTTTTTT...........SSSSSSSSSSSSSSSSWWWWWWWWWWWWWTTTTTTTT...................................................WWWWWWWWWWWWWWWWWWWWWWWWWWWWWWWWWWWWW.......@..........@.....................................@@@@@@@@@@@@@@@@@@@@@@@@@@@@@@@@@@@@@
@@@@@@@@@@@@@@@@@@@@@@@@@@@@@@@@@@@@@@@@@@@@@@@@................................................TTTTTTTT......TTTTTTTTTTWWWWWWWWWWWWWWWWWWW.............................................WWWWWWWWWWWWWWWWWWWSSSWWSSSWWWSSSSSSSSSSSSS.............TTTTTTTTTTTTTTTTTTT...TTTTTTTTTTTTTTTTTTTTT...........SSSSSSSSSSSSSSSSWWWWWWWWWWWWWTTTTTTTT...................................................WWWWWWWWWWWWWWWWWWWWWWWWWWWWWWWWWWWWW.......@..........@.....................................@@@@@@@@@@@@@@@@@@@@@@@@@@@@@@@@@@@@@
@@@@@@@@@@@@@@@@@@@@@@@@@@@@@@@@@@@@@@@@@@@@@@@@................................................TTTTTTTT......TTTTTTTTTTWWWWWWWWWWWWWWWWWWW.............................................WWWWWWWWWWWWWWWWWWWSSSWWSSSWWWSSSSSSSSSSSSS.............TTTTTTTTTTTTTTTTTTT...TTTTTTTTTTTTTTTTTTTTT...........SSSSSSSSSSSSSSSSWWWWWWWWWWWWWTTTTTTTT...................................................WWWWWWWWWWWWWWWWWWWWWWWWWWWWWWWWWWWWW.......@..........@.....................................@@@@@@@@@@@@@@@@@@@@@@@@@@@@@@@@@@@@@
@@@@@@@@@@@@@@@@@@@@@@@@@@@@@@@@@@@@@@@@@@@@@@@@................................................TTTTTTTT......TTTTTTTTTTWWWWWWWWWWWWWWWWWWW.............................................WWWWWWWWWWWWWWWWWWWSSSWWSSSWWWSSSSSSSSSSSSS.............TTTTTTTTTTTTTTTTTTT...TTTTTTTTTTTTTTTTTTTTT...........SSSSSSSSSSSSSSSSWWWWWWWWWWWWWTTTTTTTT...................................................WWWWWWWWWWWWWWWWWWWWWWWWWWWWWWWWWWWWW.......@..........@.....................................@@@@@@@@@@@@@@@@@@@@@@@@@@@@@@@@@@@@@
@@@@@@@@@@@@@@@@@@@@@@@@@@@@@@@@@@@@@@@@@@@@@@@@................................................TTTTTTTT......TTTTTTTTTTWWWWWWWWWWWWWWWWWWW.............................................WWWWWWWWWWWWWWWWWWWSSSWWSSSWWWSSSSSSSSSSSSS.............TTTTTTTTTTTTTTTTTTT...TTTTTTTTTTTTTTTTTTTTT...........SSSSSSSSSSSSSSSSWWWWWWWWWWWWWTTTTTTTT...................................................WWWWWWWWWWWWWWWWWWWWWWWWWWWWWWWWWWWWW.......@..........@.....................................@@@@@@@@@@@@@@@@@@@@@@@@@@@@@@@@@@@@@
@@@@@@@@@@@@@@@@@@@@@@@@@@@@@@@@@@@@@@@@@@@@@@@@................................................TTTWWWTTTTTTTTTTTTTWWWWWWWWWWWWWWWWWWWWW................................................WWWWWWWWWWWWWWWWWWWSSSSSSSSSSSSSSSSSSSSS................TTTTTTTTTTTTTTTTTTTTTTTTTTTTTTTTTTTTTTTTTTT.............SSSSSSSSSSSSSSWWWWWWWWWWWWWTTTTTTTTTTTTT........................................TTT.....WWWWWWWWWWWWWWWWWWWWWWWWWWWWWWWWWWWWWWWW..@..........@.....................................@@@@@@@@@@@@@@@@@@@@@@@@@@@@@@@@@@@@@
@@@@@@@@@@@@@@@@@@@@@@@@@@@@@@@@@@@@@@@@@@@@@@@@................................................TTTWWWTTTTTTTTTTTTTWWWWWWWWWWWWWWWWWWWWW................................................WWWWWWWWWWWWWWWWWWWSSSSSSSSSSSSSSSSSSSSS................TTTTTTTTTTTTTTTTTTTTTTTTTTTTTTTTTTTTTTTTTTT.............SSSSSSSSSSSSSSWWWWWWWWWWWWWTTTTTTTTTTTTT........................................TTT.....WWWWWWWWWWWWWWWWWWWWWWWWWWWWWWWWWWWWWWWW..@..........@.....................................@@@@@@@@@@@@@@@@@@@@@@@@@@@@@@@@@@@@@
@@@@@@@@@@@@@@@@@@@@@@@@@@@@@@@@@@@@@@@@@@@@@@@@................................................TTTWWWTTTTTTTTTTTTTWWWWWWWWWWWWWWWWWWWWW................................................WWWWWWWWWWWWWWWWWWWSSSSSSSSSSSSSSSSSSSSS................TTTTTTTTTTTTTTTTTTTTTTTTTTTTTTTTTTTTTTTTTTT.............SSSSSSSSSSSSSSWWWWWWWWWWWWWTTTTTTTTTTTTT........................................TTT.....WWWWWWWWWWWWWWWWWWWWWWWWWWWWWWWWWWWWWWWW..@..........@.....................................@@@@@@@@@@@@@@@@@@@@@@@@@@@@@@@@@@@@@
@@@@@@@@@@@@@@@@@@@@@@@@@@@@@@@@@@@@@@@@@@@@@@@@................................................TTTWWWTTTTTTTTTTTTTWWWWWWWWWWWWWWWWWWWWW................................................WWWWWWWWWWWWWWWWWWWSSSSSSSSSSSSSSSSSSSSS................TTTTTTTTTTTTTTTTTTTTTTTTTTTTTTTTTTTTTTTTTTT.............SSSSSSSSSSSSSSWWWWWWWWWWWWWTTTTTTTTTTTTT........................................TTT.....WWWWWWWWWWWWWWWWWWWWWWWWWWWWWWWWWWWWWWWW..@..........@.....................................@@@@@@@@@@@@@@@@@@@@@@@@@@@@@@@@@@@@@
@@@@@@@@@@@@@@@@@@@@@@@@@@@@@@@@@@@@@@@@@@@@@@@@................................................TTTWWWTTTTTTTTTTTTTWWWWWWWWWWWWWWWWWWWWW................................................WWWWWWWWWWWWWWWWWWWSSSSSSSSSSSSSSSSSSSSS................TTTTTTTTTTTTTTTTTTTTTTTTTTTTTTTTTTTTTTTTTTT.............SSSSSSSSSSSSSSWWWWWWWWWWWWWTTTTTTTTTTTTT........................................TTT.....WWWWWWWWWWWWWWWWWWWWWWWWWWWWWWWWWWWWWWWW..@..........@.....................................@@@@@@@@@@@@@@@@@@@@@@@@@@@@@@@@@@@@@
@@@@@@@@@@@@@@@@@@@@@@@@@@@@@@@@@@@@@@@@@@@@@@@@................................................TTTWWWTTTTTTTTTTTTTWWWWWWWWWWWWWWWWWWWWW................................................WWWWWWWWWWWWWWWWWWWSSSSSSSSSSSSSSSSSSSSS........@@@@@@@@TTTTTTTTTTTTTTTTTTTTTTTTTTTTTTTTTTTTTTTTTTT.............SSSSSSSSSSSSSSWWWWWWWWWWWWWTTTTTTTTTTTTT........................................TTT.....WWWWWWWWWWWWWWWWWWWWWWWWWWWWWWWWWWWWWWWW..@@@@.......@@@................................@@@@@@@@@@@@@@@@@@@@@@@@@@@@@@@@@@@@@@@@
@@@@@@@@@@@@@@@@@@@@@@@@@@@@@@@@@@@@@@@@@@@@@@@@..............................................TTTTTWWWWWWWWWWWWWWWWWWWWWWWWWWWWWWWWWWWTTTTT................................................WWWWWWWWWWWWWWWWSSSSSSSSSSSSSSSSSSS.........@........TTTTTTTTTTTTTTTTTTTTTTTTTTTTTTTTTTTTTTTTTTTTTT.............SSSSSSSSSSSSSWWWWWWWWWWWWWWTTTTTTTTTT........................................TTTTTT..WWWWWWWWWWWWWWWWWWWWWWWWWWWWWWWWWWWWWWWW.....@.........@...................................@@@@@@@@@@@@@@@@@@@@@@@@@@@@@@@@@@@@@
@@@@@@@@@@@@@@@@@@@@@@@@@@@@@@@@@@@@@@@@@@@@@@@@..............................................TTTTTWWWWWWWWWWWWWWWWWWWWWWWWWWWWWWWWWWWTTTTT................................................WWWWWWWWWWWWWWWWSSSSSSSSSSSSSSSSSSS.........@........TTTTTTTTTTTTTTTTTTTTTTTTTTTTTTTTTTTTTTTTTTTTTT.............SSSSSSSSSSSSSWWWWWWWWWWWWWWTTTTTTTTTT........................................TTTTTT..WWWWWWWWWWWWWWWWWWWWWWWWWWWWWWWWWWWWWWWW.....@.........@...................................@@@@@@@@@@@@@@@@@@@@@@@@@@@@@@@@@@@@@
@@@@@@@@@@@@@@@@@@@@@@@@@@@@@@@@@@@@@@@@@@@@@@@@..............................................TTTTTWWWWWWWWWWWWWWWWWWWWWWWWWWWWWWWWWWWTTTTT................................................WWWWWWWWWWWWWWWWSSSSSSSSSSSSSSSSSSS.........@........TTTTTTTTTTTTTTTTTTTTTTTTTTTTTTTTTTTTTTTTTTTTTT.............SSSSSSSSSSSSSWWWWWWWWWWWWWWTTTTTTTTTT........................................TTTTTT..WWWWWWWWWWWWWWWWWWWWWWWWWWWWWWWWWWWWWWWW.....@.........@...................................@@@@@@@@@@@@@@@@@@@@@@@@@@@@@@@@@@@@@
@@@@@@@@@@@@@@@@@@@@@@@@@@@@@@@@@@@@@@@@@@@@@@@@..............................................TTTTTWWWWWWWWWWWWWWWWWWWWWWWWWWWWWWWWWWWTTTTT................................................WWWWWWWWWWWWWWWWSSSSSSSSSSSSSSSSSSS.........@........TTTTTTTTTTTTTTTTTTTTTTTTTTTTTTTTTTTTTTTTTTTTTT.............SSSSSSSSSSSSSWWWWWWWWWWWWWWTTTTTTTTTT........................................TTTTTT..WWWWWWWWWWWWWWWWWWWWWWWWWWWWWWWWWWWWWWWW.....@.........@...................................@@@@@@@@@@@@@@@@@@@@@@@@@@@@@@@@@@@@@
@@@@@@@@@@@@@@@@@@@@@@@@@@@@@@@@@@@@@@@@@@@@@@@@..............................................TTTTTWWWWWWWWWWWWWWWWWWWWWWWWWWWWWWWWWWWTTTTT................................................WWWWWWWWWWWWWWWWSSSSSSSSSSSSSSSSSSS........@@........TTTTTTTTTTTTTTTTTTTTTTTTTTTTTTTTTTTTTTTTTTTTTT.............SSSSSSSSSSSSSWWWWWWWWWWWWWWTTTTTTTTTT........................................TTTTTT..WWWWWWWWWWWWWWWWWWWWWWWWWWWWWWWWWWWWWWWW.....@@@@@@....@...................................@@@@@@@@@@@@@@@@@@@@@@@@@@@@@@@@@@@@@
@@@@@@@@@@@@@@@@@@@@@@@@@@@@@@@@@@@@@@@@@@@@@@@@...........................................TTTTTWWWWWWWWWWWWWWWWWWWWWWWWWWWWWWWWWWWWWWTTTTTTTTTT........................................WWWWWWWWWWWWWWWWWWWWWWSSSSSSSSSSSSS..........@..........TTTTTTTTTTTTTTTTTTTTTT.....TTTTTTTTTTTTTTTT................SSSSSSSSSSSSSSSSWWWWWWWWWWWTTTTTTTTTTTTT.....................................TTTTTT..WWWWWWWWWWWWWWWWWWWWWWWWWWWWWWWWWWWWWWWWWWW.......@....@...................................@@@@@@@@@@@@@@@@@@@@@@@@@@@@@@@@@@@@@
@@@@@@@@@@@@@@@@@@@@@@@@@@@@@@@@@@@@@@@@@@@@@@@@...........................................TTTTTWWWWWWWWWWWWWWWWWWWWWWWWWWWWWWWWWWWWWWTTTTTTTTTT........................................WWWWWWWWWWWWWWWWWWWWWWSSSSSSSSSSSSS..........@..........TTTTTTTTTTTTTTTTTTTTTT.....TTTTTTTTTTTTTTTT................SSSSSSSSSSSSSSSSWWWWWWWWWWWTTTTTTTTTTTTT.....................................TTTTTT..WWWWWWWWWWWWWWWWWWWWWWWWWWWWWWWWWWWWWWWWWWW.......@....@...................................@@@@@@@@@@@@@@@@@@@@@@@@@@@@@@@@@@@@@
@@@@@@@@@@@@@@@@@@@@@@@@@@@@@@@@@@@@@@@@@@@@@@@@...........................................TTTTTWWWWWWWWWWWWWWWWWWWWWWWWWWWWWWWWWWWWWWTTTTTTTTTT........................................WWWWWWWWWWWWWWWWWWWWWWSSSSSSSSSSSSS..........@..........TTTTTTTTTTTTTTTTTTTTTT.....TTTTTTTTTTTTTTTT................SSSSSSSSSSSSSSSSWWWWWWWWWWWTTTTTTTTTTTTT.....................................TTTTTT..WWWWWWWWWWWWWWWWWWWWWWWWWWWWWWWWWWWWWWWWWWW.......@....@...................................@@@@@@@@@@@@@@@@@@@@@@@@@@@@@@@@@@@@@
@@@@@@@@@@@@@@@@@@@@@@@@@@@@@@@@@@@@@@@@@@@@@@@@...........................................TTTTTWWWWWWWWWWWWWWWWWWWWWWWWWWWWWWWWWWWWWWTTTTTTTTTT........................................WWWWWWWWWWWWWWWWWWWWWWSSSSSSSSSSSSS..........@..........TTTTTTTTTTTTTTTTTTTTTT.....TTTTTTTTTTTTTTTT................SSSSSSSSSSSSSSSSWWWWWWWWWWWTTTTTTTTTTTTT.....................................TTTTTT..WWWWWWWWWWWWWWWWWWWWWWWWWWWWWWWWWWWWWWWWWWW.......@....@...................................@@@@@@@@@@@@@@@@@@@@@@@@@@@@@@@@@@@@@
@@@@@@@@@@@@@@@@@@@@@@@@@@@@@@@@@@@@@@@@@@@@@@@@......................................@@@@@TTTTTWWWWWWWWWWWWWWWWWWWWWWWWWWWWWWWWWWWWWWTTTTTTTTTT........................................WWWWWWWWWWWWWWWWWWWWWWSSSSSSSSSSSSS..........@..........TTTTTTTTTTTTTTTTTTTTTT.....TTTTTTTTTTTTTTTT................SSSSSSSSSSSSSSSSWWWWWWWWWWWTTTTTTTTTTTTT.....................................TTTTTT..WWWWWWWWWWWWWWWWWWWWWWWWWWWWWWWWWWWWWWWWWWW.......@....@@@@................................@@@@@@@@@@@@@@@@@@@@@@@@@@@@@@@@@@@@@
@@@@@@@@@@@@@@@@@@@@@@@@@@@@@@@@@@@@@@@@@@@@@@@@TTT..................................@.....@@@WWWWWWWWWWWWWWWWWWWWWWWWWWWWWWWWWWWWWTTTTTTTT.............................................WWWWWWWWWWWWWWWWWWWWWWSSSSSSSSSS.............@.....TTTTTTTTTTTTTTTTTTTTTTTTTTTTT......TTTTTTTTTTTTTTTTTT...........SSSSSSSSSSSSSSSSWWWWWWWWWWWWWTTTTTTTT......WW..............................TTTTTTTT..WWWWWWWWWWWWWWWWWWWWWWWWWWWWWWWWWWWWWWWWWWWWWWWW..@.......@................................@@@@@@@@@@@@@@@@@@@@@@@@@@@@@@@@@@@@@
@@@@@@@@@@@@@@@@@@@@@@@@@@@@@@@@@@@@@@@@@@@@@@@@TTT..................................@.....@@@WWWWWWWWWWWWWWWWWWWWWWWWWWWWWWWWWWWWWTTTTTTTT.............................................WWWWWWWWWWWWWWWWWWWWWWSSSSSSSSSS.............@.....TTTTTTTTTTTTTTTTTTTTTTTTTTTTT......TTTTTTTTTTTTTTTTTT...........SSSSSSSSSSSSSSSSWWWWWWWWWWWWWTTTTTTTT......WW..............................TTTTTTTT..WWWWWWWWWWWWWWWWWWWWWWWWWWWWWWWWWWWWWWWWWWWWWWWW..@.......@................................@@@@@@@@@@@@@@@@@@@@@@@@@@@@@@@@@@@@@
@@@@@@@@@@@@@@@@@@@@@@@@@@@@@@@@@@@@@@@@@@@@@@@@TTT..................................@.....@@@WWWWWWWWWWWWWWWWWWWWWWWWWWWWWWWWWWWWWTTTTTTTT.............................................WWWWWWWWWWWWWWWWWWWWWWSSSSSSSSSS.............@.....TTTTTTTTTTTTTTTTTTTTTTTTTTTTT......TTTTTTTTTTTTTTTTTT...........SSSSSSSSSSSSSSSSWWWWWWWWWWWWWTTTTTTTT......WW..............................TTTTTTTT..WWWWWWWWWWWWWWWWWWWWWWWWWWWWWWWWWWWWWWWWWWWWWWWW..@.......@................................@@@@@@@@@@@@@@@@@@@@@@@@@@@@@@@@@@@@@
@@@@@@@@@@@@@@@@@@@@@@@@@@@@@@@@@@@@@@@@@@@@@@@@TTT..................................@.....@@@WWWWWWWWWWWWWWWWWWWWWWWWWWWWWWWWWWWWWTTTTTTTT.............................................WWWWWWWWWWWWWWWWWWWWWWSSSSSSSSSS.............@.....TTTTTTTTTTTTTTTTTTTTTTTTTTTTT......TTTTTTTTTTTTTTTTTT...........SSSSSSSSSSSSSSSSWWWWWWWWWWWWWTTTTTTTT......WW..............................TTTTTTTT..WWWWWWWWWWWWWWWWWWWWWWWWWWWWWWWWWWWWWWWWWWWWWWWW..@.......@................................@@@@@@@@@@@@@@@@@@@@@@@@@@@@@@@@@@@@@
@@@@@@@@@@@@@@@@@@@@@@@@@@@@@@@@@@@@@@@@@@@@@@@@TTT..................................@.....@@@WWWWWWWWWWWWWWWWWWWWWWWWWWWWWWWWWWWWWTTTTTTTT.............................................WWWWWWWWWWWWWWWWWWWWWWSSSSSSSSSS.............@.....TTTTTTTTTTTTTTTTTTTTTTTTTTTTT......TTTTTTTTTTTTTTTTTT...........SSSSSSSSSSSSSSSSWWWWWWWWWWWWWTTTTTTTT......WW..............................TTTTTTTT..WWWWWWWWWWWWWWWWWWWWWWWWWWWWWWWWWWWWWWWWWWWWWWWW..@.......@................................@@@@@@@@@@@@@@@@@@@@@@@@@@@@@@@@@@@@@
@@@@@@@@@@@@@@@@@@@@@@@@@@@@@@@@@@@@@@@@@@@@@@@@TTT...........................@@@@@@@@.....@@@WWWWWWWWWWWWWWWWWWWWWWWWWWWWWWWWWWWWWTTTTTTTT.............................................WWWWWWWWWWWWWWWWWWWWWWSSSSSSSSSS...........@@@.....TTTTTTTTTTTTTTTTTTTTTTTTTTTTT......TTTTTTTTTTTTTTTTTT...........SSSSSSSSSSSSSSSSWWWWWWWWWWWWWTTTTTTTT......WW..............................TTTTTTTT..WWWWWWWWWWWWWWWWWWWWWWWWWWWWWWWWWWWWWWWWWWWWWWWW..@@@@..@@@................................@@@@@@@@@@@@@@@@@@@@@@@@@@@@@@@@@@@@@
@@@@@@@@@@@@@@@@@@@@@@@@@@@@@@@@@@@@@@@@@@@@@@@@TTT..@..................................WWWWWWWWWWWWWWWWWWWWWWWWWWWWWWWWWWWWWWWWWWWWWWWWTTTTTTTT......................................WWWWWWWWWWWWWWWWWWWWWWWWSSSSSSSS............@.....TTTTTTTTTTTTTTTTTTT...TTTTTTTTTT...TTTTTTTTTTTTTTTTTTTTT..............SSSSSSSSSSSSSSSSSSWWWWWWWWWWWWWWTTWWWWWWWWWWWWWW........................WWWWWTTTWWWWWWWWWWWWWWWWWWWWWWWWWWWWWWWWWWWWWWWWWWWWWWWWWW.....@.@...................................@@@@@@@@@@@@@@@@@@@@@@@@@@@@@@@@@@@@@
@@@@@@@@@@@@@@@@@@@@@@@@@@@@@@@@@@@@@@@@@@@@@@@@TTT..@..................................WWWWWWWWWWWWWWWWWWWWWWWWWWWWWWWWWWWWWWWWWWWWWWWWTTTTTTTT......................................WWWWWWWWWWWWWWWWWWWWWWWWSSSSSSSS............@.....TTTTTTTTTTTTTTTTTTT...TTTTTTTTTT...TTTTTTTTTTTTTTTTTTTTT..............SSSSSSSSSSSSSSSSSSWWWWWWWWWWWWWWTTWWWWWWWWWWWWWW........................WWWWWTTTWWWWWWWWWWWWWWWWWWWWWWWWWWWWWWWWWWWWWWWWWWWWWWWWWW.....@.@...................................@@@@@@@@@@@@@@@@@@@@@@@@@@@@@@@@@@@@@
@@@@@@@@@@@@@@@@@@@@@@@@@@@@@@@@@@@@@@@@@@@@@@@@TTT..@..................................WWWWWWWWWWWWWWWWWWWWWWWWWWWWWWWWWWWWWWWWWWWWWWWWTTTTTTTT......................................WWWWWWWWWWWWWWWWWWWWWWWWSSSSSSSS............@.....TTTTTTTTTTTTTTTTTTT...TTTTTTTTTT...TTTTTTTTTTTTTTTTTTTTT..............SSSSSSSSSSSSSSSSSSWWWWWWWWWWWWWWTTWWWWWWWWWWWWWW........................WWWWWTTTWWWWWWWWWWWWWWWWWWWWWWWWWWWWWWWWWWWWWWWWWWWWWWWWWW.....@.@...................................@@@@@@@@@@@@@@@@@@@@@@@@@@@@@@@@@@@@@
@@@@@@@@@@@@@@@@@@@@@@@@@@@@@@@@@@@@@@@@@@@@@@@@TTT..@..................................WWWWWWWWWWWWWWWWWWWWWWWWWWWWWWWWWWWWWWWWWWWWWWWWTTTTTTTT......................................WWWWWWWWWWWWWWWWWWWWWWWWSSSSSSSS............@.....TTTTTTTTTTTTTTTTTTT...TTTTTTTTTT...TTTTTTTTTTTTTTTTTTTTT..............SSSSSSSSSSSSSSSSSSWWWWWWWWWWWWWWTTWWWWWWWWWWWWWW........................WWWWWTTTWWWWWWWWWWWWWWWWWWWWWWWWWWWWWWWWWWWWWWWWWWWWWWWWWW.....@.@...................................@@@@@@@@@@@@@@@@@@@@@@@@@@@@@@@@@@@@@
@@@@@@@@@@@@@@@@@@@@@@@@@@@@@@@@@@@@@@@@@@@@@@@@TTT@@@..................................WWWWWWWWWWWWWWWWWWWWWWWWWWWWWWWWWWWWWWWWWWWWWWWWTTTTTTTT......@@..............................WWWWWWWWWWWWWWWWWWWWWWWWSSSSSSSS..........@@@.....TTTTTTTTTTTTTTTTTTT...TTTTTTTTTT...TTTTTTTTTTTTTTTTTTTTT..............SSSSSSSSSSSSSSSSSSWWWWWWWWWWWWWWTTWWWWWWWWWWWWWW........................WWWWWTTTWWWWWWWWWWWWWWWWWWWWWWWWWWWWWWWWWWWWWWWWWWWWWWWWWW.....@@@...................................@@@@@@@@@@@@@@@@@@@@@@@@@@@@@@@@@@@@@
@@@@@@@@@@@@@@@@@@@@@@@@@@@@@@@@@@@@@@@@@@@@@@@@TTT................................WWWWWWWWWWWWWWWWWWWWWWWWWWWWWWWWWWWWWWWWWWWWWWWWWWWWWWWWTTT.......@S@...........................WWWWWWWWWWWWWWWWWWWWWWWWSSSSSSSSSSSSS.......@........TTTTTTTTTTTTTTTTTTT.....TTT...TT...TTTTTTTTTTTTTTTTTTTTTTTT.............SSSSSSSSSSSSSSSSSSSWWWWWWWWWWWWWWWWWWWWWWWWSS@....................@...WWWWWWWWWWWWWWWWWWWWWWWWWWWWWWWWWWWWWWWWWWWWWWWWWWWWWWWWWWWWW..@..................................TTT@@@@@@@@@@@@@@@@@@@@@@@@@@@@@@@@@@@@@
@@@@@@@@@@@@@@@@@@@@@@@@@@@@@@@@@@@@@@@@@@@@@@@@TTT................................WWWWWWWWWWWWWWWWWWWWWWWWWWWWWWWWWWWWWWWWWWWWWWWWWWWWWWWWTTT.......@S@...........................WWWWWWWWWWWWWWWWWWWWWWWWSSSSSSSSSSSSS.......@........TTTTTTTTTTTTTTTTTTT.....TTT...TT...TTTTTTTTTTTTTTTTTTTTTTTT.............SSSSSSSSSSSSSSSSSSSWWWWWWWWWWWWWWWWWWWWWWWWSSS....................@...WWWWWWWWWWWWWWWWWWWWWWWWWWWWWWWWWWWWWWWWWWWWWWWWWWWWWWWWWWWWW..@..................................TTT@@@@@@@@@@@@@@@@@@@@@@@@@@@@@@@@@@@@@
@@@@@@@@@@@@@@@@@@@@@@@@@@@@@@@@@@@@@@@@@@@@@@@@TTT................................WWWWWWWWWWWWWWWWWWWWWWWWWWWWWWWWWWWWWWWWWWWWWWWWWWWWWWWWTTT.......@S@...........................WWWWWWWWWWWWWWWWWWWWWWWWSSSSSSSSSSSSS.......@........TTTTTTTTTTTTTTTTTTT.....TTT...TT...TTTTTTTTTTTTTTTTTTTTTTTT.............SSSSSSSSSSSSSSSSSSSWWWWWWWWWWWWWWWWWWWWWWWWSSS....................@...WWWWWWWWWWWWWWWWWWWWWWWWWWWWWWWWWWWWWWWWWWWWWWWWWWWWWWWWWWWWW..@..................................TTT@@@@@@@@@@@@@@@@@@@@@@@@@@@@@@@@@@@@@
@@@@@@@@@@@@@@@@@@@@@@@@@@@@@@@@@@@@@@@@@@@@@@@@TTT................................WWWWWWWWWWWWWWWWWWWWWWWWWWWWWWWWWWWWWWWWWWWWWWWWWWWWWWWWTTT.......@S@...........................WWWWWWWWWWWWWWWWWWWWWWWWSSSSSSSSSSSSS.......@........TTTTTTTTTTTTTTTTTTT.....TTT...TT...TTTTTTTTTTTTTTTTTTTTTTTT.............SSSSSSSSSSSSSSSSSSSWWWWWWWWWWWWWWWWWWWWWWWWSSS....................@...WWWWWWWWWWWWWWWWWWWWWWWWWWWWWWWWWWWWWWWWWWWWWWWWWWWWWWWWWWWWW..@..................................TTT@@@@@@@@@@@@@@@@@@@@@@@@@@@@@@@@@@@@@
@@@@@@@@@@@@@@@@@@@@@@@@@@@@@@@@@@@@@@@@@@@@@@@@TTT................................WWWWWWWWWWWWWWWWWWWWWWWWWWWWWWWWWWWWWWWWWWWWWWWWWWWWWWWWTTT.......@S@......................@@@@@WWWWWWWWWWWWWWWWWWWWWWWWSSSSSSSSSSSSS.......@@@@.....TTTTTTTTTTTTTTTTTTT.....TTT...TT...TTTTTTTTTTTTTTTTTTTTTTTT.............SSSSSSSSSSSSSSSSSSSWWWWWWWWWWWWWWWWWWWWWWWWSSS....................@@@@WWWWWWWWWWWWWWWWWWWWWWWWWWWWWWWWWWWWWWWWWWWWWWWWWWWWWWWWWWWWW..@..................................TTT@@@@@@@@@@@@@@@@@@@@@@@@@@@@@@@@@@@@@
@@@@@@@@@@@@@@@@@@@@@@@@@@@@@@@@@@@@@@@@@@@@@@@@TTT...................................WWWWWWWWWWWWWWWWWWWWWWWWWWWWWWWWWWWWWWWWWWWWWWWWWWWWWWWWWWWWWWWWS@..@.....................SSSWWWWWWWWWWWWWWWWWWWWWWWWSSSSSSSSSSS............@...TTTTTTTTTTTTTTTTTT...................TTTTTTTTTTTTTTTTTTTTTTTT................SSSSSSSSSSSSSSSSSSSWWWWWWWWWWWWWWWWWWWWWSSS.....SSSSSSSS........SSSSSWWWWWWWWWWWWWWWWWWWWWWWWWWWWWWWWWWWWWWWW@@@@@@WW@@@WWWWW.....@....@..........................@..@@@@@@@@@@@@@@@@@@@@@@@@@@@@@@@@@@@@@@@@
@@@@@@@@@@@@@@@@@@@@@@@@@@@@@@@@@@@@@@@@@@@@@@@@TTT...................................WWWWWWWWWWWWWWWWWWWWWWWWWWWWWWWWWWWWWWWWWWWWWWWWWWWWWWWWWWWWWWWWS@..@.....................SSSWWWWWWWWWWWWWWWWWWWWWWWWSSSSSSSSSSS............@...TTTTTTTTTTTTTTTTTT...................TTTTTTTTTTTTTTTTTTTTTTTT................SSSSSSSSSSSSSSSSSSSWWWWWWWWWWWWWWWWWWWWWSSS.....SSSSSSSS........SSSSSWWWWWWWWWWWWWWWWWWWWWWWWWWWWWWWWWWWWWWWW@@@@@@WW@@@WWWWW.....@....@..........................@..@@@@@@@@@@@@@@@@@@@@@@@@@@@@@@@@@@@@@@@@
@@@@@@@@@@@@@@@@@@@@@@@@@@@@@@@@@@@@@@@@@@@@@@@@TTT...................................WWWWWWWWWWWWWWWWWWWWWWWWWWWWWWWWWWWWWWWWWWWWWWWWWWWWWWWWWWWWWWWWS@..@.....................SSSWWWWWWWWWWWWWWWWWWWWWWWWSSSSSSSSSSS............@...TTTTTTTTTTTTTTTTTT...................TTTTTTTTTTTTTTTTTTTTTTTT................SSSSSSSSSSSSSSSSSSSWWWWWWWWWWWWWWWWWWWWWSSS.....SSSSSSSS........SSSSSWWWWWWWWWWWWWWWWWWWWWWWWWWWWWWWWWWWWWWWW@@@@@@WW@@@WWWWW.....@....@..........................@..@@@@@@@@@@@@@@@@@@@@@@@@@@@@@@@@@@@@@@@@
@@@@@@@@@@@@@@@@@@@@@@@@@@@@@@@@@@@@@@@@@@@@@@@@TTT...................................WWWWWWWWWWWWWWWWWWWWWWWWWWWWWWWWWWWWWWWWWWWWWWWWWWWWWWWWWWWWWWWWS@..@.....................SSSWWWWWWWWWWWWWWWWWWWWWWWWSSSSSSSSSSS............@...TTTTTTTTTTTTTTTTTT...................TTTTTTTTTTTTTTTTTTTTTTTT................SSSSSSSSSSSSSSSSSSSWWWWWWWWWWWWWWWWWWWWWSSS.....SSSSSSSS........SSSSSWWWWWWWWWWWWWWWWWWWWWWWWWWWWWWWWWWWWWWWW@@@@@@WW@@@WWWWW.....@....@..........................@..@@@@@@@@@@@@@@@@@@@@@@@@@@@@@@@@@@@@@@@@
@@@@@@@@@@@@@@@@@@@@@@@@@@@@@@@@@@@@@@@@@@@@@@@@TTT...................................WWWWWWWWWWWWWWWWWWWWWWWWWWWWWWWWWWWWWWWWWWWWWWWWWWWWWWWWWWWWWWWWS@..@.....................SSSWWWWWWWWWWWWWWWWWWWWWWWWSSSSSSSSSSS............@...TTTTTTTTTTTTTTTTTT...................TTTTTTTTTTTTTTTTTTTTTTTT................SSSSSSSSSSSSSSSSSSSWWWWWWWWWWWWWWWWWWWWWSSS.....SSSSSSSS........SSSSSWWWWWWWWWWWWWWWWWWWWWWWWWWWWWWWWWWWWWWWW@@@@@@WW@@@WWWWW.....@....@..........................@..@@@@@@@@@@@@@@@@@@@@@@@@@@@@@@@@@@@@@@@@
@@@@@@@@@@@@@@@@@@@@@@@@@@@@@@@@@@@@@@@@@@@@@@@@TTT...................................WWWWWWWWWWWWWWWWWWWWWWWWWWWWWWWWWWWWWWWWWWWWWWWWWWWWWWWWWWWWWWWWS@@@@.....................SSSWWWWWWWWWWWWWWWWWWWWWWWWSSSSSSSSSSS............@...TTTTTTTTTTTTTTTTTT...................TTTTTTTTTTTTTTTTTTTTTTTT................SSSSSSSSSSSSSSSSSSSWWWWWWWWWWWWWWWWWWWWWSSS.....SSSSSSSS........SSSSSWWWWWWWWWWWWWWWWWWWWWWWWWWWWWWWWWWWWWWWW@@@@@@WW@@@WWWWW.....@@@@@@..........................@@@@@@@@@@@@@@@@@@@@@@@@@@@@@@@@@@@@@@@@@@@
@@@@@@@@@@@@@@@@@@@@@@@@@@@@@@@@@@@@@@@@@@@@@@@@TTT.....................................WWWWWWWWWWWWWWWWWWWWWWWWWWWWWWWWWWWWWWWWWWWWWWWWWWWWWWWWWWWWWWSSSSSSSSSSSSSSSSSSSSSSSSSSSSSWWWWWWWWWWWWWWWWWWWWWSSSSSSSSSSSSSS............@.....TTTTTTTTTTT...........................TTTTTTTTTTTTTTTTTTTTTTTTTT...........SSSSSSSSSSSSSSSSSSSWWWWWWWWWWWWWWWWWWWWWSSS........SSSSSSSSSSSSSSSSWWWWWWWWWWWWWWWWWWWWWWWWWWWWWWWWWWWWWWWWWW@@@@@@@@@@@@@@WWWWW........................................@@@@@@@@@@@@@@@@@@@@@@@@@@@@@@@@@@@@@
@@@@@@@@@@@@@@@@@@@@@@@@@@@@@@@@@@@@@@@@@@@@@@@@TTT.....................................WWWWWWWWWWWWWWWWWWWWWWWWWWWWWWWWWWWWWWWWWWWWWWWWWWWWWWWWWWWWWWSSSSSSSSSSSSSSSSSSSSSSSSSSSSSWWWWWWWWWWWWWWWWWWWWWSSSSSSSSSSSSSS............@.....TTTTTTTTTTT...........................TTTTTTTTTTTTTTTTTTTTTTTTTT...........SSSSSSSSSSSSSSSSSSSWWWWWWWWWWWWWWWWWWWWWSSS........SSSSSSSSSSSSSSSSWWWWWWWWWWWWWWWWWWWWWWWWWWWWWWWWWWWWWWWWWW@@@@@@@@@@@@@@WWWWW........................................@@@@@@@@@@@@@@@@@@@@@@@@@@@@@@@@@@@@@
@@@@@@@@@@@@@@@@@@@@@@@@@@@@@@@@@@@@@@@@@@@@@@@@TTT.....................................WWWWWWWWWWWWWWWWWWWWWWWWWWWWWWWWWWWWWWWWWWWWWWWWWWWWWWWWWWWWWWSSSSSSSSSSSSSSSSSSSSSSSSSSSSSWWWWWWWWWWWWWWWWWWWWWSSSSSSSSSSSSSS............@.....TTTTTTTTTTT...........................TTTTTTTTTTTTTTTTTTTTTTTTTT...........SSSSSSSSSSSSSSSSSSSWWWWWWWWWWWWWWWWWWWWWSSS........SSSSSSSSSSSSSSSSWWWWWWWWWWWWWWWWWWWWWWWWWWWWWWWWWWWWWWWWWW@@@@@@@@@@@@@@WWWWW........................................@@@@@@@@@@@@@@@@@@@@@@@@@@@@@@@@@@@@@
@@@@@@@@@@@@@@@@@@@@@@@@@@@@@@@@@@@@@@@@@@@@@@@@TTT.....................................WWWWWWWWWWWWWWWWWWWWWWWWWWWWWWWWWWWWWWWWWWWWWWWWWWWWWWWWWWWWWWSSSSSSSSSSSSSSSSSSSSSSSSSSSSSWWWWWWWWWWWWWWWWWWWWWSSSSSSSSSSSSSS............@.....TTTTTTTTTTT...........................TTTTTTTTTTTTTTTTTTTTTTTTTT...........SSSSSSSSSSSSSSSSSSSWWWWWWWWWWWWWWWWWWWWWSSS........SSSSSSSSSSSSSSSSWWWWWWWWWWWWWWWWWWWWWWWWWWWWWWWWWWWWWWWWWW@@@@@@@@@@@@@@WWWWW........................................@@@@@@@@@@@@@@@@@@@@@@@@@@@@@@@@@@@@@
@@@@@@@@@@@@@@@@@@@@@@@@@@@@@@@@@@@@@@@@@@@@@@@@TTT.....................................WWWWWWWWWWWWWWWWWWWWWWWWWWWWWWWWWWWWWWWWWWWWWWWWWWWWWWWWWWWWWWSSSSSSSSSSSSSSSSSSSSSSSSSSSSSWWWWWWWWWWWWWWWWWWWWWSSSSSSSSSSSSSS..........@@@.....TTTTTTTTTTT...........................TTTTTTTTTTTTTTTTTTTTTTTTTT...........SSSSSSSSSSSSSSSSSSSWWWWWWWWWWWWWWWWWWWWWSSS........SSSSSSSSSSSSSSSSWWWWWWWWWWWWWWWWWWWWWWWWWWWWWWWWWWWWWWWWWW@@@@@@@@@@@@@@WWWWW........................................@@@@@@@@@@@@@@@@@@@@@@@@@@@@@@@@@@@@@
@@@@@@@@@@@@@@@@@@@@@@@@@@@@@@@@@@@@@@@@@@@@@@@@TTTTTT........................................WWWWWWWWWWWWWWWWWWWWWWWWWWWWWWWWWWWWWWWWWWWWWWWWWWWWWWWWWWSSSSSSSSSSSSSSSSSSSSSSS@SSSWWWWWWWWWWWWWWWWWWWWWSSSSSSSSSSSSSS.........@......TTTTTTTTTTTTT...........................TT...TTTTTTTTTTTTTTTTTTTTTTTT...........SSSSSSSSSSSSSSSSWWWWWWWWWWWWWWWWWWWWWWWW.....SSSSSSSSSSSSSSSSSSSWWWWWWWWWWWWWWWWWWWWWWWWWWWWWWWWWWWWWWWWWWWWW@@@@@@@@@@@@@...........................................@@@@@@@@@@@@@@@@@@@@@@@@@@@@@@@@@@@@@
@@@@@@@@@@@@@@@@@@@@@@@@@@@@@@@@@@@@@@@@@@@@@@@@TTTTTT........................................WWWWWWWWWWWWWWWWWWWWWWWWWWWWWWWWWWWWWWWWWWWWWWWWWWWWWWWWWWSSSSSSSSSSSSSSSSSSSSSSS@SSSWWWWWWWWWWWWWWWWWWWWWSSSSSSSSSSSSSS.........@......TTTTTTTTTTTTT...........................TT...TTTTTTTTTTTTTTTTTTTTTTTT...........SSSSSSSSSSSSSSSSWWWWWWWWWWWWWWWWWWWWWWWW.....SSSSSSSSSSSSSSSSSSSWWWWWWWWWWWWWWWWWWWWWWWWWWWWWWWWWWWWWWWWWWWWW@@@@@@@@@@@@@...........................................@@@@@@@@@@@@@@@@@@@@@@@@@@@@@@@@@@@@@
@@@@@@@@@@@@@@@@@@@@@@@@@@@@@@@@@@@@@@@@@@@@@@@@TTTTTT........................................WWWWWWWWWWWWWWWWWWWWWWWWWWWWWWWWWWWWWWWWWWWWWWWWWWWWWWWWWWSSSSSSSSSSSSSSSSSSSSSSS@SSSWWWWWWWWWWWWWWWWWWWWWSSSSSSSSSSSSSS.........@......TTTTTTTTTTTTT...........................TT...TTTTTTTTTTTTTTTTTTTTTTTT...........SSSSSSSSSSSSSSSSWWWWWWWWWWWWWWWWWWWWWWWW.....SSSSSSSSSSSSSSSSSSSWWWWWWWWWWWWWWWWWWWWWWWWWWWWWWWWWWWWWWWWWWWWW@@@@@@@@@@@@@...........................................@@@@@@@@@@@@@@@@@@@@@@@@@@@@@@@@@@@@@
@@@@@@@@@@@@@@@@@@@@@@@@@@@@@@@@@@@@@@@@@@@@@@@@TTTTTT........................................WWWWWWWWWWWWWWWWWWWWWWWWWWWWWWWWWWWWWWWWWWWWWWWWWWWWWWWWWWSSSSSSSSSSSSSSSSSSSSSSS@SSSWWWWWWWWWWWWWWWWWWWWWSSSSSSSSSSSSSS.........@......TTTTTTTTTTTTT...........................TT...TTTTTTTTTTTTTTTTTTTTTTTT...........SSSSSSSSSSSSSSSSWWWWWWWWWWWWWWWWWWWWWWWW.....SSSSSSSSSSSSSSSSSSSWWWWWWWWWWWWWWWWWWWWWWWWWWWWWWWWWWWWWWWWWWWWW@@@@@@@@@@@@@...........................................@@@@@@@@@@@@@@@@@@@@@@@@@@@@@@@@@@@@@
@@@@@@@@@@@@@@@@@@@@@@@@@@@@@@@@@@@@@@@@@@@@@@@@TTTTTT........................................WWWWWWWWWWWWWWWWWWWWWWWWWWWWWWWWWWWWWWWWWWWWWWWWWWWWWWWWWWSSSSSSSSSSSSSSSSSSSSSS@@SSSWWWWWWWWWWWWWWWWWWWWWSSSSSSSSSSSSSS........@@......TTTTTTTTTTTTT...........................TT...TTTTTTTTTTTTTTTTTTTTTTTT...........SSSSSSSSSSSSSSSSWWWWWWWWWWWWWWWWWWWWWWWW.....SSSSSSSSSSSSSSSSSSSWWWWWWWWWWWWWWWWWWWWWWWWWWWWWWWWWWWWWWWWWWWWW@@@@@@@@@@@@@...........................................@@@@@@@@@@@@@@@@@@@@@@@@@@@@@@@@@@@@@
@@@@@@@@@@@@@@@@@@@@@@@@@@@@@@@@@@@@@@@@@@@@@@@@................................................WWWWWWWWWWWWWWWWWWWWWWWWWWWWWW..WWWWWWWWWWWWWWWWWWWSSSSSSSSSSSSSSSSSSSSSSSSSSSSSWWWWWWWWWWWWWWWWWWWWWWWWWWWSSSSSSSS..........@.....TTTTTTTTTTTTTTTT................................TTTTTTTTTTTTTTTTTTTTTTTT...........SSSSSSSSSSSSSSSSSSWWWWWWWWWWWWWWWWWWWWWWSSSSSSSSSSSSSSSSSSSSSSSSWWWWWWWWWWWWWWWWWWWWWWWWWWWWWWWWWWWWWWWWWWWWW@@@@@@@@................................................@@@@@@@@@@@@@@@@@@@@@@@@@@@@@@@@@@@@@
@@@@@@@@@@@@@@@@@@@@@@@@@@@@@@@@@@@@@@@@@@@@@@@@................................................WWWWWWWWWWWWWWWWWWWWWWWWWWWWWW..WWWWWWWWWWWWWWWWWWWSSSSSSSSSSSSSSSSSSSSSSSSSSSSSWWWWWWWWWWWWWWWWWWWWWWWWWWWSSSSSSSS..........@.....TTTTTTTTTTTTTTTT................................TTTTTTTTTTTTTTTTTTTTTTTT...........SSSSSSSSSSSSSSSSSSWWWWWWWWWWWWWWWWWWWWWWSSSSSSSSSSSSSSSSSSSSSSSSWWWWWWWWWWWWWWWWWWWWWWWWWWWWWWWWWWWWWWWWWWWWW@@@@@@@@................................................@@@@@@@@@@@@@@@@@@@@@@@@@@@@@@@@@@@@@
@@@@@@@@@@@@@@@@@@@@@@@@@@@@@@@@@@@@@@@@@@@@@@@@................................................WWWWWWWWWWWWWWWWWWWWWWWWWWWWWW..WWWWWWWWWWWWWWWWWWWSSSSSSSSSSSSSSSSSSSSSSSSSSSSSWWWWWWWWWWWWWWWWWWWWWWWWWWWSSSSSSSS..........@.....TTTTTTTTTTTTTTTT................................TTTTTTTTTTTTTTTTTTTTTTTT...........SSSSSSSSSSSSSSSSSSWWWWWWWWWWWWWWWWWWWWWWSSSSSSSSSSSSSSSSSSSSSSSSWWWWWWWWWWWWWWWWWWWWWWWWWWWWWWWWWWWWWWWWWWWWW@@@@@@@@................................................@@@@@@@@@@@@@@@@@@@@@@@@@@@@@@@@@@@@@
@@@@@@@@@@@@@@@@@@@@@@@@@@@@@@@@@@@@@@@@@@@@@@@@................................................WWWWWWWWWWWWWWWWWWWWWWWWWWWWWW..WWWWWWWWWWWWWWWWWWWSSSSSSSSSSSSSSSSSSSSSSSSSSSSSWWWWWWWWWWWWWWWWWWWWWWWWWWWSSSSSSSS..........@.....TTTTTTTTTTTTTTTT................................TTTTTTTTTTTTTTTTTTTTTTTT...........SSSSSSSSSSSSSSSSSSWWWWWWWWWWWWWWWWWWWWWWSSSSSSSSSSSSSSSSSSSSSSSSWWWWWWWWWWWWWWWWWWWWWWWWWWWWWWWWWWWWWWWWWWWWW@@@@@@@@................................................@@@@@@@@@@@@@@@@@@@@@@@@@@@@@@@@@@@@@
@@@@@@@@@@@@@@@@@@@@@@@@@@@@@@@@@@@@@@@@@@@@@@@@................................................WWWWWWWWWWWWWWWWWWWWWWWWWWWWWW..WWWWWWWWWWWWWWWWWWWSSSSSSSSSSSSSSSSSSSSSSSSSSSSSWWWWWWWWWWWWWWWWWWWWWWWWWWWSSSSSSSS..........@.....TTTTTTTTTTTTTTTT................................TTTTTTTTTTTTTTTTTTTTTTTT...........SSSSSSSSSSSSSSSSSSWWWWWWWWWWWWWWWWWWWWWWSSSSSSSSSSSSSSSSSSSSSSSSWWWWWWWWWWWWWWWWWWWWWWWWWWWWWWWWWWWWWWWWWWWWW@@@@@@@@................................................@@@@@@@@@@@@@@@@@@@@@@@@@@@@@@@@@@@@@
@@@@@@@@@@@@@@@@@@@@@@@@@@@@@@@@@@@@@@@@@@@@@@@@................................................WWWWWWWWWWWWWWWWWWWWWWWWWWWWWW..WWWWWWWWWWWWWWWWWWWSSSSSSSSSSSSSSSSSSSSSSSSSSSSSWWWWWWWWWWWWWWWWWWWWWWWWWWWSSSSSSSS..........@@@...TTTTTTTTTTTTTTTT................................TTTTTTTTTTTTTTTTTTTTTTTT...........SSSSSSSSSSSSSSSSSSWWWWWWWWWWWWWWWWWWWWWWSSSSSSSSSSSSSSSSSSSSSSSSWWWWWWWWWWWWWWWWWWWWWWWWWWWWWWWWWWWWWWWWWWWWW@@@@@@@@................................................@@@@@@@@@@@@@@@@@@@@@@@@@@@@@@@@@@@@@
@@@@@@@@@@@@@@@@@@@@@@@@@@@@@@@@@@@@@@@@@@@@@@@@TTTTTT..........................................WWWWWWWWWWWWWWWWWWWWWWWW..............WWWWWWWWWWWWWWWWSSSSSSSSSSSSSSSSSSSSSSSSSSSSSWWWWWWWWWWWWWWWW..@SSSSSSSSSSSSS............@......TTTTTTTTTT...................................TTTTTTTTTTTTTTTTTTTTTTTTTTT........SSSSSSSSSSSSSSSSSSWWWWWWWWWWWWWWWWWWWWWWSSSSSSSSSSSSSSSSSSSSSSSSSSWWWWWWWWWWWWWWWWWWWWWWWWWWWWWWWWWWWWWWWWWWW@@@@@@@@@@@.............................................@@@@@@@@@@@@@@@@@@@@@@@@@@@@@@@@@@@@@
@@@@@@@@@@@@@@@@@@@@@@@@@@@@@@@@@@@@@@@@@@@@@@@@TTTTTT..........................................WWWWWWWWWWWWWWWWWWWWWWWW..............WWWWWWWWWWWWWWWWSSSSSSSSSSSSSSSSSSSSSSSSSSSSSWWWWWWWWWWWWWWWW..@SSSSSSSSSSSSS............@......TTTTTTTTTT...................................TTTTTTTTTTTTTTTTTTTTTTTTTTT........SSSSSSSSSSSSSSSSSSWWWWWWWWWWWWWWWWWWWWWWSSSSSSSSSSSSSSSSSSSSSSSSSSWWWWWWWWWWWWWWWWWWWWWWWWWWWWWWWWWWWWWWWWWWW@@@@@@@@@@@.............................................@@@@@@@@@@@@@@@@@@@@@@@@@@@@@@@@@@@@@
@@@@@@@@@@@@@@@@@@@@@@@@@@@@@@@@@@@@@@@@@@@@@@@@TTTTTT..........................................WWWWWWWWWWWWWWWWWWWWWWWW..............WWWWWWWWWWWWWWWWSSSSSSSSSSSSSSSSSSSSSSSSSSSSSWWWWWWWWWWWWWWWW..@SSSSSSSSSSSSS............@......TTTTTTTTTT...................................TTTTTTTTTTTTTTTTTTTTTTTTTTT........SSSSSSSSSSSSSSSSSSWWWWWWWWWWWWWWWWWWWWWWSSSSSSSSSSSSSSSSSSSSSSSSSSWWWWWWWWWWWWWWWWWWWWWWWWWWWWWWWWWWWWWWWWWWW@@@@@@@@@@@.............................................@@@@@@@@@@@@@@@@@@@@@@@@@@@@@@@@@@@@@
@@@@@@@@@@@@@@@@@@@@@@@@@@@@@@@@@@@@@@@@@@@@@@@@TTTTTT..........................................WWWWWWWWWWWWWWWWWWWWWWWW..............WWWWWWWWWWWWWWWWSSSSSSSSSSSSSSSSSSSSSSSSSSSSSWWWWWWWWWWWWWWWW..@SSSSSSSSSSSSS............@......TTTTTTTTTT...................................TTTTTTTTTTTTTTTTTTTTTTTTTTT........SSSSSSSSSSSSSSSSSSWWWWWWWWWWWWWWWWWWWWWWSSSSSSSSSSSSSSSSSSSSSSSSSSWWWWWWWWWWWWWWWWWWWWWWWWWWWWWWWWWWWWWWWWWWW@@@@@@@@@@@.............................................@@@@@@@@@@@@@@@@@@@@@@@@@@@@@@@@@@@@@
@@@@@@@@@@@@@@@@@@@@@@@@@@@@@@@@@@@@@@@@@@@@@@@@TTTTTT..........................................WWWWWWWWWWWWWWWWWWWWWWWW..............WWWWWWWWWWWWWWWWSSSSSSSSSSSSSSSSSSSSSSSSSSSSSWWWWWWWWWWWWWWWW..@@@SSSSSSSSSSS............@......TTTTTTTTTT...................................TTTTTTTTTTTTTTTTTTTTTTTTTTT........SSSSSSSSSSSSSSSSSSWWWWWWWWWWWWWWWWWWWWWWSSSSSSSSSSSSSSSSSSSSSSSSSSWWWWWWWWWWWWWWWWWWWWWWWWWWWWWWWWWWWWWWWWWWW@@@@@@@@@@@.............................................@@@@@@@@@@@@@@@@@@@@@@@@@@@@@@@@@@@@@
@@@@@@@@@@@@@@@@@@@@@@@@@@@@@@@@@@@@@@@@@@@@@@@@TTTTTTTT...........................................WWWWWWWWWWWWWWWWWWWWWWWW...........WWWWWWWWWWWWWWWWSSSSS.....SSSSSS..SSSSSSSSWWWWWWWWWWWTTTWW.......@SS@SSSSSSSS.....SSSSS@.@......TT......TT...................................TTTTTTTTTTTTTTTTTTTTTTTT.............SSSSSSSSSSSSSSSSWWWWWWWWWWWWWWWWWWWWWWWWSSSSSSSSSSS........SSSWWWWWWWWWWWWWWWWWWWWWWWWWWWWWWWWWWWWWWWW.....@@@@@@@@...........................................TT...@@@@@@@@@@@@@@@@@@@@@@@@@@@@@@@@@@@@@
@@@@@@@@@@@@@@@@@@@@@@@@@@@@@@@@@@@@@@@@@@@@@@@@TTTTTTTT...........................................WWWWWWWWWWWWWWWWWWWWWWWW...........WWWWWWWWWWWWWWWWSSSSS.....SSSSSS..SSSSSSSSWWWWWWWWWWWTTTWW.......@SS@SSSSSSSS.....SSSSS@.@......TT......TT...................................TTTTTTTTTTTTTTTTTTTTTTTT.............SSSSSSSSSSSSSSSSWWWWWWWWWWWWWWWWWWWWWWWWSSSSSSSSSSS........SSSWWWWWWWWWWWWWWWWWWWWWWWWWWWWWWWWWWWWWWWW.....@@@@@@@@...........................................TT...@@@@@@@@@@@@@@@@@@@@@@@@@@@@@@@@@@@@@
@@@@@@@@@@@@@@@@@@@@@@@@@@@@@@@@@@@@@@@@@@@@@@@@TTTTTTTT...........................................WWWWWWWWWWWWWWWWWWWWWWWW...........WWWWWWWWWWWWWWWWSSSSS.....SSSSSS..SSSSSSSSWWWWWWWWWWWTTTWW.......@SS@SSSSSSSS.....SSSSS@.@......TT......TT...................................TTTTTTTTTTTTTTTTTTTTTTTT.............SSSSSSSSSSSSSSSSWWWWWWWWWWWWWWWWWWWWWWWWSSSSSSSSSSS........SSSWWWWWWWWWWWWWWWWWWWWWWWWWWWWWWWWWWWWWWWW.....@@@@@@@@...........................................TT...@@@@@@@@@@@@@@@@@@@@@@@@@@@@@@@@@@@@@
@@@@@@@@@@@@@@@@@@@@@@@@@@@@@@@@@@@@@@@@@@@@@@@@TTTTTTTT...........................................WWWWWWWWWWWWWWWWWWWWWWWW...........WWWWWWWWWWWWWWWWSSSSS.....SSSSSS..SSSSSSSSWWWWWWWWWWWTTTWW.......@SS@SSSSSSSS.....SSSSS@.@......TT......TT...................................TTTTTTTTTTTTTTTTTTTTTTTT.............SSSSSSSSSSSSSSSSWWWWWWWWWWWWWWWWWWWWWWWWSSSSSSSSSSS........SSSWWWWWWWWWWWWWWWWWWWWWWWWWWWWWWWWWWWWWWWW.....@@@@@@@@...........................................TT...@@@@@@@@@@@@@@@@@@@@@@@@@@@@@@@@@@@@@
@@@@@@@@@@@@@@@@@@@@@@@@@@@@@@@@@@@@@@@@@@@@@@@@TTTTTTTT...........................................WWWWWWWWWWWWWWWWWWWWWWWW...........WWWWWWWWWWWWWWWWSSSSS.....SSSSSS..SSSSSSSSWWWWWWWWWWWTTTWW.......@@@@SSSSSSSS.....SSSSS@@@......TT......TT...................................TTTTTTTTTTTTTTTTTTTTTTTT@@@..........SSSSSSSSSSSSSSSSWWWWWWWWWWWWWWWWWWWWWWWWSSSSSSSSSSS........SSSWWWWWWWWWWWWWWWWWWWWWWWWWWWWWWWWWWWWWWWW.....@@@@@@@@...........................................TT...@@@@@@@@@@@@@@@@@@@@@@@@@@@@@@@@@@@@@
@@@@@@@@@@@@@@@@@@@@@@@@@@@@@@@@@@@@@@@@@@@@@@@@TTTTTTTTTTT.............................................WWWWWWWWWWWWWWWWWWWWWW.....WWWWWWWWWWW..WWWWWWS@SSSSSSSSSSSSSSSSSSSSSSWWWWWWWWTTTTTTTTTTTTTTTT.....................................TTT........................................TTTTTTTTTTTTTTTTTT.....@.@......SSSSSSSSSSSSSSS@SSSSSWWWWWWWWWWWWWWWWWWWWWSSSSSSSS...........SSSSSWWWWWWWWWWW...WWWWWWWWWWWWWWWWWWWWWWWW........@@@@@........................................TTT.....@@@@@@@@@@@@@@@@@@@@@@@@@@@@@@@@@@@@@
@@@@@@@@@@@@@@@@@@@@@@@@@@@@@@@@@@@@@@@@@@@@@@@@TTTTTTTTTTT.............................................WWWWWWWWWWWWWWWWWWWWWW.....WWWWWWWWWWW..WWWWWWS@SSSSSSSSSSSSSSSSSSSSSSWWWWWWWWTTTTTTTTTTTTTTTT.....................................TTT........................................TTTTTTTTTTTTTTTTTT.....@.@......SSSSSSSSSSSSSSS@SSSSSWWWWWWWWWWWWWWWWWWWWWSSSSSSSS...........SSSSSWWWWWWWWWWW...WWWWWWWWWWWWWWWWWWWWWWWW........@@@@@........................................TTT.....@@@@@@@@@@@@@@@@@@@@@@@@@@@@@@@@@@@@@
@@@@@@@@@@@@@@@@@@@@@@@@@@@@@@@@@@@@@@@@@@@@@@@@TTTTTTTTTTT.............................................WWWWWWWWWWWWWWWWWWWWWW.....WWWWWWWWWWW..WWWWWWS@SSSSSSSSSSSSSSSSSSSSSSWWWWWWWWTTTTTTTTTTTTTTTT.....................................TTT........................................TTTTTTTTTTTTTTTTTT.....@.@......SSSSSSSSSSSSSSS@SSSSSWWWWWWWWWWWWWWWWWWWWWSSSSSSSS...........SSSSSWWWWWWWWWWW...WWWWWWWWWWWWWWWWWWWWWWWW........@@@@@........................................TTT.....@@@@@@@@@@@@@@@@@@@@@@@@@@@@@@@@@@@@@
@@@@@@@@@@@@@@@@@@@@@@@@@@@@@@@@@@@@@@@@@@@@@@@@TTTTTTTTTTT.............................................WWWWWWWWWWWWWWWWWWWWWW.....WWWWWWWWWWW..WWWWWWS@SSSSSSSSSSSSSSSSSSSSSSWWWWWWWWTTTTTTTTTTTTTTTT.....................................TTT........................................TTTTTTTTTTTTTTTTTT.....@.@......SSSSSSSSSSSSSSS@SSSSSWWWWWWWWWWWWWWWWWWWWWSSSSSSSS...........SSSSSWWWWWWWWWWW...WWWWWWWWWWWWWWWWWWWWWWWW........@@@@@........................................TTT.....@@@@@@@@@@@@@@@@@@@@@@@@@@@@@@@@@@@@@
@@@@@@@@@@@@@@@@@@@@@@@@@@@@@@@@@@@@@@@@@@@@@@@@TTTTTTTTTTT.............................................WWWWWWWWWWWWWWWWWWWWWW.....WWWWWWWWWWW..WWWWWWS@SSSSSSSSSSSSSSSSSSSSSSWWWWWWWWTTTTTTTTTTTTTTTT.....................................TTT........................................TTTTTTTTTTTTTTTTTT.....@.@......SSSSSSSSSSSSSSS@SSSSSWWWWWWWWWWWWWWWWWWWWWSSSSSSSS...........SSSSSWWWWWWWWWWW...WWWWWWWWWWWWWWWWWWWWWWWW........@@@@@........................................TTT.....@@@@@@@@@@@@@@@@@@@@@@@@@@@@@@@@@@@@@
@@@@@@@@@@@@@@@@@@@@@@@@@@@@@@@@@@@@@@@@@@@@@@@@TTTTTTTTTTT.............................................WWWWWWWWWWWWWWWWWWWWWW.....WWWWWWWWWWW..WWWWWW@@SSSSSSSSSSSSSSSSSSSSSSWWWWWWWWTTTTTTTTTTTTTTTT.....................................TTT........................................TTTTTTTTTTTTTTTTTT.....@@@......SSSSSSSSSSSSSSS@@@@@@WWWWWWWWWWWWWWWWWWWWWSSSSSSSS...........SSSSSWWWWWWWWWWW...WWWWWWWWWWWWWWWWWWWWWWWW........@@@@@........................................TTT.....@@@@@@@@@@@@@@@@@@@@@@@@@@@@@@@@@@@@@
@@@@@@@@@@@@@@@@@@@@@@@@@@@@@@@@@@@@@@@@@@@@@@@@TTTTTTTTTTT...................................................WW...WWWWW...WWW.....WWW....................................@SSSWWWWWTTTTTTTTTTTTTTTTTTT..TTT.............................TTTTTTTT......................................TTTTTTTTTTTTTTTT........................................WWWWWWWWWWWWWWWWSSSS@SSSSS...SSS.....SS@SSSS@...WW......WWWWWWWWWW......WWWWW...WW......@@...........................................TTTTT...@@@@@@@@@@@@@@@@@@@@@@@@@@@@@@@@@@@@@
@@@@@@@@@@@@@@@@@@@@@@@@@@@@@@@@@@@@@@@@@@@@@@@@TTTTTTTTTTT...................................................WW...WWWWW...WWW.....WWW....................................@SSSWWWWWTTTTTTTTTTTTTTTTTTT..TTT.............................TTTTTTTT......................................TTTTTTTTTTTTTTTT........................................WWWWWWWWWWWWWWWWSSSS@SSSSS...SSS.....SS@SSSS@...WW......WWWWWWWWWW......WWWWW...WW......@@...........................................TTTTT...@@@@@@@@@@@@@@@@@@@@@@@@@@@@@@@@@@@@@
@@@@@@@@@@@@@@@@@@@@@@@@@@@@@@@@@@@@@@@@@@@@@@@@TTTTTTTTTTT...................................................WW...WWWWW...WWW.....WWW....................................@SSSWWWWWTTTTTTTTTTTTTTTTTTT..TTT.............................TTTTTTTT......................................TTTTTTTTTTTTTTTT........................................WWWWWWWWWWWWWWWWSSSS@SSSSS...SSS.....SS@SSSS@...WW......WWWWWWWWWW......WWWWW...WW......@@...........................................TTTTT...@@@@@@@@@@@@@@@@@@@@@@@@@@@@@@@@@@@@@
@@@@@@@@@@@@@@@@@@@@@@@@@@@@@@@@@@@@@@@@@@@@@@@@TTTTTTTTTTT...................................................WW...WWWWW...WWW.....WWW....................................@SSSWWWWWTTTTTTTTTTTTTTTTTTT..TTT.............................TTTTTTTT......................................TTTTTTTTTTTTTTTT........................................WWWWWWWWWWWWWWWWSSSS@SSSSS...SSS.....SS@SSSS@...WW......WWWWWWWWWW......WWWWW...WW......@@...........................................TTTTT...@@@@@@@@@@@@@@@@@@@@@@@@@@@@@@@@@@@@@
@@@@@@@@@@@@@@@@@@@@@@@@@@@@@@@@@@@@@@@@@@@@@@@@TTTTTTTTTTT...................................................WW...WWWWW...WWW.....WWW....................................@@@@WWWWWTTTTTTTTTTTTTTTTTTT..TTT.............................TTTTTTTT......................................TTTTTTTTTTTTTTTT........................................WWWWWWWWWWWWWWWWSS@@@SSSSS...SSS.....SS@@@@@@...WW......WWWWWWWWWW......WWWWW...WW......@@...........................................TTTTT...@@@@@@@@@@@@@@@@@@@@@@@@@@@@@@@@@@@@@
@@@@@@@@@@@@@@@@@@@@@@@@@@@@@@@@@@@@@@@@@@@@@@@@TTTTTTTTTTTTTTTT..............................................................................................................WW...TTTTTTTTTTT........TTTTT................................TTT........................................TTTTTTTTTT................................................WWW...WWWWW..@S@...................................WWWWW...................................................................TTTTTTTTTTTTT...@@@@@@@@@@@@@@@@@@@@@@@@@@@@@@@@@@@@@
@@@@@@@@@@@@@@@@@@@@@@@@@@@@@@@@@@@@@@@@@@@@@@@@TTTTTTTTTTTTTTTT..............................................................................................................WW...TTTTTTTTTTT........TTTTT................................TTT........................................TTTTTTTTTT................................................WWW...WWWWW..@S@...................................WWWWW...................................................................TTTTTTTTTTTTT...@@@@@@@@@@@@@@@@@@@@@@@@@@@@@@@@@@@@@
@@@@@@@@@@@@@@@@@@@@@@@@@@@@@@@@@@@@@@@@@@@@@@@@TTTTTTTTTTTTTTTT..............................................................................................................WW...TTTTTTTTTTT........TTTTT................................TTT........................................TTTTTTTTTT................................................WWW...WWWWW..@S@...................................WWWWW...................................................................TTTTTTTTTTTTT...@@@@@@@@@@@@@@@@@@@@@@@@@@@@@@@@@@@@@
@@@@@@@@@@@@@@@@@@@@@@@@@@@@@@@@@@@@@@@@@@@@@@@@TTTTTTTTTTTTTTTT..............................................................................................................WW...TTTTTTTTTTT........TTTTT................................TTT........................................TTTTTTTTTT................................................WWW...WWWWW..@S@...................................WWWWW...................................................................TTTTTTTTTTTTT...@@@@@@@@@@@@@@@@@@@@@@@@@@@@@@@@@@@@@
@@@@@@@@@@@@@@@@@@@@@@@@@@@@@@@@@@@@@@@@@@@@@@@@TTTTTTTTTTTTTTTT..............................................................................................................WW...TTTTTTTTTTT........TTTTT................................TTT........................................TTTTTTTTTT................................................WWW...WWWWW..@@@...................................WWWWW...................................................................TTTTTTTTTTTTT...@@@@@@@@@@@@@@@@@@@@@@@@@@@@@@@@@@@@@
@@@@@@@@@@@@@@@@@@@@@@@@@@@@@@@@@@@@@@@@@@@@@@@@TTTTTTTTTTTTTTTT........................................................................................................................................................................................................................TTTTTT................................................................................................................................................................................TTTTTTTTTTTTT@@@@@@@@@@@@@@@@@@@@@@@@@@@@@@@@@@@@@
@@@@@@@@@@@@@@@@@@@@@@@@@@@@@@@@@@@@@@@@@@@@@@@@TTTTTTTTTTTTTTTT........................................................................................................................................................................................................................TTTTTT................................................................................................................................................................................TTTTTTTTTTTTT@@@@@@@@@@@@@@@@@@@@@@@@@@@@@@@@@@@@@
@@@@@@@@@@@@@@@@@@@@@@@@@@@@@@@@@@@@@@@@@@@@@@@@TTTTTTTTTTTTTTTT........................................................................................................................................................................................................................TTTTTT................................................................................................................................................................................TTTTTTTTTTTTT@@@@@@@@@@@@@@@@@@@@@@@@@@@@@@@@@@@@@
@@@@@@@@@@@@@@@@@@@@@@@@@@@@@@@@@@@@@@@@@@@@@@@@TTTTTTTTTTTTTTTT........................................................................................................................................................................................................................TTTTTT................................................................................................................................................................................TTTTTTTTTTTTT@@@@@@@@@@@@@@@@@@@@@@@@@@@@@@@@@@@@@
@@@@@@@@@@@@@@@@@@@@@@@@@@@@@@@@@@@@@@@@@@@@@@@@TTTTTTTTTTTTTTTT........................................................................................................................................................................................................................TTTTTT................................................................................................................................................................................TTTTTTTTTTTTT@@@@@@@@@@@@@@@@@@@@@@@@@@@@@@@@@@@@@
@@@@@@@@@@@@@@@@@@@@@@@@@@@@@@@@@@@@@@@@@@@@@@@@TTTTTTTTTTTTTTTT........................................................................................................................................................................................................................TTTTTT................................................................................................................................................................................TTTTTTTTTTTTT@@@@@@@@@@@@@@@@@@@@@@@@@@@@@@@@@@@@@
@@@@@@@@@@@@@@@@@@@@@@@@@@@@@@@@@@@@@@@@@@@@@@@@TTTTTTTTTTTTTT..........................................................................................................................................................................................................................TTT.....................................................................................................................................................................................TTTTTTTTTTT@@@@@@@@@@@@@@@@@@@@@@@@@@@@@@@@@@@@@
@@@@@@@@@@@@@@@@@@@@@@@@@@@@@@@@@@@@@@@@@@@@@@@@TTTTTTTTTTTTTT..........................................................................................................................................................................................................................TTT.....................................................................................................................................................................................TTTTTTTTTTT@@@@@@@@@@@@@@@@@@@@@@@@@@@@@@@@@@@@@
@@@@@@@@@@@@@@@@@@@@@@@@@@@@@@@@@@@@@@@@@@@@@@@@TTTTTTTTTTTTTT..........................................................................................................................................................................................................................TTT.....................................................................................................................................................................................TTTTTTTTTTT@@@@@@@@@@@@@@@@@@@@@@@@@@@@@@@@@@@@@
@@@@@@@@@@@@@@@@@@@@@@@@@@@@@@@@@@@@@@@@@@@@@@@@TTTTTTTTTTTTTT..........................................................................................................................................................................................................................TTT.....................................................................................................................................................................................TTTTTTTTTTT@@@@@@@@@@@@@@@@@@@@@@@@@@@@@@@@@@@@@
@@@@@@@@@@@@@@@@@@@@@@@@@@@@@@@@@@@@@@@@@@@@@@@@TTTTTTTTTTTTTT..........................................................................................................................................................................................................................TTT.....................................................................................................................................................................................TTTTTTTTTTT@@@@@@@@@@@@@@@@@@@@@@@@@@@@@@@@@@@@@
@@@@@@@@@@@@@@@@@@@@@@@@@@@@@@@@@@@@@@@@@@@@@@@@TTTTTTTTTTT........................................................................................................................................................................................................................................................................................................................................................................................................................TTTTTTTT@@@@@@@@@@@@@@@@@@@@@@@@@@@@@@@@@@@@@
@@@@@@@@@@@@@@@@@@@@@@@@@@@@@@@@@@@@@@@@@@@@@@@@TTTTTTTTTTT........................................................................................................................................................................................................................................................................................................................................................................................................................TTTTTTTT@@@@@@@@@@@@@@@@@@@@@@@@@@@@@@@@@@@@@
@@@@@@@@@@@@@@@@@@@@@@@@@@@@@@@@@@@@@@@@@@@@@@@@TTTTTTTTTTT........................................................................................................................................................................................................................................................................................................................................................................................................................TTTTTTTT@@@@@@@@@@@@@@@@@@@@@@@@@@@@@@@@@@@@@
@@@@@@@@@@@@@@@@@@@@@@@@@@@@@@@@@@@@@@@@@@@@@@@@TTTTTTTTTTT........................................................................................................................................................................................................................................................................................................................................................................................................................TTTTTTTT@@@@@@@@@@@@@@@@@@@@@@@@@@@@@@@@@@@@@
@@@@@@@@@@@@@@@@@@@@@@@@@@@@@@@@@@@@@@@@@@@@@@@@TTTTTTTTTTT........................................................................................................................................................................................................................................................................................................................................................................................................................TTTTTTTT@@@@@@@@@@@@@@@@@@@@@@@@@@@@@@@@@@@@@
@@@@@@@@@@@@@@@@@@@@@@@@@@@@@@@@@@@@@@@@@@@@@@@@TTTTTTTTTTT........................................................................................................................................................................................................................................................................................................................................................................................................................TTTTTTTT@@@@@@@@@@@@@@@@@@@@@@@@@@@@@@@@@@@@@
@@@@@@@@@@@@@@@@@@@@@@@@@@@@@@@@@@@@@@@@@@@@@@@@TTTTTTTTTTT........................................................................................................................................................................................................................................................................................................................................................................................................................TTTTTTTT@@@@@@@@@@@@@@@@@@@@@@@@@@@@@@@@@@@@@
@@@@@@@@@@@@@@@@@@@@@@@@@@@@@@@@@@@@@@@@@@@@@@@@TTTTTTTTTTT........................................................................................................................................................................................................................................................................................................................................................................................................................TTTTTTTT@@@@@@@@@@@@@@@@@@@@@@@@@@@@@@@@@@@@@
@@@@@@@@@@@@@@@@@@@@@@@@@@@@@@@@@@@@@@@@@@@@@@@@TTTTTTTTTTT........................................................................................................................................................................................................................................................................................................................................................................................................................TTTTTTTT@@@@@@@@@@@@@@@@@@@@@@@@@@@@@@@@@@@@@
@@@@@@@@@@@@@@@@@@@@@@@@@@@@@@@@@@@@@@@@@@@@@@@@TTTTTTTTTTT........................................................................................................................................................................................................................................................................................................................................................................................................................TTTTTTTT@@@@@@@@@@@@@@@@@@@@@@@@@@@@@@@@@@@@@
@@@@@@@@@@@@@@@@@@@@@@@@@@@@@@@@@@@@@@@@@@@@@@@@TTTTTTTTTTT........................................................................................................................................................................................................................................................................................................................................................................................................................TTTTTTTT@@@@@@@@@@@@@@@@@@@@@@@@@@@@@@@@@@@@@
@@@@@@@@@@@@@@@@@@@@@@@@@@@@@@@@@@@@@@@@@@@@@@@@TTTTTTTTTTTTTT..................TTT................................................................................................................................................................................................................................................................................................................................................................................................TTTTTTTT@@@@@@@@@@@@@@@@@@@@@@@@@@@@@@@@@@@@@
@@@@@@@@@@@@@@@@@@@@@@@@@@@@@@@@@@@@@@@@@@@@@@@@TTTTTTTTTTTTTT..................TTT................................................................................................................................................................................................................................................................................................................................................................................................TTTTTTTT@@@@@@@@@@@@@@@@@@@@@@@@@@@@@@@@@@@@@
@@@@@@@@@@@@@@@@@@@@@@@@@@@@@@@@@@@@@@@@@@@@@@@@TTTTTTTTTTTTTT..................TTT................................................................................................................................................................................................................................................................................................................................................................................................TTTTTTTT@@@@@@@@@@@@@@@@@@@@@@@@@@@@@@@@@@@@@
@@@@@@@@@@@@@@@@@@@@@@@@@@@@@@@@@@@@@@@@@@@@@@@@TTTTTTTTTTTTTT..................TTT................................................................................................................................................................................................................................................................................................................................................................................................TTTTTTTT@@@@@@@@@@@@@@@@@@@@@@@@@@@@@@@@@@@@@
@@@@@@@@@@@@@@@@@@@@@@@@@@@@@@@@@@@@@@@@@@@@@@@@TTTTTTTTTTTTTT..................TTT................................................................................................................................................................................................................................................................................................................................................................................................TTTTTTTT@@@@@@@@@@@@@@@@@@@@@@@@@@@@@@@@@@@@@
@@@@@@@@@@@@@@@@@@@@@@@@@@@@@@@@@@@@@@@@@@@@@@@@TTTTTTTTTTT.....................TTT........................................................................................................................................................................................................................................................................................................................................................................TTT.....................TTTTTTTT@@@@@@@@@@@@@@@@@@@@@@@@@@@@@@@@@@@@@
@@@@@@@@@@@@@@@@@@@@@@@@@@@@@@@@@@@@@@@@@@@@@@@@TTTTTTTTTTT.....................TTT........................................................................................................................................................................................................................................................................................................................................................................TTT.....................TTTTTTTT@@@@@@@@@@@@@@@@@@@@@@@@@@@@@@@@@@@@@
@@@@@@@@@@@@@@@@@@@@@@@@@@@@@@@@@@@@@@@@@@@@@@@@TTTTTTTTTTT.....................TTT........................................................................................................................................................................................................................................................................................................................................................................TTT.....................TTTTTTTT@@@@@@@@@@@@@@@@@@@@@@@@@@@@@@@@@@@@@
@@@@@@@@@@@@@@@@@@@@@@@@@@@@@@@@@@@@@@@@@@@@@@@@TTTTTTTTTTT.....................TTT........................................................................................................................................................................................................................................................................................................................................................................TTT.....................TTTTTTTT@@@@@@@@@@@@@@@@@@@@@@@@@@@@@@@@@@@@@
@@@@@@@@@@@@@@@@@@@@@@@@@@@@@@@@@@@@@@@@@@@@@@@@TTTTTTTTTTT.....................TTT........................................................................................................................................................................................................................................................................................................................................................................TTT.....................TTTTTTTT@@@@@@@@@@@@@@@@@@@@@@@@@@@@@@@@@@@@@
@@@@@@@@@@@@@@@@@@@@@@@@@@@@@@@@@@@@@@@@@@@@@@@@TTTTTTTTTTT...................TTTTTTTT................................................................................................................................................................................................................................................................................................................................................................TT...TTTTT......................TTTTT@@@@@@@@@@@@@@@@@@@@@@@@@@@@@@@@@@@@@
@@@@@@@@@@@@@@@@@@@@@@@@@@@@@@@@@@@@@@@@@@@@@@@@TTTTTTTTTTT...................TTTTTTTT................................................................................................................................................................................................................................................................................................................................................................TT...TTTTT......................TTTTT@@@@@@@@@@@@@@@@@@@@@@@@@@@@@@@@@@@@@
@@@@@@@@@@@@@@@@@@@@@@@@@@@@@@@@@@@@@@@@@@@@@@@@TTTTTTTTTTT...................TTTTTTTT................................................................................................................................................................................................................................................................................................................................................................TT...TTTTT......................TTTTT@@@@@@@@@@@@@@@@@@@@@@@@@@@@@@@@@@@@@
@@@@@@@@@@@@@@@@@@@@@@@@@@@@@@@@@@@@@@@@@@@@@@@@TTTTTTTTTTT...................TTTTTTTT................................................................................................................................................................................................................................................................................................................................................................TT...TTTTT......................TTTTT@@@@@@@@@@@@@@@@@@@@@@@@@@@@@@@@@@@@@
@@@@@@@@@@@@@@@@@@@@@@@@@@@@@@@@@@@@@@@@@@@@@@@@TTTTTTTTTTT...................TTTTTTTT................................................................................................................................................................................................................................................................................................................................................................TT...TTTTT......................TTTTT@@@@@@@@@@@@@@@@@@@@@@@@@@@@@@@@@@@@@
@@@@@@@@@@@@@@@@@@@@@@@@@@@@@@@@@@@@@@@@@@@@@@@@TTTTTTTTTTT...................TTTTTTTT................................................................................................................................................................................................................................................................................................................................................................TT...TTTTT......................TTTTT@@@@@@@@@@@@@@@@@@@@@@@@@@@@@@@@@@@@@
@@@@@@@@@@@@@@@@@@@@@@@@@@@@@@@@@@@@@@@@@@@@@@@@TTTTTTTTTTTTTT.............TTTTTTTTTTTTT......................................................................................................................................................................................................................TT......................................................................................................................................TTTTTTTTTTTTTTTT.............TTTTTTTT@@@@@@@@@@@@@@@@@@@@@@@@@@@@@@@@@@@@@
@@@@@@@@@@@@@@@@@@@@@@@@@@@@@@@@@@@@@@@@@@@@@@@@TTTTTTTTTTTTTT.............TTTTTTTTTTTTT......................................................................................................................................................................................................................TT......................................................................................................................................TTTTTTTTTTTTTTTT.............TTTTTTTT@@@@@@@@@@@@@@@@@@@@@@@@@@@@@@@@@@@@@
@@@@@@@@@@@@@@@@@@@@@@@@@@@@@@@@@@@@@@@@@@@@@@@@TTTTTTTTTTTTTT.............TTTTTTTTTTTTT......................................................................................................................................................................................................................TT......................................................................................................................................TTTTTTTTTTTTTTTT.............TTTTTTTT@@@@@@@@@@@@@@@@@@@@@@@@@@@@@@@@@@@@@
@@@@@@@@@@@@@@@@@@@@@@@@@@@@@@@@@@@@@@@@@@@@@@@@TTTTTTTTTTTTTT.............TTTTTTTTTTTTT......................................................................................................................................................................................................................TT......................................................................................................................................TTTTTTTTTTTTTTTT.............TTTTTTTT@@@@@@@@@@@@@@@@@@@@@@@@@@@@@@@@@@@@@
@@@@@@@@@@@@@@@@@@@@@@@@@@@@@@@@@@@@@@@@@@@@@@@@TTTTTTTTTTTTTT.............TTTTTTTTTTTTT......................................................................................................................................................................................................................TT......................................................................................................................................TTTTTTTTTTTTTTTT.............TTTTTTTT@@@@@@@@@@@@@@@@@@@@@@@@@@@@@@@@@@@@@
@@@@@@@@@@@@@@@@@@@@@@@@@@@@@@@@@@@@@@@@@@@@@@@@TTTTTTTTTTTTTTTT........TTTTTTTTTTTTTTTTTTT................................................................................................................TTTTTTTT........................................................................................TTTTTTTTTTT..TTT...TTTTTTTTTT...........................................................................................................TTTTTTTTTTTTTTTTTTTTTTTT...TTTTTTTTTTTTT@@@@@@@@@@@@@@@@@@@@@@@@@@@@@@@@@@@@@
@@@@@@@@@@@@@@@@@@@@@@@@@@@@@@@@@@@@@@@@@@@@@@@@TTTTTTTTTTTTTTTT........TTTTTTTTTTTTTTTTTTT................................................................................................................TTTTTTTT........................................................................................TTTTTTTTTTT..TTT...TTTTTTTTTT...........................................................................................................TTTTTTTTTTTTTTTTTTTTTTTT...TTTTTTTTTTTTT@@@@@@@@@@@@@@@@@@@@@@@@@@@@@@@@@@@@@
@@@@@@@@@@@@@@@@@@@@@@@@@@@@@@@@@@@@@@@@@@@@@@@@TTTTTTTTTTTTTTTT........TTTTTTTTTTTTTTTTTTT................................................................................................................TTTTTTTT........................................................................................TTTTTTTTTTT..TTT...TTTTTTTTTT...........................................................................................................TTTTTTTTTTTTTTTTTTTTTTTT...TTTTTTTTTTTTT@@@@@@@@@@@@@@@@@@@@@@@@@@@@@@@@@@@@@
@@@@@@@@@@@@@@@@@@@@@@@@@@@@@@@@@@@@@@@@@@@@@@@@TTTTTTTTTTTTTTTT........TTTTTTTTTTTTTTTTTTT................................................................................................................TTTTTTTT........................................................................................TTTTTTTTTTT..TTT...TTTTTTTTTT...........................................................................................................TTTTTTTTTTTTTTTTTTTTTTTT...TTTTTTTTTTTTT@@@@@@@@@@@@@@@@@@@@@@@@@@@@@@@@@@@@@
@@@@@@@@@@@@@@@@@@@@@@@@@@@@@@@@@@@@@@@@@@@@@@@@TTTTTTTTTTTTTTTT........TTTTTTTTTTTTTTTTTTT................................................................................................................TTTTTTTT........................................................................................TTTTTTTTTTT..TTT...TTTTTTTTTT...........................................................................................................TTTTTTTTTTTTTTTTTTTTTTTT...TTTTTTTTTTTTT@@@@@@@@@@@@@@@@@@@@@@@@@@@@@@@@@@@@@
@@@@@@@@@@@@@@@@@@@@@@@@@@@@@@@@@@@@@@@@@@@@@@@@TTTTTTTTTTTTTTTTTTT...TTTTTTTTTTTTTTTTTTTTTTTT..................................................................TTTTTTTTTTTTTTTT........................TTTTTTTTTTT...TTTTTTTT..........................................................................TTTTTTTTTTTTTTTTTTTTTTTTTTTTTTTTTTT.....TTT........................................................TTTTTTTT................................TTTTTTTTTTTTTTTTTTTTTTTTTTTTTTTTTTTTTTTT@@@@@@@@@@@@@@@@@@@@@@@@@@@@@@@@@@@@@
@@@@@@@@@@@@@@@@@@@@@@@@@@@@@@@@@@@@@@@@@@@@@@@@TTTTTTTTTTTTTTTTTTT...TTTTTTTTTTTTTTTTTTTTTTTT..................................................................TTTTTTTTTTTTTTTT........................TTTTTTTTTTT...TTTTTTTT..........................................................................TTTTTTTTTTTTTTTTTTTTTTTTTTTTTTTTTTT.....TTT........................................................TTTTTTTT................................TTTTTTTTTTTTTTTTTTTTTTTTTTTTTTTTTTTTTTTT@@@@@@@@@@@@@@@@@@@@@@@@@@@@@@@@@@@@@
@@@@@@@@@@@@@@@@@@@@@@@@@@@@@@@@@@@@@@@@@@@@@@@@TTTTTTTTTTTTTTTTTTT...TTTTTTTTTTTTTTTTTTTTTTTT..................................................................TTTTTTTTTTTTTTTT........................TTTTTTTTTTT...TTTTTTTT..........................................................................TTTTTTTTTTTTTTTTTTTTTTTTTTTTTTTTTTT.....TTT........................................................TTTTTTTT................................TTTTTTTTTTTTTTTTTTTTTTTTTTTTTTTTTTTTTTTT@@@@@@@@@@@@@@@@@@@@@@@@@@@@@@@@@@@@@
@@@@@@@@@@@@@@@@@@@@@@@@@@@@@@@@@@@@@@@@@@@@@@@@TTTTTTTTTTTTTTTTTTT...TTTTTTTTTTTTTTTTTTTTTTTT..................................................................TTTTTTTTTTTTTTTT........................TTTTTTTTTTT...TTTTTTTT..........................................................................TTTTTTTTTTTTTTTTTTTTTTTTTTTTTTTTTTT.....TTT........................................................TTTTTTTT................................TTTTTTTTTTTTTTTTTTTTTTTTTTTTTTTTTTTTTTTT@@@@@@@@@@@@@@@@@@@@@@@@@@@@@@@@@@@@@
@@@@@@@@@@@@@@@@@@@@@@@@@@@@@@@@@@@@@@@@@@@@@@@@TTTTTTTTTTTTTTTTTTT...TTTTTTTTTTTTTTTTTTTTTTTT..................................................................TTTTTTTTTTTTTTTT........................TTTTTTTTTTT...TTTTTTTT..........................................................................TTTTTTTTTTTTTTTTTTTTTTTTTTTTTTTTTTT.....TTT........................................................TTTTTTTT................................TTTTTTTTTTTTTTTTTTTTTTTTTTTTTTTTTTTTTTTT@@@@@@@@@@@@@@@@@@@@@@@@@@@@@@@@@@@@@
@@@@@@@@@@@@@@@@@@@@@@@@@@@@@@@@@@@@@@@@@@@@@@@@TTTTTTTTTTTTTTTTTTT...TTTTTTTTTTTTTTTTTTTTTTTT..................................................................TTTTTTTTTTTTTTTT........................TTTTTTTTTTT...TTTTTTTT..........................................................................TTTTTTTTTTTTTTTTTTTTTTTTTTTTTTTTTTT.....TTT........................................................TTTTTTTT................................TTTTTTTTTTTTTTTTTTTTTTTTTTTTTTTTTTTTTTTT@@@@@@@@@@@@@@@@@@@@@@@@@@@@@@@@@@@@@
@@@@@@@@@@@@@@@@@@@@@@@@@@@@@@@@@@@@@@@@@@@@@@@@TTTTTTTTTTTTTTTTTTTTTTTTTTTTTTTTTTTTTTTTTTT...........................................................................TTTTTTTTTTTTTTTTTT..............TTTTTTTT........TTTTTTTTTT..............................................................................TTTTTTTTTTTTTTTTTTTTTTTTTT......TTTTTTTT................................................TTTTTTTTTTTTTTTT.............................TTTTTTTTTTTTTTTTTTTTTTTTTTTTTTTTTTTTTTTT@@@@@@@@@@@@@@@@@@@@@@@@@@@@@@@@@@@@@
@@@@@@@@@@@@@@@@@@@@@@@@@@@@@@@@@@@@@@@@@@@@@@@@TTTTTTTTTTTTTTTTTTTTTTTTTTTTTTTTTTTTTTTTTTT...........................................................................TTTTTTTTTTTTTTTTTT..............TTTTTTTT........TTTTTTTTTT..............................................................................TTTTTTTTTTTTTTTTTTTTTTTTTT......TTTTTTTT................................................TTTTTTTTTTTTTTTT.............................TTTTTTTTTTTTTTTTTTTTTTTTTTTTTTTTTTTTTTTT@@@@@@@@@@@@@@@@@@@@@@@@@@@@@@@@@@@@@
@@@@@@@@@@@@@@@@@@@@@@@@@@@@@@@@@@@@@@@@@@@@@@@@TTTTTTTTTTTTTTTTTTTTTTTTTTTTTTTTTTTTTTTTTTT...........................................................................TTTTTTTTTTTTTTTTTT..............TTTTTTTT........TTTTTTTTTT..............................................................................TTTTTTTTTTTTTTTTTTTTTTTTTT......TTTTTTTT................................................TTTTTTTTTTTTTTTT.............................TTTTTTTTTTTTTTTTTTTTTTTTTTTTTTTTTTTTTTTT@@@@@@@@@@@@@@@@@@@@@@@@@@@@@@@@@@@@@
@@@@@@@@@@@@@@@@@@@@@@@@@@@@@@@@@@@@@@@@@@@@@@@@TTTTTTTTTTTTTTTTTTTTTTTTTTTTTTTTTTTTTTTTTTT...........................................................................TTTTTTTTTTTTTTTTTT..............TTTTTTTT........TTTTTTTTTT..............................................................................TTTTTTTTTTTTTTTTTTTTTTTTTT......TTTTTTTT................................................TTTTTTTTTTTTTTTT.............................TTTTTTTTTTTTTTTTTTTTTTTTTTTTTTTTTTTTTTTT@@@@@@@@@@@@@@@@@@@@@@@@@@@@@@@@@@@@@
@@@@@@@@@@@@@@@@@@@@@@@@@@@@@@@@@@@@@@@@@@@@@@@@TTTTTTTTTTTTTTTTTTTTTTTTTTTTTTTTTTTTTTTTTTT...........................................................................TTTTTTTTTTTTTTTTTT..............TTTTTTTT........TTTTTTTTTT..............................................................................TTTTTTTTTTTTTTTTTTTTTTTTTT......TTTTTTTT................................................TTTTTTTTTTTTTTTT.............................TTTTTTTTTTTTTTTTTTTTTTTTTTTTTTTTTTTTTTTT@@@@@@@@@@@@@@@@@@@@@@@@@@@@@@@@@@@@@
@@@@@@@@@@@@@@@@@@@@@@@@@@@@@@@@@@@@@@@@@@@@@@@@TTTTTTTTTTTTTTTTTTTTTTTTTTTTTTTTTTTTTTTTTTTTTT..........TTT...........................TT................TTTTTT..TTTTTTTTTTTTTTTT@@@@@@TTTTT.....TTTTTT@@@@@TTTTTTTTTTTTTTTTTTTTTTTT.....................................................................TTTTTTTTTTT@@@@@TTTTTTTTTTT@@@TTTTTTTTTTTTTTTTTTTTT........................................TTT@@TTTTTTTTTTTTTTTT...TTT.....................TTTTTTTTTTTTTTTTTTTTTTTTTTTTTTTTTTTTTTTT@@@@@@@@@@@@@@@@@@@@@@@@@@@@@@@@@@@@@
@@@@@@@@@@@@@@@@@@@@@@@@@@@@@@@@@@@@@@@@@@@@@@@@TTTTTTTTTTTTTTTTTTTTTTTTTTTTTTTTTTTTTTTTTTTTTT..........TTT...........................TT................TTTTTT..TTTTTTTTTTTTTTTT@@@@@@TTTTT.....TTTTTT@@@@@TTTTTTTTTTTTTTTTTTTTTTTT.....................................................................TTTTTTTTTTT@@@@@TTTTTTTTTTT@@@TTTTTTTTTTTTTTTTTTTTT........................................TTT@@TTTTTTTTTTTTTTTT...TTT.....................TTTTTTTTTTTTTTTTTTTTTTTTTTTTTTTTTTTTTTTT@@@@@@@@@@@@@@@@@@@@@@@@@@@@@@@@@@@@@
@@@@@@@@@@@@@@@@@@@@@@@@@@@@@@@@@@@@@@@@@@@@@@@@TTTTTTTTTTTTTTTTTTTTTTTTTTTTTTTTTTTTTTTTTTTTTT..........TTT...........................TT................TTTTTT..TTTTTTTTTTTTTTTT@@@@@@TTTTT.....TTTTTT@@@@@TTTTTTTTTTTTTTTTTTTTTTTT.....................................................................TTTTTTTTTTT@@@@@TTTTTTTTTTT@@@TTTTTTTTTTTTTTTTTTTTT........................................TTT@@TTTTTTTTTTTTTTTT...TTT.....................TTTTTTTTTTTTTTTTTTTTTTTTTTTTTTTTTTTTTTTT@@@@@@@@@@@@@@@@@@@@@@@@@@@@@@@@@@@@@
@@@@@@@@@@@@@@@@@@@@@@@@@@@@@@@@@@@@@@@@@@@@@@@@TTTTTTTTTTTTTTTTTTTTTTTTTTTTTTTTTTTTTTTTTTTTTT..........TTT...........................TT................TTTTTT..TTTTTTTTTTTTTTTT@@@@@@TTTTT.....TTTTTT@@@@@TTTTTTTTTTTTTTTTTTTTTTTT.....................................................................TTTTTTTTTTT@@@@@TTTTTTTTTTT@@@TTTTTTTTTTTTTTTTTTTTT........................................TTT@@TTTTTTTTTTTTTTTT...TTT.....................TTTTTTTTTTTTTTTTTTTTTTTTTTTTTTTTTTTTTTTT@@@@@@@@@@@@@@@@@@@@@@@@@@@@@@@@@@@@@
@@@@@@@@@@@@@@@@@@@@@@@@@@@@@@@@@@@@@@@@@@@@@@@@TTTTTTTTTTTTTTTTTTTTTTTTTTTTTTTTTTTTTTTTTTTTTT..........TTT...........................TT................TTTTTT..TTTTTTTTTTTTTTTT@@@@@@TTTTT.....TTTTTT@@@@@TTTTTTTTTTTTTTTTTTTTTTTT.....................................................................TTTTTTTTTTT@@@@@TTTTTTTTTTT@@@TTTTTTTTTTTTTTTTTTTTT........................................TTT@@TTTTTTTTTTTTTTTT...TTT.....................TTTTTTTTTTTTTTTTTTTTTTTTTTTTTTTTTTTTTTTT@@@@@@@@@@@@@@@@@@@@@@@@@@@@@@@@@@@@@
@@@@@@@@@@@@@@@@@@@@@@@@@@@@@@@@@@@@@@@@@@@@@@@@@@@TTTTTTTTTTTTT@@@@@@TTTTTTTT@@TTTTTTTT@@@TTTTT......TTTTTTTT.....................TTTTT................@@@TTTTT@@@TTTTTTTT@@@@@@@@@@@@@TTTTTTTT@@@@@@@@@@@@@@@@@@@@@@TTTTTTTTTT..............................................TTTTT...................TT@@@@@@@@@@@@@@@@@@@@@@@@@@@@@@@@@@@@@@@@TTTTTTTTTTTTTT................................TT...@@@@@@@@@@@TTTTTTTTTTTTTTTTTTTTT........................@@@@@@@@@@@@@@@@@@@@@@@@@@@@@@@@@@@@@@@@@@@@@@@@@@@@@@@@@@@@@@@@@@@@@
@@@@@@@@@@@@@@@@@@@@@@@@@@@@@@@@@@@@@@@@@@@@@@@@@@@TTTTTTTTTTTTT@@@@@@TTTTTTTT@@TTTTTTTT@@@TTTTT......TTTTTTTT.....................TTTTT................@@@TTTTT@@@TTTTTTTT@@@@@@@@@@@@@TTTTTTTT@@@@@@@@@@@@@@@@@@@@@@TTTTTTTTTT..............................................TTTTT...................TT@@@@@@@@@@@@@@@@@@@@@@@@@@@@@@@@@@@@@@@@TTTTTTTTTTTTTT................................TT...@@@@@@@@@@@TTTTTTTTTTTTTTTTTTTTT........................@@@@@@@@@@@@@@@@@@@@@@@@@@@@@@@@@@@@@@@@@@@@@@@@@@@@@@@@@@@@@@@@@@@@@
@@@@@@@@@@@@@@@@@@@@@@@@@@@@@@@@@@@@@@@@@@@@@@@@@@@TTTTTTTTTTTTT@@@@@@TTTTTTTT@@TTTTTTTT@@@TTTTT......TTTTTTTT.....................TTTTT................@@@TTTTT@@@TTTTTTTT@@@@@@@@@@@@@TTTTTTTT@@@@@@@@@@@@@@@@@@@@@@TTTTTTTTTT..............................................TTTTT...................TT@@@@@@@@@@@@@@@@@@@@@@@@@@@@@@@@@@@@@@@@TTTTTTTTTTTTTT................................TT...@@@@@@@@@@@TTTTTTTTTTTTTTTTTTTTT........................@@@@@@@@@@@@@@@@@@@@@@@@@@@@@@@@@@@@@@@@@@@@@@@@@@@@@@@@@@@@@@@@@@@@@
@@@@@@@@@@@@@@@@@@@@@@@@@@@@@@@@@@@@@@@@@@@@@@@@@@@TTTTTTTTTTTTT@@@@@@TTTTTTTT@@TTTTTTTT@@@TTTTT......TTTTTTTT.....................TTTTT................@@@TTTTT@@@TTTTTTTT@@@@@@@@@@@@@TTTTTTTT@@@@@@@@@@@@@@@@@@@@@@TTTTTTTTTT..............................................TTTTT...................TT@@@@@@@@@@@@@@@@@@@@@@@@@@@@@@@@@@@@@@@@TTTTTTTTTTTTTT................................TT...@@@@@@@@@@@TTTTTTTTTTTTTTTTTTTTT........................@@@@@@@@@@@@@@@@@@@@@@@@@@@@@@@@@@@@@@@@@@@@@@@@@@@@@@@@@@@@@@@@@@@@@
@@@@@@@@@@@@@@@@@@@@@@@@@@@@@@@@@@@@@@@@@@@@@@@@@@@TTTTTTTTTTTTT@@@@@@TTTTTTTT@@TTTTTTTT@@@TTTTT......TTTTTTTT.....................TTTTT................@@@TTTTT@@@TTTTTTTT@@@@@@@@@@@@@TTTTTTTT@@@@@@@@@@@@@@@@@@@@@@TTTTTTTTTT..............................................TTTTT...................TT@@@@@@@@@@@@@@@@@@@@@@@@@@@@@@@@@@@@@@@@TTTTTTTTTTTTTT................................TT...@@@@@@@@@@@TTTTTTTTTTTTTTTTTTTTT........................@@@@@@@@@@@@@@@@@@@@@@@@@@@@@@@@@@@@@@@@@@@@@@@@@@@@@@@@@@@@@@@@@@@@@
@@@@@@@@@@@@@@@@@@@@@@@@@@@@@@@@@@@@@@@@@@@@@@@@@@@TTTTTTTTTTTTT@@@@@@TTTTTTTT@@TTTTTTTT@@@TTTTT......TTTTTTTT.....................TTTTT................@@@TTTTT@@@TTTTTTTT@@@@@@@@@@@@@TTTTTTTT@@@@@@@@@@@@@@@@@@@@@@TTTTTTTTTT..............................................TTTTT...................TT@@@@@@@@@@@@@@@@@@@@@@@@@@@@@@@@@@@@@@@@TTTTTTTTTTTTTT................................TT...@@@@@@@@@@@TTTTTTTTTTTTTTTTTTTTT........................@@@@@@@@@@@@@@@@@@@@@@@@@@@@@@@@@@@@@@@@@@@@@@@@@@@@@@@@@@@@@@@@@@@@@
@@@@@@@@@@@@@@@@@@@@@@@@@@@@@@@@@@@@@@@@@@@@@@@@@@@@@@@@@@@@@@@@@@@@@@@@@@@@@@@@@@@@@@@@@@@TTTTT...TTTTTTTTTTT..................TTTTTTTT..............TT@@@@@@@@@@@@@@@@@@@@@@@@@@@@@@@@@@@@@@@@@@@@@@@@@@@@@@@@@@@@@@TTTTTTTTTTTTTTTTTT......................TTTTTTTT.....TTTTTTTT...................TT@@@@@@@@@@@@@@@@@@@@@@@@@@@@@@@@@@@@@@@@@@@@@@TTTTTTTT.....................................@@@@@@@@@@@@@TTTTTTTTTTTTTTTTTTTTTT........TTTTT...TT...@@@@@@@@@@@@@@@@@@@@@@@@@@@@@@@@@@@@@@@@@@@@@@@@@@@@@@@@@@@@@@@@@@@@@
@@@@@@@@@@@@@@@@@@@@@@@@@@@@@@@@@@@@@@@@@@@@@@@@@@@@@@@@@@@@@@@@@@@@@@@@@@@@@@@@@@@@@@@@@@@TTTTT...TTTTTTTTTTT..................TTTTTTTT..............TT@@@@@@@@@@@@@@@@@@@@@@@@@@@@@@@@@@@@@@@@@@@@@@@@@@@@@@@@@@@@@@TTTTTTTTTTTTTTTTTT......................TTTTTTTT.....TTTTTTTT...................TT@@@@@@@@@@@@@@@@@@@@@@@@@@@@@@@@@@@@@@@@@@@@@@TTTTTTTT.....................................@@@@@@@@@@@@@TTTTTTTTTTTTTTTTTTTTTT........TTTTT...TT...@@@@@@@@@@@@@@@@@@@@@@@@@@@@@@@@@@@@@@@@@@@@@@@@@@@@@@@@@@@@@@@@@@@@@
@@@@@@@@@@@@@@@@@@@@@@@@@@@@@@@@@@@@@@@@@@@@@@@@@@@@@@@@@@@@@@@@@@@@@@@@@@@@@@@@@@@@@@@@@@@TTTTT...TTTTTTTTTTT..................TTTTTTTT..............TT@@@@@@@@@@@@@@@@@@@@@@@@@@@@@@@@@@@@@@@@@@@@@@@@@@@@@@@@@@@@@@TTTTTTTTTTTTTTTTTT......................TTTTTTTT.....TTTTTTTT...................TT@@@@@@@@@@@@@@@@@@@@@@@@@@@@@@@@@@@@@@@@@@@@@@TTTTTTTT.....................................@@@@@@@@@@@@@TTTTTTTTTTTTTTTTTTTTTT........TTTTT...TT...@@@@@@@@@@@@@@@@@@@@@@@@@@@@@@@@@@@@@@@@@@@@@@@@@@@@@@@@@@@@@@@@@@@@@
@@@@@@@@@@@@@@@@@@@@@@@@@@@@@@@@@@@@@@@@@@@@@@@@@@@@@@@@@@@@@@@@@@@@@@@@@@@@@@@@@@@@@@@@@@@TTTTT...TTTTTTTTTTT..................TTTTTTTT..............TT@@@@@@@@@@@@@@@@@@@@@@@@@@@@@@@@@@@@@@@@@@@@@@@@@@@@@@@@@@@@@@TTTTTTTTTTTTTTTTTT......................TTTTTTTT.....TTTTTTTT...................TT@@@@@@@@@@@@@@@@@@@@@@@@@@@@@@@@@@@@@@@@@@@@@@TTTTTTTT.....................................@@@@@@@@@@@@@TTTTTTTTTTTTTTTTTTTTTT........TTTTT...TT...@@@@@@@@@@@@@@@@@@@@@@@@@@@@@@@@@@@@@@@@@@@@@@@@@@@@@@@@@@@@@@@@@@@@@
@@@@@@@@@@@@@@@@@@@@@@@@@@@@@@@@@@@@@@@@@@@@@@@@@@@@@@@@@@@@@@@@@@@@@@@@@@@@@@@@@@@@@@@@@@@TTTTT...TTTTTTTTTTT..................TTTTTTTT..............TT@@@@@@@@@@@@@@@@@@@@@@@@@@@@@@@@@@@@@@@@@@@@@@@@@@@@@@@@@@@@@@TTTTTTTTTTTTTTTTTT......................TTTTTTTT.....TTTTTTTT...................TT@@@@@@@@@@@@@@@@@@@@@@@@@@@@@@@@@@@@@@@@@@@@@@TTTTTTTT.....................................@@@@@@@@@@@@@TTTTTTTTTTTTTTTTTTTTTT........TTTTT...TT...@@@@@@@@@@@@@@@@@@@@@@@@@@@@@@@@@@@@@@@@@@@@@@@@@@@@@@@@@@@@@@@@@@@@@
@@@@@@@@@@@@@@@@@@@@@@@@@@@@@@@@@@@@@@@@@@@@@@@@@@@@@@@@@@@@@@@@@@@@@@@@@@@@@@@@@@@@@@@@@@@@@@TTTTTTTTTTTTTTTT.............TTTTTTTTTTTTTTTT...TT......@@@@@@@@@@@@@@@@@@@@@@@@@@@@@@@@@@@@@@@@@@@@@@@@@@@@@@@@@@@@@@@@@@TTTTTTTTTTTTTTTTTTT................TTTTTTTTTTTTTTTTTTTTTTTTTTTTT................@@@@@@@@@@@@@@@@@@@@@@@@@@@@@@@@@@@@@@@@@@@@@@@@TTTTTT.............................TTT..TTT@@@@@@@@@@@@@@@@@@@@@TTTTTTTTTTTTTTTTTTTTTTTTTTTTTTTTTTT@@@@@@@@@@@@@@@@@@@@@@@@@@@@@@@@@@@@@@@@@@@@@@@@@@@@@@@@@@@@@@@@@@@@@
@@@@@@@@@@@@@@@@@@@@@@@@@@@@@@@@@@@@@@@@@@@@@@@@@@@@@@@@@@@@@@@@@@@@@@@@@@@@@@@@@@@@@@@@@@@@@@TTTTTTTTTTTTTTTT.............TTTTTTTTTTTTTTTT...TT......@@@@@@@@@@@@@@@@@@@@@@@@@@@@@@@@@@@@@@@@@@@@@@@@@@@@@@@@@@@@@@@@@@TTTTTTTTTTTTTTTTTTT................TTTTTTTTTTTTTTTTTTTTTTTTTTTTT................@@@@@@@@@@@@@@@@@@@@@@@@@@@@@@@@@@@@@@@@@@@@@@@@TTTTTT.............................TTT..TTT@@@@@@@@@@@@@@@@@@@@@TTTTTTTTTTTTTTTTTTTTTTTTTTTTTTTTTTT@@@@@@@@@@@@@@@@@@@@@@@@@@@@@@@@@@@@@@@@@@@@@@@@@@@@@@@@@@@@@@@@@@@@@
@@@@@@@@@@@@@@@@@@@@@@@@@@@@@@@@@@@@@@@@@@@@@@@@@@@@@@@@@@@@@@@@@@@@@@@@@@@@@@@@@@@@@@@@@@@@@@TTTTTTTTTTTTTTTT.............TTTTTTTTTTTTTTTT...TT......@@@@@@@@@@@@@@@@@@@@@@@@@@@@@@@@@@@@@@@@@@@@@@@@@@@@@@@@@@@@@@@@@@TTTTTTTTTTTTTTTTTTT................TTTTTTTTTTTTTTTTTTTTTTTTTTTTT................@@@@@@@@@@@@@@@@@@@@@@@@@@@@@@@@@@@@@@@@@@@@@@@@TTTTTT.............................TTT..TTT@@@@@@@@@@@@@@@@@@@@@TTTTTTTTTTTTTTTTTTTTTTTTTTTTTTTTTTT@@@@@@@@@@@@@@@@@@@@@@@@@@@@@@@@@@@@@@@@@@@@@@@@@@@@@@@@@@@@@@@@@@@@@
@@@@@@@@@@@@@@@@@@@@@@@@@@@@@@@@@@@@@@@@@@@@@@@@@@@@@@@@@@@@@@@@@@@@@@@@@@@@@@@@@@@@@@@@@@@@@@TTTTTTTTTTTTTTTT.............TTTTTTTTTTTTTTTT...TT......@@@@@@@@@@@@@@@@@@@@@@@@@@@@@@@@@@@@@@@@@@@@@@@@@@@@@@@@@@@@@@@@@@TTTTTTTTTTTTTTTTTTT................TTTTTTTTTTTTTTTTTTTTTTTTTTTTT................@@@@@@@@@@@@@@@@@@@@@@@@@@@@@@@@@@@@@@@@@@@@@@@@TTTTTT.............................TTT..TTT@@@@@@@@@@@@@@@@@@@@@TTTTTTTTTTTTTTTTTTTTTTTTTTTTTTTTTTT@@@@@@@@@@@@@@@@@@@@@@@@@@@@@@@@@@@@@@@@@@@@@@@@@@@@@@@@@@@@@@@@@@@@@
@@@@@@@@@@@@@@@@@@@@@@@@@@@@@@@@@@@@@@@@@@@@@@@@@@@@@@@@@@@@@@@@@@@@@@@@@@@@@@@@@@@@@@@@@@@@@@TTTTTTTTTTTTTTTT.............TTTTTTTTTTTTTTTT...TT......@@@@@@@@@@@@@@@@@@@@@@@@@@@@@@@@@@@@@@@@@@@@@@@@@@@@@@@@@@@@@@@@@@TTTTTTTTTTTTTTTTTTT................TTTTTTTTTTTTTTTTTTTTTTTTTTTTT................@@@@@@@@@@@@@@@@@@@@@@@@@@@@@@@@@@@@@@@@@@@@@@@@TTTTTT.............................TTT..TTT@@@@@@@@@@@@@@@@@@@@@TTTTTTTTTTTTTTTTTTTTTTTTTTTTTTTTTTT@@@@@@@@@@@@@@@@@@@@@@@@@@@@@@@@@@@@@@@@@@@@@@@@@@@@@@@@@@@@@@@@@@@@@
@@@@@@@@@@@@@@@@@@@@@@@@@@@@@@@@@@@@@@@@@@@@@@@@@@@@@@@@@@@@@@@@@@@@@@@@@@@@@@@@@@@@@@@@@@@@@@@@@@@@@@TTTTTTTT.............TTTTTTTTTTTTTTTTTTTTT...TTT@@@@@@@@@@@@@@@@@@@@@@@@@@@@@@@@@@@@@@@@@@@@@@@@@@@@@@@@@@@@@@@@@@@@@TTTTTTTTTTTTTTTTTTT.....TTTTTTTTTTTTTTTTTTTTTTTTTTTTTTTTTTTTT................@@@@@@@@@@@@@@@@@@@@@@@@@@@@@@@@@@@@@@@@@@@@@@@@TTT.............................TTTTTT..@@@@@@@@@@@@@@@@@@@@@@@@@@@@@@TTTTTTTTTTTTTTTTTTTTTTTTTT@@@@@@@@@@@@@@@@@@@@@@@@@@@@@@@@@@@@@@@@@@@@@@@@@@@@@@@@@@@@@@@@@@@@@@@@
@@@@@@@@@@@@@@@@@@@@@@@@@@@@@@@@@@@@@@@@@@@@@@@@@@@@@@@@@@@@@@@@@@@@@@@@@@@@@@@@@@@@@@@@@@@@@@@@@@@@@@TTTTTTTT.............TTTTTTTTTTTTTTTTTTTTT...TTT@@@@@@@@@@@@@@@@@@@@@@@@@@@@@@@@@@@@@@@@@@@@@@@@@@@@@@@@@@@@@@@@@@@@@TTTTTTTTTTTTTTTTTTT.....TTTTTTTTTTTTTTTTTTTTTTTTTTTTTTTTTTTTT................@@@@@@@@@@@@@@@@@@@@@@@@@@@@@@@@@@@@@@@@@@@@@@@@TTT.............................TTTTTT..@@@@@@@@@@@@@@@@@@@@@@@@@@@@@@TTTTTTTTTTTTTTTTTTTTTTTTTT@@@@@@@@@@@@@@@@@@@@@@@@@@@@@@@@@@@@@@@@@@@@@@@@@@@@@@@@@@@@@@@@@@@@@@@@
@@@@@@@@@@@@@@@@@@@@@@@@@@@@@@@@@@@@@@@@@@@@@@@@@@@@@@@@@@@@@@@@@@@@@@@@@@@@@@@@@@@@@@@@@@@@@@@@@@@@@@TTTTTTTT.............TTTTTTTTTTTTTTTTTTTTT...TTT@@@@@@@@@@@@@@@@@@@@@@@@@@@@@@@@@@@@@@@@@@@@@@@@@@@@@@@@@@@@@@@@@@@@@TTTTTTTTTTTTTTTTTTT.....TTTTTTTTTTTTTTTTTTTTTTTTTTTTTTTTTTTTT................@@@@@@@@@@@@@@@@@@@@@@@@@@@@@@@@@@@@@@@@@@@@@@@@TTT.............................TTTTTT..@@@@@@@@@@@@@@@@@@@@@@@@@@@@@@TTTTTTTTTTTTTTTTTTTTTTTTTT@@@@@@@@@@@@@@@@@@@@@@@@@@@@@@@@@@@@@@@@@@@@@@@@@@@@@@@@@@@@@@@@@@@@@@@@
@@@@@@@@@@@@@@@@@@@@@@@@@@@@@@@@@@@@@@@@@@@@@@@@@@@@@@@@@@@@@@@@@@@@@@@@@@@@@@@@@@@@@@@@@@@@@@@@@@@@@@TTTTTTTT.............TTTTTTTTTTTTTTTTTTTTT...TTT@@@@@@@@@@@@@@@@@@@@@@@@@@@@@@@@@@@@@@@@@@@@@@@@@@@@@@@@@@@@@@@@@@@@@TTTTTTTTTTTTTTTTTTT.....TTTTTTTTTTTTTTTTTTTTTTTTTTTTTTTTTTTTT................@@@@@@@@@@@@@@@@@@@@@@@@@@@@@@@@@@@@@@@@@@@@@@@@TTT.............................TTTTTT..@@@@@@@@@@@@@@@@@@@@@@@@@@@@@@TTTTTTTTTTTTTTTTTTTTTTTTTT@@@@@@@@@@@@@@@@@@@@@@@@@@@@@@@@@@@@@@@@@@@@@@@@@@@@@@@@@@@@@@@@@@@@@@@@
@@@@@@@@@@@@@@@@@@@@@@@@@@@@@@@@@@@@@@@@@@@@@@@@@@@@@@@@@@@@@@@@@@@@@@@@@@@@@@@@@@@@@@@@@@@@@@@@@@@@@@TTTTTTTT.............TTTTTTTTTTTTTTTTTTTTT...TTT@@@@@@@@@@@@@@@@@@@@@@@@@@@@@@@@@@@@@@@@@@@@@@@@@@@@@@@@@@@@@@@@@@@@@TTTTTTTTTTTTTTTTTTT.....TTTTTTTTTTTTTTTTTTTTTTTTTTTTTTTTTTTTT................@@@@@@@@@@@@@@@@@@@@@@@@@@@@@@@@@@@@@@@@@@@@@@@@TTT.............................TTTTTT..@@@@@@@@@@@@@@@@@@@@@@@@@@@@@@TTTTTTTTTTTTTTTTTTTTTTTTTT@@@@@@@@@@@@@@@@@@@@@@@@@@@@@@@@@@@@@@@@@@@@@@@@@@@@@@@@@@@@@@@@@@@@@@@@
@@@@@@@@@@@@@@@@@@@@@@@@@@@@@@@@@@@@@@@@@@@@@@@@@@@@@@@@@@@@@@@@@@@@@@@@@@@@@@@@@@@@@@@@@@@@@@@@@@@@@@TTTTTTTT.............TTTTTTTTTTTTTTTTTTTTT...TTT@@@@@@@@@@@@@@@@@@@@@@@@@@@@@@@@@@@@@@@@@@@@@@@@@@@@@@@@@@@@@@@@@@@@@TTTTTTTTTTTTTTTTTTT.....TTTTTTTTTTTTTTTTTTTTTTTTTTTTTTTTTTTTT................@@@@@@@@@@@@@@@@@@@@@@@@@@@@@@@@@@@@@@@@@@@@@@@@TTT.............................TTTTTT..@@@@@@@@@@@@@@@@@@@@@@@@@@@@@@TTTTTTTTTTTTTTTTTTTTTTTTTT@@@@@@@@@@@@@@@@@@@@@@@@@@@@@@@@@@@@@@@@@@@@@@@@@@@@@@@@@@@@@@@@@@@@@@@@
@@@@@@@@@@@@@@@@@@@@@@@@@@@@@@@@@@@@@@@@@@@@@@@@@@@@@@@@@@@@@@@@@@@@@@@@@@@@@@@@@@@@@@@@@@@@@@@@@@@TTTTTTTTTTT..TTTTTTTT...TTTTTTTT@@@@@@@@@@@TTTTT@@@@@@@@@@@@@@@@@@@@@@@@@@@@@@@@@@@@@@@@@@@@@@@@@@@@@@@@@@@@@@@@@@@@@@@@@@@TTTTTTTTTT........TTTTTTTTTTTTTTTTTTTTTTTTTTTTTTTTTTTTTTTTTTT...........TT@@@@@@@@@@@@@@@@@@@@@@@@@@@@@@@@@@@@@@@@@@@@@@@@TTTTTT..........TTTTTTTT........TTTTTT..@@@@@@@@@@@@@@@@@@@@@@@@@@@@@@@@TTTTTTTTTTTTTTTTTTTTTT@@@@@@@@@@@@@@@@@@@@@@@@@@@@@@@@@@@@@@@@@@@@@@@@@@@@@@@@@@@@@@@@@@@@@@@@@@
@@@@@@@@@@@@@@@@@@@@@@@@@@@@@@@@@@@@@@@@@@@@@@@@@@@@@@@@@@@@@@@@@@@@@@@@@@@@@@@@@@@@@@@@@@@@@@@@@@@TTTTTTTTTTT..TTTTTTTT...TTTTTTTT@@@@@@@@@@@TTTTT@@@@@@@@@@@@@@@@@@@@@@@@@@@@@@@@@@@@@@@@@@@@@@@@@@@@@@@@@@@@@@@@@@@@@@@@@@@TTTTTTTTTT........TTTTTTTTTTTTTTTTTTTTTTTTTTTTTTTTTTTTTTTTTTT...........TT@@@@@@@@@@@@@@@@@@@@@@@@@@@@@@@@@@@@@@@@@@@@@@@@TTTTTT..........TTTTTTTT........TTTTTT..@@@@@@@@@@@@@@@@@@@@@@@@@@@@@@@@TTTTTTTTTTTTTTTTTTTTTT@@@@@@@@@@@@@@@@@@@@@@@@@@@@@@@@@@@@@@@@@@@@@@@@@@@@@@@@@@@@@@@@@@@@@@@@@@
@@@@@@@@@@@@@@@@@@@@@@@@@@@@@@@@@@@@@@@@@@@@@@@@@@@@@@@@@@@@@@@@@@@@@@@@@@@@@@@@@@@@@@@@@@@@@@@@@@@TTTTTTTTTTT..TTTTTTTT...TTTTTTTT@@@@@@@@@@@TTTTT@@@@@@@@@@@@@@@@@@@@@@@@@@@@@@@@@@@@@@@@@@@@@@@@@@@@@@@@@@@@@@@@@@@@@@@@@@@TTTTTTTTTT........TTTTTTTTTTTTTTTTTTTTTTTTTTTTTTTTTTTTTTTTTTT...........TT@@@@@@@@@@@@@@@@@@@@@@@@@@@@@@@@@@@@@@@@@@@@@@@@TTTTTT..........TTTTTTTT........TTTTTT..@@@@@@@@@@@@@@@@@@@@@@@@@@@@@@@@TTTTTTTTTTTTTTTTTTTTTT@@@@@@@@@@@@@@@@@@@@@@@@@@@@@@@@@@@@@@@@@@@@@@@@@@@@@@@@@@@@@@@@@@@@@@@@@@
@@@@@@@@@@@@@@@@@@@@@@@@@@@@@@@@@@@@@@@@@@@@@@@@@@@@@@@@@@@@@@@@@@@@@@@@@@@@@@@@@@@@@@@@@@@@@@@@@@@TTTTTTTTTTT..TTTTTTTT...TTTTTTTT@@@@@@@@@@@TTTTT@@@@@@@@@@@@@@@@@@@@@@@@@@@@@@@@@@@@@@@@@@@@@@@@@@@@@@@@@@@@@@@@@@@@@@@@@@@TTTTTTTTTT........TTTTTTTTTTTTTTTTTTTTTTTTTTTTTTTTTTTTTTTTTTT...........TT@@@@@@@@@@@@@@@@@@@@@@@@@@@@@@@@@@@@@@@@@@@@@@@@TTTTTT..........TTTTTTTT........TTTTTT..@@@@@@@@@@@@@@@@@@@@@@@@@@@@@@@@TTTTTTTTTTTTTTTTTTTTTT@@@@@@@@@@@@@@@@@@@@@@@@@@@@@@@@@@@@@@@@@@@@@@@@@@@@@@@@@@@@@@@@@@@@@@@@@@
@@@@@@@@@@@@@@@@@@@@@@@@@@@@@@@@@@@@@@@@@@@@@@@@@@@@@@@@@@@@@@@@@@@@@@@@@@@@@@@@@@@@@@@@@@@@@@@@@@@TTTTTTTTTTT..TTTTTTTT...TTTTTTTT@@@@@@@@@@@TTTTT@@@@@@@@@@@@@@@@@@@@@@@@@@@@@@@@@@@@@@@@@@@@@@@@@@@@@@@@@@@@@@@@@@@@@@@@@@@TTTTTTTTTT........TTTTTTTTTTTTTTTTTTTTTTTTTTTTTTTTTTTTTTTTTTT...........TT@@@@@@@@@@@@@@@@@@@@@@@@@@@@@@@@@@@@@@@@@@@@@@@@TTTTTT..........TTTTTTTT........TTTTTT..@@@@@@@@@@@@@@@@@@@@@@@@@@@@@@@@TTTTTTTTTTTTTTTTTTTTTT@@@@@@@@@@@@@@@@@@@@@@@@@@@@@@@@@@@@@@@@@@@@@@@@@@@@@@@@@@@@@@@@@@@@@@@@@@
@@@@@@@@@@@@@@@@@@@@@@@@@@@@@@@@@@@@@@@@@@@@@@@@@@@@@@@@@@@@@@@@@@@@@@@@@@@@@@@@@@@@@@@@@@@@@@@@@@@TTTTTTTTTTTTTTTTTTTTTTTTTTTTT@@@@@@@@@@@@@@@@@@@@@@@@@@@@@@@@@@@@@@@@@@@@@@@@@@@@@@@@@@@@@@@@@@@@@@@@@@@@@@@@@@@@@@@@@@@@@@TTTTTTTTTT...TTT........TTTTTTTTTTTTTTTTTTTTTTTTTTTTTTTTTT........TTTTTT@@@@@@@@@@@@@@@@@@@@@@@@@@@@@@@@@@@@@@@@@@@@@@@@@@TTT.....TTTTTTTTTTTTTTTT...TTTTTTTTTTTTT@@@@@@@@@@@@@@@@@@@@@@@@@@@@@@@@@@@@@@@@@@@@@@@@@@@@@@@@@@@@@@@@@@@@@@@@@@@@@@@@@@@@@@@@@@@@@@@@@@@@@@@@@@@@@@@@@@@@@@@@@@@@@@@@
@@@@@@@@@@@@@@@@@@@@@@@@@@@@@@@@@@@@@@@@@@@@@@@@@@@@@@@@@@@@@@@@@@@@@@@@@@@@@@@@@@@@@@@@@@@@@@@@@@@TTTTTTTTTTTTTTTTTTTTTTTTTTTTT@@@@@@@@@@@@@@@@@@@@@@@@@@@@@@@@@@@@@@@@@@@@@@@@@@@@@@@@@@@@@@@@@@@@@@@@@@@@@@@@@@@@@@@@@@@@@@TTTTTTTTTT...TTT........TTTTTTTTTTTTTTTTTTTTTTTTTTTTTTTTTT........TTTTTT@@@@@@@@@@@@@@@@@@@@@@@@@@@@@@@@@@@@@@@@@@@@@@@@@@TTT.....TTTTTTTTTTTTTTTT...TTTTTTTTTTTTT@@@@@@@@@@@@@@@@@@@@@@@@@@@@@@@@@@@@@@@@@@@@@@@@@@@@@@@@@@@@@@@@@@@@@@@@@@@@@@@@@@@@@@@@@@@@@@@@@@@@@@@@@@@@@@@@@@@@@@@@@@@@@@@@
@@@@@@@@@@@@@@@@@@@@@@@@@@@@@@@@@@@@@@@@@@@@@@@@@@@@@@@@@@@@@@@@@@@@@@@@@@@@@@@@@@@@@@@@@@@@@@@@@@@TTTTTTTTTTTTTTTTTTTTTTTTTTTTT@@@@@@@@@@@@@@@@@@@@@@@@@@@@@@@@@@@@@@@@@@@@@@@@@@@@@@@@@@@@@@@@@@@@@@@@@@@@@@@@@@@@@@@@@@@@@@TTTTTTTTTT...TTT........TTTTTTTTTTTTTTTTTTTTTTTTTTTTTTTTTT........TTTTTT@@@@@@@@@@@@@@@@@@@@@@@@@@@@@@@@@@@@@@@@@@@@@@@@@@TTT.....TTTTTTTTTTTTTTTT...TTTTTTTTTTTTT@@@@@@@@@@@@@@@@@@@@@@@@@@@@@@@@@@@@@@@@@@@@@@@@@@@@@@@@@@@@@@@@@@@@@@@@@@@@@@@@@@@@@@@@@@@@@@@@@@@@@@@@@@@@@@@@@@@@@@@@@@@@@@@@
@@@@@@@@@@@@@@@@@@@@@@@@@@@@@@@@@@@@@@@@@@@@@@@@@@@@@@@@@@@@@@@@@@@@@@@@@@@@@@@@@@@@@@@@@@@@@@@@@@@TTTTTTTTTTTTTTTTTTTTTTTTTTTTT@@@@@@@@@@@@@@@@@@@@@@@@@@@@@@@@@@@@@@@@@@@@@@@@@@@@@@@@@@@@@@@@@@@@@@@@@@@@@@@@@@@@@@@@@@@@@@TTTTTTTTTT...TTT........TTTTTTTTTTTTTTTTTTTTTTTTTTTTTTTTTT........TTTTTT@@@@@@@@@@@@@@@@@@@@@@@@@@@@@@@@@@@@@@@@@@@@@@@@@@TTT.....TTTTTTTTTTTTTTTT...TTTTTTTTTTTTT@@@@@@@@@@@@@@@@@@@@@@@@@@@@@@@@@@@@@@@@@@@@@@@@@@@@@@@@@@@@@@@@@@@@@@@@@@@@@@@@@@@@@@@@@@@@@@@@@@@@@@@@@@@@@@@@@@@@@@@@@@@@@@@@
@@@@@@@@@@@@@@@@@@@@@@@@@@@@@@@@@@@@@@@@@@@@@@@@@@@@@@@@@@@@@@@@@@@@@@@@@@@@@@@@@@@@@@@@@@@@@@@@@@@TTTTTTTTTTTTTTTTTTTTTTTTTTTTT@@@@@@@@@@@@@@@@@@@@@@@@@@@@@@@@@@@@@@@@@@@@@@@@@@@@@@@@@@@@@@@@@@@@@@@@@@@@@@@@@@@@@@@@@@@@@@TTTTTTTTTT...TTT........TTTTTTTTTTTTTTTTTTTTTTTTTTTTTTTTTT........TTTTTT@@@@@@@@@@@@@@@@@@@@@@@@@@@@@@@@@@@@@@@@@@@@@@@@@@TTT.....TTTTTTTTTTTTTTTT...TTTTTTTTTTTTT@@@@@@@@@@@@@@@@@@@@@@@@@@@@@@@@@@@@@@@@@@@@@@@@@@@@@@@@@@@@@@@@@@@@@@@@@@@@@@@@@@@@@@@@@@@@@@@@@@@@@@@@@@@@@@@@@@@@@@@@@@@@@@@@
@@@@@@@@@@@@@@@@@@@@@@@@@@@@@@@@@@@@@@@@@@@@@@@@@@@@@@@@@@@@@@@@@@@@@@@@@@@@@@@@@@@@@@@@@@@@@@@@@@@@@@TTTTTTTTTTTTTTTTTTTTTTTTTT@@@@@@@@@@@@@@@@@@@@@@@@@@@@@@@@@@@@@@@@@@@@@@@@@@@@@@@@@@@@@@@@@@@@@@@@@@@@@@@@@@@@@@@@@@@@@@@@TTTTTTTTTTTTTTTT...TTTTTTTTTTTTT@@@TTTTTTTTTTTTTTTTTTTTTTTT...TT@@@@@@@@@@@@@@@@@@@@@@@@@@@@@@@@@@@@@@@@@@@@@@@@@@@@@@TT......TTTTTTTTTTTTTTTT.....TTTTTTTTTTT@@@@@@@@@@@@@@@@@@@@@@@@@@@@@@@@@@@@@@@@@@@@@@@@@@@@@@@@@@@@@@@@@@@@@@@@@@@@@@@@@@@@@@@@@@@@@@@@@@@@@@@@@@@@@@@@@@@@@@@@@@@@@@@@@@
@@@@@@@@@@@@@@@@@@@@@@@@@@@@@@@@@@@@@@@@@@@@@@@@@@@@@@@@@@@@@@@@@@@@@@@@@@@@@@@@@@@@@@@@@@@@@@@@@@@@@@TTTTTTTTTTTTTTTTTTTTTTTTTT@@@@@@@@@@@@@@@@@@@@@@@@@@@@@@@@@@@@@@@@@@@@@@@@@@@@@@@@@@@@@@@@@@@@@@@@@@@@@@@@@@@@@@@@@@@@@@@@TTTTTTTTTTTTTTTT...TTTTTTTTTTTTT@@@TTTTTTTTTTTTTTTTTTTTTTTT...TT@@@@@@@@@@@@@@@@@@@@@@@@@@@@@@@@@@@@@@@@@@@@@@@@@@@@@@TT......TTTTTTTTTTTTTTTT.....TTTTTTTTTTT@@@@@@@@@@@@@@@@@@@@@@@@@@@@@@@@@@@@@@@@@@@@@@@@@@@@@@@@@@@@@@@@@@@@@@@@@@@@@@@@@@@@@@@@@@@@@@@@@@@@@@@@@@@@@@@@@@@@@@@@@@@@@@@@@@
@@@@@@@@@@@@@@@@@@@@@@@@@@@@@@@@@@@@@@@@@@@@@@@@@@@@@@@@@@@@@@@@@@@@@@@@@@@@@@@@@@@@@@@@@@@@@@@@@@@@@@TTTTTTTTTTTTTTTTTTTTTTTTTT@@@@@@@@@@@@@@@@@@@@@@@@@@@@@@@@@@@@@@@@@@@@@@@@@@@@@@@@@@@@@@@@@@@@@@@@@@@@@@@@@@@@@@@@@@@@@@@@TTTTTTTTTTTTTTTT...TTTTTTTTTTTTT@@@TTTTTTTTTTTTTTTTTTTTTTTT...TT@@@@@@@@@@@@@@@@@@@@@@@@@@@@@@@@@@@@@@@@@@@@@@@@@@@@@@TT......TTTTTTTTTTTTTTTT.....TTTTTTTTTTT@@@@@@@@@@@@@@@@@@@@@@@@@@@@@@@@@@@@@@@@@@@@@@@@@@@@@@@@@@@@@@@@@@@@@@@@@@@@@@@@@@@@@@@@@@@@@@@@@@@@@@@@@@@@@@@@@@@@@@@@@@@@@@@@@@
@@@@@@@@@@@@@@@@@@@@@@@@@@@@@@@@@@@@@@@@@@@@@@@@@@@@@@@@@@@@@@@@@@@@@@@@@@@@@@@@@@@@@@@@@@@@@@@@@@@@@@TTTTTTTTTTTTTTTTTTTTTTTTTT@@@@@@@@@@@@@@@@@@@@@@@@@@@@@@@@@@@@@@@@@@@@@@@@@@@@@@@@@@@@@@@@@@@@@@@@@@@@@@@@@@@@@@@@@@@@@@@@TTTTTTTTTTTTTTTT...TTTTTTTTTTTTT@@@TTTTTTTTTTTTTTTTTTTTTTTT...TT@@@@@@@@@@@@@@@@@@@@@@@@@@@@@@@@@@@@@@@@@@@@@@@@@@@@@@TT......TTTTTTTTTTTTTTTT.....TTTTTTTTTTT@@@@@@@@@@@@@@@@@@@@@@@@@@@@@@@@@@@@@@@@@@@@@@@@@@@@@@@@@@@@@@@@@@@@@@@@@@@@@@@@@@@@@@@@@@@@@@@@@@@@@@@@@@@@@@@@@@@@@@@@@@@@@@@@@@
@@@@@@@@@@@@@@@@@@@@@@@@@@@@@@@@@@@@@@@@@@@@@@@@@@@@@@@@@@@@@@@@@@@@@@@@@@@@@@@@@@@@@@@@@@@@@@@@@@@@@@TTTTTTTTTTTTTTTTTTTTTTTTTT@@@@@@@@@@@@@@@@@@@@@@@@@@@@@@@@@@@@@@@@@@@@@@@@@@@@@@@@@@@@@@@@@@@@@@@@@@@@@@@@@@@@@@@@@@@@@@@@TTTTTTTTTTTTTTTT...TTTTTTTTTTTTT@@@TTTTTTTTTTTTTTTTTTTTTTTT...TT@@@@@@@@@@@@@@@@@@@@@@@@@@@@@@@@@@@@@@@@@@@@@@@@@@@@@@TT......TTTTTTTTTTTTTTTT.....TTTTTTTTTTT@@@@@@@@@@@@@@@@@@@@@@@@@@@@@@@@@@@@@@@@@@@@@@@@@@@@@@@@@@@@@@@@@@@@@@@@@@@@@@@@@@@@@@@@@@@@@@@@@@@@@@@@@@@@@@@@@@@@@@@@@@@@@@@@@@
@@@@@@@@@@@@@@@@@@@@@@@@@@@@@@@@@@@@@@@@@@@@@@@@@@@@@@@@@@@@@@@@@@@@@@@@@@@@@@@@@@@@@@@@@@@@@@@@@@@@@@TTTTTTTTTTTTTTTTTTTTTTTTTT@@@@@@@@@@@@@@@@@@@@@@@@@@@@@@@@@@@@@@@@@@@@@@@@@@@@@@@@@@@@@@@@@@@@@@@@@@@@@@@@@@@@@@@@@@@@@@@@TTTTTTTTTTTTTTTT...TTTTTTTTTTTTT@@@TTTTTTTTTTTTTTTTTTTTTTTT...TT@@@@@@@@@@@@@@@@@@@@@@@@@@@@@@@@@@@@@@@@@@@@@@@@@@@@@@TT......TTTTTTTTTTTTTTTT.....TTTTTTTTTTT@@@@@@@@@@@@@@@@@@@@@@@@@@@@@@@@@@@@@@@@@@@@@@@@@@@@@@@@@@@@@@@@@@@@@@@@@@@@@@@@@@@@@@@@@@@@@@@@@@@@@@@@@@@@@@@@@@@@@@@@@@@@@@@@@@
@@@@@@@@@@@@@@@@@@@@@@@@@@@@@@@@@@@@@@@@@@@@@@@@@@@@@@@@@@@@@@@@@@@@@@@@@@@@@@@@@@@@@@@@@@@@@@@@@@@@@@@@@@@TTTTTTTTTTTTTTTTTTT@@@@@@@@@@@@@@@@@@@@@@@@@@@@@@@@@@@@@@@@@@@@@@@@@@@@@@@@@@@@@@@@@@@@@@@@@@@@@@@@@@@@@@@@@@@@@@@@@@@@@@@@@@@@@@@@TTTTTTTTTTTTT@@@@@@@@@@@@@TTTTTTTTTTTTTT@@TTT.....@@@@@@@@@@@@@@@@@@@@@@@@@@@@@@@@@@@@@@@@@@@@@@@@@@@@@@TTTTTTTTTTTTTTTTTTTTTTTTTTTTTTTTTT@@@@@@@@@@@@@@@@@@@@@@@@@@@@@@@@@@@@@@@@@@@@@@@@@@@@@@@@@@@@@@@@@@@@@@@@@@@@@@@@@@@@@@@@@@@@@@@@@@@@@@@@@@@@@@@@@@@@@@@@@@@@@@@@@@@@@@@@
@@@@@@@@@@@@@@@@@@@@@@@@@@@@@@@@@@@@@@@@@@@@@@@@@@@@@@@@@@@@@@@@@@@@@@@@@@@@@@@@@@@@@@@@@@@@@@@@@@@@@@@@@@@TTTTTTTTTTTTTTTTTTT@@@@@@@@@@@@@@@@@@@@@@@@@@@@@@@@@@@@@@@@@@@@@@@@@@@@@@@@@@@@@@@@@@@@@@@@@@@@@@@@@@@@@@@@@@@@@@@@@@@@@@@@@@@@@@@@TTTTTTTTTTTTT@@@@@@@@@@@@@TTTTTTTTTTTTTT@@TTT.....@@@@@@@@@@@@@@@@@@@@@@@@@@@@@@@@@@@@@@@@@@@@@@@@@@@@@@TTTTTTTTTTTTTTTTTTTTTTTTTTTTTTTTTT@@@@@@@@@@@@@@@@@@@@@@@@@@@@@@@@@@@@@@@@@@@@@@@@@@@@@@@@@@@@@@@@@@@@@@@@@@@@@@@@@@@@@@@@@@@@@@@@@@@@@@@@@@@@@@@@@@@@@@@@@@@@@@@@@@@@@@@@
@@@@@@@@@@@@@@@@@@@@@@@@@@@@@@@@@@@@@@@@@@@@@@@@@@@@@@@@@@@@@@@@@@@@@@@@@@@@@@@@@@@@@@@@@@@@@@@@@@@@@@@@@@@TTTTTTTTTTTTTTTTTTT@@@@@@@@@@@@@@@@@@@@@@@@@@@@@@@@@@@@@@@@@@@@@@@@@@@@@@@@@@@@@@@@@@@@@@@@@@@@@@@@@@@@@@@@@@@@@@@@@@@@@@@@@@@@@@@@TTTTTTTTTTTTT@@@@@@@@@@@@@TTTTTTTTTTTTTT@@TTT.....@@@@@@@@@@@@@@@@@@@@@@@@@@@@@@@@@@@@@@@@@@@@@@@@@@@@@@TTTTTTTTTTTTTTTTTTTTTTTTTTTTTTTTTT@@@@@@@@@@@@@@@@@@@@@@@@@@@@@@@@@@@@@@@@@@@@@@@@@@@@@@@@@@@@@@@@@@@@@@@@@@@@@@@@@@@@@@@@@@@@@@@@@@@@@@@@@@@@@@@@@@@@@@@@@@@@@@@@@@@@@@@@
@@@@@@@@@@@@@@@@@@@@@@@@@@@@@@@@@@@@@@@@@@@@@@@@@@@@@@@@@@@@@@@@@@@@@@@@@@@@@@@@@@@@@@@@@@@@@@@@@@@@@@@@@@@TTTTTTTTTTTTTTTTTTT@@@@@@@@@@@@@@@@@@@@@@@@@@@@@@@@@@@@@@@@@@@@@@@@@@@@@@@@@@@@@@@@@@@@@@@@@@@@@@@@@@@@@@@@@@@@@@@@@@@@@@@@@@@@@@@@TTTTTTTTTTTTT@@@@@@@@@@@@@TTTTTTTTTTTTTT@@TTT.....@@@@@@@@@@@@@@@@@@@@@@@@@@@@@@@@@@@@@@@@@@@@@@@@@@@@@@TTTTTTTTTTTTTTTTTTTTTTTTTTTTTTTTTT@@@@@@@@@@@@@@@@@@@@@@@@@@@@@@@@@@@@@@@@@@@@@@@@@@@@@@@@@@@@@@@@@@@@@@@@@@@@@@@@@@@@@@@@@@@@@@@@@@@@@@@@@@@@@@@@@@@@@@@@@@@@@@@@@@@@@@@@
@@@@@@@@@@@@@@@@@@@@@@@@@@@@@@@@@@@@@@@@@@@@@@@@@@@@@@@@@@@@@@@@@@@@@@@@@@@@@@@@@@@@@@@@@@@@@@@@@@@@@@@@@@@TTTTTTTTTTTTTTTTTTT@@@@@@@@@@@@@@@@@@@@@@@@@@@@@@@@@@@@@@@@@@@@@@@@@@@@@@@@@@@@@@@@@@@@@@@@@@@@@@@@@@@@@@@@@@@@@@@@@@@@@@@@@@@@@@@@TTTTTTTTTTTTT@@@@@@@@@@@@@TTTTTTTTTTTTTT@@TTT.....@@@@@@@@@@@@@@@@@@@@@@@@@@@@@@@@@@@@@@@@@@@@@@@@@@@@@@TTTTTTTTTTTTTTTTTTTTTTTTTTTTTTTTTT@@@@@@@@@@@@@@@@@@@@@@@@@@@@@@@@@@@@@@@@@@@@@@@@@@@@@@@@@@@@@@@@@@@@@@@@@@@@@@@@@@@@@@@@@@@@@@@@@@@@@@@@@@@@@@@@@@@@@@@@@@@@@@@@@@@@@@@@
@@@@@@@@@@@@@@@@@@@@@@@@@@@@@@@@@@@@@@@@@@@@@@@@@@@@@@@@@@@@@@@@@@@@@@@@@@@@@@@@@@@@@@@@@@@@@@@@@@@@@@@@@@@@@@@@@@@@@@@@@@@@@@@@@@@@@@@@@@@@@@@@@@@@@@@@@@@@@@@@@@@@@@@@@@@@@@@@@@@@@@@@@@@@@@@@@@@@@@@@@@@@@@@@@@@@@@@@@@@@@@@@@@@@@@@@@@@@@@@@@@@@@@@@@@@@@@@@@@@@@@@@@@@@@@@@@@@@@@@@@@@@@@@@@@@@@@@@@@@@@@@@@@@@@@@@@@@@@@@@@@@@@@@@@@@@@@@@@@@@@@@@@@@@@@@@@@@@@@@@@@@@@@@@@@@@@@@@@@@@@@@@@@@@@@@@@@@@@@@@@@@@@@@@@@@@@@@@@@@@@@@@@@@@@@@@@@@@@@@@@@@@@@@@@@@@@@@@@@@@@@@@@@@@@@@@@@@@@@@@@@@@@@@@@@@@@@@@@@@@@@@@@@@@@@@@
@@@@@@@@@@@@@@@@@@@@@@@@@@@@@@@@@@@@@@@@@@@@@@@@@@@@@@@@@@@@@@@@@@@@@@@@@@@@@@@@@@@@@@@@@@@@@@@@@@@@@@@@@@@@@@@@@@@@@@@@@@@@@@@@@@@@@@@@@@@@@@@@@@@@@@@@@@@@@@@@@@@@@@@@@@@@@@@@@@@@@@@@@@@@@@@@@@@@@@@@@@@@@@@@@@@@@@@@@@@@@@@@@@@@@@@@@@@@@@@@@@@@@@@@@@@@@@@@@@@@@@@@@@@@@@@@@@@@@@@@@@@@@@@@@@@@@@@@@@@@@@@@@@@@@@@@@@@@@@@@@@@@@@@@@@@@@@@@@@@@@@@@@@@@@@@@@@@@@@@@@@@@@@@@@@@@@@@@@@@@@@@@@@@@@@@@@@@@@@@@@@@@@@@@@@@@@@@@@@@@@@@@@@@@@@@@@@@@@@@@@@@@@@@@@@@@@@@@@@@@@@@@@@@@@@@@@@@@@@@@@@@@@@@@@@@@@@@@@@@@@@@@@@@@@@@@
@@@@@@@@@@@@@@@@@@@@@@@@@@@@@@@@@@@@@@@@@@@@@@@@@@@@@@@@@@@@@@@@@@@@@@@@@@@@@@@@@@@@@@@@@@@@@@@@@@@@@@@@@@@@@@@@@@@@@@@@@@@@@@@@@@@@@@@@@@@@@@@@@@@@@@@@@@@@@@@@@@@@@@@@@@@@@@@@@@@@@@@@@@@@@@@@@@@@@@@@@@@@@@@@@@@@@@@@@@@@@@@@@@@@@@@@@@@@@@@@@@@@@@@@@@@@@@@@@@@@@@@@@@@@@@@@@@@@@@@@@@@@@@@@@@@@@@@@@@@@@@@@@@@@@@@@@@@@@@@@@@@@@@@@@@@@@@@@@@@@@@@@@@@@@@@@@@@@@@@@@@@@@@@@@@@@@@@@@@@@@@@@@@@@@@@@@@@@@@@@@@@@@@@@@@@@@@@@@@@@@@@@@@@@@@@@@@@@@@@@@@@@@@@@@@@@@@@@@@@@@@@@@@@@@@@@@@@@@@@@@@@@@@@@@@@@@@@@@@@@@@@@@@@@@@@@
@@@@@@@@@@@@@@@@@@@@@@@@@@@@@@@@@@@@@@@@@@@@@@@@@@@@@@@@@@@@@@@@@@@@@@@@@@@@@@@@@@@@@@@@@@@@@@@@@@@@@@@@@@@@@@@@@@@@@@@@@@@@@@@@@@@@@@@@@@@@@@@@@@@@@@@@@@@@@@@@@@@@@@@@@@@@@@@@@@@@@@@@@@@@@@@@@@@@@@@@@@@@@@@@@@@@@@@@@@@@@@@@@@@@@@@@@@@@@@@@@@@@@@@@@@@@@@@@@@@@@@@@@@@@@@@@@@@@@@@@@@@@@@@@@@@@@@@@@@@@@@@@@@@@@@@@@@@@@@@@@@@@@@@@@@@@@@@@@@@@@@@@@@@@@@@@@@@@@@@@@@@@@@@@@@@@@@@@@@@@@@@@@@@@@@@@@@@@@@@@@@@@@@@@@@@@@@@@@@@@@@@@@@@@@@@@@@@@@@@@@@@@@@@@@@@@@@@@@@@@@@@@@@@@@@@@@@@@@@@@@@@@@@@@@@@@@@@@@@@@@@@@@@@@@@@@
@@@@@@@@@@@@@@@@@@@@@@@@@@@@@@@@@@@@@@@@@@@@@@@@@@@@@@@@@@@@@@@@@@@@@@@@@@@@@@@@@@@@@@@@@@@@@@@@@@@@@@@@@@@@@@@@@@@@@@@@@@@@@@@@@@@@@@@@@@@@@@@@@@@@@@@@@@@@@@@@@@@@@@@@@@@@@@@@@@@@@@@@@@@@@@@@@@@@@@@@@@@@@@@@@@@@@@@@@@@@@@@@@@@@@@@@@@@@@@@@@@@@@@@@@@@@@@@@@@@@@@@@@@@@@@@@@@@@@@@@@@@@@@@@@@@@@@@@@@@@@@@@@@@@@@@@@@@@@@@@@@@@@@@@@@@@@@@@@@@@@@@@@@@@@@@@@@@@@@@@@@@@@@@@@@@@@@@@@@@@@@@@@@@@@@@@@@@@@@@@@@@@@@@@@@@@@@@@@@@@@@@@@@@@@@@@@@@@@@@@@@@@@@@@@@@@@@@@@@@@@@@@@@@@@@@@@@@@@@@@@@@@@@@@@@@@@@@@@@@@@@@@@@@@@@@@
@@@@@@@@@@@@@@@@@@@@@@@@@@@@@@@@@@@@@@@@@@@@@@@@@@@@@@@@@@@@@@@@@@@@@@@@@@@@@@@@@@@@@@@@@@@@@@@@@@@@@@@@@@@@@@@@@@@@@@@@@@@@@@@@@@@@@@@@@@@@@@@@@@@@@@@@@@@@@@@@@@@@@@@@@@@@@@@@@@@@@@@@@@@@@@@@@@@@@@@@@@@@@@@@@@@@@@@@@@@@@@@@@@@@@@@@@@@@@@@@@@@@@@@@@@@@@@@@@@@@@@@@@@@@@@@@@@@@@@@@@@@@@@@@@@@@@@@@@@@@@@@@@@@@@@@@@@@@@@@@@@@@@@@@@@@@@@@@@@@@@@@@@@@@@@@@@@@@@@@@@@@@@@@@@@@@@@@@@@@@@@@@@@@@@@@@@@@@@@@@@@@@@@@@@@@@@@@@@@@@@@@@@@@@@@@@@@@@@@@@@@@@@@@@@@@@@@@@@@@@@@@@@@@@@@@@@@@@@@@@@@@@@@@@@@@@@@@@@@@@@@@@@@@@@@@@
@@@@@@@@@@@@@@@@@@@@@@@@@@@@@@@@@@@@@@@@@@@@@@@@@@@@@@@@@@@@@@@@@@@@@@@@@@@@@@@@@@@@@@@@@@@@@@@@@@@@@@@@@@@@@@@@@@@@@@@@@@@@@@@@@@@@@@@@@@@@@@@@@@@@@@@@@@@@@@@@@@@@@@@@@@@@@@@@@@@@@@@@@@@@@@@@@@@@@@@@@@@@@@@@@@@@@@@@@@@@@@@@@@@@@@@@@@@@@@@@@@@@@@@@@@@@@@@@@@@@@@@@@@@@@@@@@@@@@@@@@@@@@@@@@@@@@@@@@@@@@@@@@@@@@@@@@@@@@@@@@@@@@@@@@@@@@@@@@@@@@@@@@@@@@@@@@@@@@@@@@@@@@@@@@@@@@@@@@@@@@@@@@@@@@@@@@@@@@@@@@@@@@@@@@@@@@@@@@@@@@@@@@@@@@@@@@@@@@@@@@@@@@@@@@@@@@@@@@@@@@@@@@@@@@@@@@@@@@@@@@@@@@@@@@@@@@@@@@@@@@@@@@@@@@@@@
@@@@@@@@@@@@@@@@@@@@@@@@@@@@@@@@@@@@@@@@@@@@@@@@@@@@@@@@@@@@@@@@@@@@@@@@@@@@@@@@@@@@@@@@@@@@@@@@@@@@@@@@@@@@@@@@@@@@@@@@@@@@@@@@@@@@@@@@@@@@@@@@@@@@@@@@@@@@@@@@@@@@@@@@@@@@@@@@@@@@@@@@@@@@@@@@@@@@@@@@@@@@@@@@@@@@@@@@@@@@@@@@@@@@@@@@@@@@@@@@@@@@@@@@@@@@@@@@@@@@@@@@@@@@@@@@@@@@@@@@@@@@@@@@@@@@@@@@@@@@@@@@@@@@@@@@@@@@@@@@@@@@@@@@@@@@@@@@@@@@@@@@@@@@@@@@@@@@@@@@@@@@@@@@@@@@@@@@@@@@@@@@@@@@@@@@@@@@@@@@@@@@@@@@@@@@@@@@@@@@@@@@@@@@@@@@@@@@@@@@@@@@@@@@@@@@@@@@@@@@@@@@@@@@@@@@@@@@@@@@@@@@@@@@@@@@@@@@@@@@@@@@@@@@@@@@
@@@@@@@@@@@@@@@@@@@@@@@@@@@@@@@@@@@@@@@@@@@@@@@@@@@@@@@@@@@@@@@@@@@@@@@@@@@@@@@@@@@@@@@@@@@@@@@@@@@@@@@@@@@@@@@@@@@@@@@@@@@@@@@@@@@@@@@@@@@@@@@@@@@@@@@@@@@@@@@@@@@@@@@@@@@@@@@@@@@@@@@@@@@@@@@@@@@@@@@@@@@@@@@@@@@@@@@@@@@@@@@@@@@@@@@@@@@@@@@@@@@@@@@@@@@@@@@@@@@@@@@@@@@@@@@@@@@@@@@@@@@@@@@@@@@@@@@@@@@@@@@@@@@@@@@@@@@@@@@@@@@@@@@@@@@@@@@@@@@@@@@@@@@@@@@@@@@@@@@@@@@@@@@@@@@@@@@@@@@@@@@@@@@@@@@@@@@@@@@@@@@@@@@@@@@@@@@@@@@@@@@@@@@@@@@@@@@@@@@@@@@@@@@@@@@@@@@@@@@@@@@@@@@@@@@@@@@@@@@@@@@@@@@@@@@@@@@@@@@@@@@@@@@@@@@@
@@@@@@@@@@@@@@@@@@@@@@@@@@@@@@@@@@@@@@@@@@@@@@@@@@@@@@@@@@@@@@@@@@@@@@@@@@@@@@@@@@@@@@@@@@@@@@@@@@@@@@@@@@@@@@@@@@@@@@@@@@@@@@@@@@@@@@@@@@@@@@@@@@@@@@@@@@@@@@@@@@@@@@@@@@@@@@@@@@@@@@@@@@@@@@@@@@@@@@@@@@@@@@@@@@@@@@@@@@@@@@@@@@@@@@@@@@@@@@@@@@@@@@@@@@@@@@@@@@@@@@@@@@@@@@@@@@@@@@@@@@@@@@@@@@@@@@@@@@@@@@@@@@@@@@@@@@@@@@@@@@@@@@@@@@@@@@@@@@@@@@@@@@@@@@@@@@@@@@@@@@@@@@@@@@@@@@@@@@@@@@@@@@@@@@@@@@@@@@@@@@@@@@@@@@@@@@@@@@@@@@@@@@@@@@@@@@@@@@@@@@@@@@@@@@@@@@@@@@@@@@@@@@@@@@@@@@@@@@@@@@@@@@@@@@@@@@@@@@@@@@@@@@@@@@@@
@@@@@@@@@@@@@@@@@@@@@@@@@@@@@@@@@@@@@@@@@@@@@@@@@@@@@@@@@@@@@@@@@@@@@@@@@@@@@@@@@@@@@@@@@@@@@@@@@@@@@@@@@@@@@@@@@@@@@@@@@@@@@@@@@@@@@@@@@@@@@@@@@@@@@@@@@@@@@@@@@@@@@@@@@@@@@@@@@@@@@@@@@@@@@@@@@@@@@@@@@@@@@@@@@@@@@@@@@@@@@@@@@@@@@@@@@@@@@@@@@@@@@@@@@@@@@@@@@@@@@@@@@@@@@@@@@@@@@@@@@@@@@@@@@@@@@@@@@@@@@@@@@@@@@@@@@@@@@@@@@@@@@@@@@@@@@@@@@@@@@@@@@@@@@@@@@@@@@@@@@@@@@@@@@@@@@@@@@@@@@@@@@@@@@@@@@@@@@@@@@@@@@@@@@@@@@@@@@@@@@@@@@@@@@@@@@@@@@@@@@@@@@@@@@@@@@@@@@@@@@@@@@@@@@@@@@@@@@@@@@@@@@@@@@@@@@@@@@@@@@@@@@@@@@@@@
@@@@@@@@@@@@@@@@@@@@@@@@@@@@@@@@@@@@@@@@@@@@@@@@@@@@@@@@@@@@@@@@@@@@@@@@@@@@@@@@@@@@@@@@@@@@@@@@@@@@@@@@@@@@@@@@@@@@@@@@@@@@@@@@@@@@@@@@@@@@@@@@@@@@@@@@@@@@@@@@@@@@@@@@@@@@@@@@@@@@@@@@@@@@@@@@@@@@@@@@@@@@@@@@@@@@@@@@@@@@@@@@@@@@@@@@@@@@@@@@@@@@@@@@@@@@@@@@@@@@@@@@@@@@@@@@@@@@@@@@@@@@@@@@@@@@@@@@@@@@@@@@@@@@@@@@@@@@@@@@@@@@@@@@@@@@@@@@@@@@@@@@@@@@@@@@@@@@@@@@@@@@@@@@@@@@@@@@@@@@@@@@@@@@@@@@@@@@@@@@@@@@@@@@@@@@@@@@@@@@@@@@@@@@@@@@@@@@@@@@@@@@@@@@@@@@@@@@@@@@@@@@@@@@@@@@@@@@@@@@@@@@@@@@@@@@@@@@@@@@@@@@@@@@@@@@
@@@@@@@@@@@@@@@@@@@@@@@@@@@@@@@@@@@@@@@@@@@@@@@@@@@@@@@@@@@@@@@@@@@@@@@@@@@@@@@@@@@@@@@@@@@@@@@@@@@@@@@@@@@@@@@@@@@@@@@@@@@@@@@@@@@@@@@@@@@@@@@@@@@@@@@@@@@@@@@@@@@@@@@@@@@@@@@@@@@@@@@@@@@@@@@@@@@@@@@@@@@@@@@@@@@@@@@@@@@@@@@@@@@@@@@@@@@@@@@@@@@@@@@@@@@@@@@@@@@@@@@@@@@@@@@@@@@@@@@@@@@@@@@@@@@@@@@@@@@@@@@@@@@@@@@@@@@@@@@@@@@@@@@@@@@@@@@@@@@@@@@@@@@@@@@@@@@@@@@@@@@@@@@@@@@@@@@@@@@@@@@@@@@@@@@@@@@@@@@@@@@@@@@@@@@@@@@@@@@@@@@@@@@@@@@@@@@@@@@@@@@@@@@@@@@@@@@@@@@@@@@@@@@@@@@@@@@@@@@@@@@@@@@@@@@@@@@@@@@@@@@@@@@@@@@@
@@@@@@@@@@@@@@@@@@@@@@@@@@@@@@@@@@@@@@@@@@@@@@@@@@@@@@@@@@@@@@@@@@@@@@@@@@@@@@@@@@@@@@@@@@@@@@@@@@@@@@@@@@@@@@@@@@@@@@@@@@@@@@@@@@@@@@@@@@@@@@@@@@@@@@@@@@@@@@@@@@@@@@@@@@@@@@@@@@@@@@@@@@@@@@@@@@@@@@@@@@@@@@@@@@@@@@@@@@@@@@@@@@@@@@@@@@@@@@@@@@@@@@@@@@@@@@@@@@@@@@@@@@@@@@@@@@@@@@@@@@@@@@@@@@@@@@@@@@@@@@@@@@@@@@@@@@@@@@@@@@@@@@@@@@@@@@@@@@@@@@@@@@@@@@@@@@@@@@@@@@@@@@@@@@@@@@@@@@@@@@@@@@@@@@@@@@@@@@@@@@@@@@@@@@@@@@@@@@@@@@@@@@@@@@@@@@@@@@@@@@@@@@@@@@@@@@@@@@@@@@@@@@@@@@@@@@@@@@@@@@@@@@@@@@@@@@@@@@@@@@@@@@@@@@@@
@@@@@@@@@@@@@@@@@@@@@@@@@@@@@@@@@@@@@@@@@@@@@@@@@@@@@@@@@@@@@@@@@@@@@@@@@@@@@@@@@@@@@@@@@@@@@@@@@@@@@@@@@@@@@@@@@@@@@@@@@@@@@@@@@@@@@@@@@@@@@@@@@@@@@@@@@@@@@@@@@@@@@@@@@@@@@@@@@@@@@@@@@@@@@@@@@@@@@@@@@@@@@@@@@@@@@@@@@@@@@@@@@@@@@@@@@@@@@@@@@@@@@@@@@@@@@@@@@@@@@@@@@@@@@@@@@@@@@@@@@@@@@@@@@@@@@@@@@@@@@@@@@@@@@@@@@@@@@@@@@@@@@@@@@@@@@@@@@@@@@@@@@@@@@@@@@@@@@@@@@@@@@@@@@@@@@@@@@@@@@@@@@@@@@@@@@@@@@@@@@@@@@@@@@@@@@@@@@@@@@@@@@@@@@@@@@@@@@@@@@@@@@@@@@@@@@@@@@@@@@@@@@@@@@@@@@@@@@@@@@@@@@@@@@@@@@@@@@@@@@@@@@@@@@@@@
@@@@@@@@@@@@@@@@@@@@@@@@@@@@@@@@@@@@@@@@@@@@@@@@@@@@@@@@@@@@@@@@@@@@@@@@@@@@@@@@@@@@@@@@@@@@@@@@@@@@@@@@@@@@@@@@@@@@@@@@@@@@@@@@@@@@@@@@@@@@@@@@@@@@@@@@@@@@@@@@@@@@@@@@@@@@@@@@@@@@@@@@@@@@@@@@@@@@@@@@@@@@@@@@@@@@@@@@@@@@@@@@@@@@@@@@@@@@@@@@@@@@@@@@@@@@@@@@@@@@@@@@@@@@@@@@@@@@@@@@@@@@@@@@@@@@@@@@@@@@@@@@@@@@@@@@@@@@@@@@@@@@@@@@@@@@@@@@@@@@@@@@@@@@@@@@@@@@@@@@@@@@@@@@@@@@@@@@@@@@@@@@@@@@@@@@@@@@@@@@@@@@@@@@@@@@@@@@@@@@@@@@@@@@@@@@@@@@@@@@@@@@@@@@@@@@@@@@@@@@@@@@@@@@@@@@@@@@@@@@@@@@@@@@@@@@@@@@@@@@@@@@@@@@@@@@
@@@@@@@@@@@@@@@@@@@@@@@@@@@@@@@@@@@@@@@@@@@@@@@@@@@@@@@@@@@@@@@@@@@@@@@@@@@@@@@@@@@@@@@@@@@@@@@@@@@@@@@@@@@@@@@@@@@@@@@@@@@@@@@@@@@@@@@@@@@@@@@@@@@@@@@@@@@@@@@@@@@@@@@@@@@@@@@@@@@@@@@@@@@@@@@@@@@@@@@@@@@@@@@@@@@@@@@@@@@@@@@@@@@@@@@@@@@@@@@@@@@@@@@@@@@@@@@@@@@@@@@@@@@@@@@@@@@@@@@@@@@@@@@@@@@@@@@@@@@@@@@@@@@@@@@@@@@@@@@@@@@@@@@@@@@@@@@@@@@@@@@@@@@@@@@@@@@@@@@@@@@@@@@@@@@@@@@@@@@@@@@@@@@@@@@@@@@@@@@@@@@@@@@@@@@@@@@@@@@@@@@@@@@@@@@@@@@@@@@@@@@@@@@@@@@@@@@@@@@@@@@@@@@@@@@@@@@@@@@@@@@@@@@@@@@@@@@@@@@@@@@@@@@@@@@@
@@@@@@@@@@@@@@@@@@@@@@@@@@@@@@@@@@@@@@@@@@@@@@@@@@@@@@@@@@@@@@@@@@@@@@@@@@@@@@@@@@@@@@@@@@@@@@@@@@@@@@@@@@@@@@@@@@@@@@@@@@@@@@@@@@@@@@@@@@@@@@@@@@@@@@@@@@@@@@@@@@@@@@@@@@@@@@@@@@@@@@@@@@@@@@@@@@@@@@@@@@@@@@@@@@@@@@@@@@@@@@@@@@@@@@@@@@@@@@@@@@@@@@@@@@@@@@@@@@@@@@@@@@@@@@@@@@@@@@@@@@@@@@@@@@@@@@@@@@@@@@@@@@@@@@@@@@@@@@@@@@@@@@@@@@@@@@@@@@@@@@@@@@@@@@@@@@@@@@@@@@@@@@@@@@@@@@@@@@@@@@@@@@@@@@@@@@@@@@@@@@@@@@@@@@@@@@@@@@@@@@@@@@@@@@@@@@@@@@@@@@@@@@@@@@@@@@@@@@@@@@@@@@@@@@@@@@@@@@@@@@@@@@@@@@@@@@@@@@@@@@@@@@@@@@@@
@@@@@@@@@@@@@@@@@@@@@@@@@@@@@@@@@@@@@@@@@@@@@@@@@@@@@@@@@@@@@@@@@@@@@@@@@@@@@@@@@@@@@@@@@@@@@@@@@@@@@@@@@@@@@@@@@@@@@@@@@@@@@@@@@@@@@@@@@@@@@@@@@@@@@@@@@@@@@@@@@@@@@@@@@@@@@@@@@@@@@@@@@@@@@@@@@@@@@@@@@@@@@@@@@@@@@@@@@@@@@@@@@@@@@@@@@@@@@@@@@@@@@@@@@@@@@@@@@@@@@@@@@@@@@@@@@@@@@@@@@@@@@@@@@@@@@@@@@@@@@@@@@@@@@@@@@@@@@@@@@@@@@@@@@@@@@@@@@@@@@@@@@@@@@@@@@@@@@@@@@@@@@@@@@@@@@@@@@@@@@@@@@@@@@@@@@@@@@@@@@@@@@@@@@@@@@@@@@@@@@@@@@@@@@@@@@@@@@@@@@@@@@@@@@@@@@@@@@@@@@@@@@@@@@@@@@@@@@@@@@@@@@@@@@@@@@@@@@@@@@@@@@@@@@@@@
@@@@@@@@@@@@@@@@@@@@@@@@@@@@@@@@@@@@@@@@@@@@@@@@@@@@@@@@@@@@@@@@@@@@@@@@@@@@@@@@@@@@@@@@@@@@@@@@@@@@@@@@@@@@@@@@@@@@@@@@@@@@@@@@@@@@@@@@@@@@@@@@@@@@@@@@@@@@@@@@@@@@@@@@@@@@@@@@@@@@@@@@@@@@@@@@@@@@@@@@@@@@@@@@@@@@@@@@@@@@@@@@@@@@@@@@@@@@@@@@@@@@@@@@@@@@@@@@@@@@@@@@@@@@@@@@@@@@@@@@@@@@@@@@@@@@@@@@@@@@@@@@@@@@@@@@@@@@@@@@@@@@@@@@@@@@@@@@@@@@@@@@@@@@@@@@@@@@@@@@@@@@@@@@@@@@@@@@@@@@@@@@@@@@@@@@@@@@@@@@@@@@@@@@@@@@@@@@@@@@@@@@@@@@@@@@@@@@@@@@@@@@@@@@@@@@@@@@@@@@@@@@@@@@@@@@@@@@@@@@@@@@@@@@@@@@@@@@@@@@@@@@@@@@@@@@
@@@@@@@@@@@@@@@@@@@@@@@@@@@@@@@@@@@@@@@@@@@@@@@@@@@@@@@@@@@@@@@@@@@@@@@@@@@@@@@@@@@@@@@@@@@@@@@@@@@@@@@@@@@@@@@@@@@@@@@@@@@@@@@@@@@@@@@@@@@@@@@@@@@@@@@@@@@@@@@@@@@@@@@@@@@@@@@@@@@@@@@@@@@@@@@@@@@@@@@@@@@@@@@@@@@@@@@@@@@@@@@@@@@@@@@@@@@@@@@@@@@@@@@@@@@@@@@@@@@@@@@@@@@@@@@@@@@@@@@@@@@@@@@@@@@@@@@@@@@@@@@@@@@@@@@@@@@@@@@@@@@@@@@@@@@@@@@@@@@@@@@@@@@@@@@@@@@@@@@@@@@@@@@@@@@@@@@@@@@@@@@@@@@@@@@@@@@@@@@@@@@@@@@@@@@@@@@@@@@@@@@@@@@@@@@@@@@@@@@@@@@@@@@@@@@@@@@@@@@@@@@@@@@@@@@@@@@@@@@@@@@@@@@@@@@@@@@@@@@@@@@@@@@@@@@@
@@@@@@@@@@@@@@@@@@@@@@@@@@@@@@@@@@@@@@@@@@@@@@@@@@@@@@@@@@@@@@@@@@@@@@@@@@@@@@@@@@@@@@@@@@@@@@@@@@@@@@@@@@@@@@@@@@@@@@@@@@@@@@@@@@@@@@@@@@@@@@@@@@@@@@@@@@@@@@@@@@@@@@@@@@@@@@@@@@@@@@@@@@@@@@@@@@@@@@@@@@@@@@@@@@@@@@@@@@@@@@@@@@@@@@@@@@@@@@@@@@@@@@@@@@@@@@@@@@@@@@@@@@@@@@@@@@@@@@@@@@@@@@@@@@@@@@@@@@@@@@@@@@@@@@@@@@@@@@@@@@@@@@@@@@@@@@@@@@@@@@@@@@@@@@@@@@@@@@@@@@@@@@@@@@@@@@@@@@@@@@@@@@@@@@@@@@@@@@@@@@@@@@@@@@@@@@@@@@@@@@@@@@@@@@@@@@@@@@@@@@@@@@@@@@@@@@@@@@@@@@@@@@@@@@@@@@@@@@@@@@@@@@@@@@@@@@@@@@@@@@@@@@@@@@@@
@@@@@@@@@@@@@@@@@@@@@@@@@@@@@@@@@@@@@@@@@@@@@@@@@@@@@@@@@@@@@@@@@@@@@@@@@@@@@@@@@@@@@@@@@@@@@@@@@@@@@@@@@@@@@@@@@@@@@@@@@@@@@@@@@@@@@@@@@@@@@@@@@@@@@@@@@@@@@@@@@@@@@@@@@@@@@@@@@@@@@@@@@@@@@@@@@@@@@@@@@@@@@@@@@@@@@@@@@@@@@@@@@@@@@@@@@@@@@@@@@@@@@@@@@@@@@@@@@@@@@@@@@@@@@@@@@@@@@@@@@@@@@@@@@@@@@@@@@@@@@@@@@@@@@@@@@@@@@@@@@@@@@@@@@@@@@@@@@@@@@@@@@@@@@@@@@@@@@@@@@@@@@@@@@@@@@@@@@@@@@@@@@@@@@@@@@@@@@@@@@@@@@@@@@@@@@@@@@@@@@@@@@@@@@@@@@@@@@@@@@@@@@@@@@@@@@@@@@@@@@@@@@@@@@@@@@@@@@@@@@@@@@@@@@@@@@@@@@@@@@@@@@@@@@@@@
@@@@@@@@@@@@@@@@@@@@@@@@@@@@@@@@@@@@@@@@@@@@@@@@@@@@@@@@@@@@@@@@@@@@@@@@@@@@@@@@@@@@@@@@@@@@@@@@@@@@@@@@@@@@@@@@@@@@@@@@@@@@@@@@@@@@@@@@@@@@@@@@@@@@@@@@@@@@@@@@@@@@@@@@@@@@@@@@@@@@@@@@@@@@@@@@@@@@@@@@@@@@@@@@@@@@@@@@@@@@@@@@@@@@@@@@@@@@@@@@@@@@@@@@@@@@@@@@@@@@@@@@@@@@@@@@@@@@@@@@@@@@@@@@@@@@@@@@@@@@@@@@@@@@@@@@@@@@@@@@@@@@@@@@@@@@@@@@@@@@@@@@@@@@@@@@@@@@@@@@@@@@@@@@@@@@@@@@@@@@@@@@@@@@@@@@@@@@@@@@@@@@@@@@@@@@@@@@@@@@@@@@@@@@@@@@@@@@@@@@@@@@@@@@@@@@@@@@@@@@@@@@@@@@@@@@@@@@@@@@@@@@@@@@@@@@@@@@@@@@@@@@@@@@@@@@
@@@@@@@@@@@@@@@@@@@@@@@@@@@@@@@@@@@@@@@@@@@@@@@@@@@@@@@@@@@@@@@@@@@@@@@@@@@@@@@@@@@@@@@@@@@@@@@@@@@@@@@@@@@@@@@@@@@@@@@@@@@@@@@@@@@@@@@@@@@@@@@@@@@@@@@@@@@@@@@@@@@@@@@@@@@@@@@@@@@@@@@@@@@@@@@@@@@@@@@@@@@@@@@@@@@@@@@@@@@@@@@@@@@@@@@@@@@@@@@@@@@@@@@@@@@@@@@@@@@@@@@@@@@@@@@@@@@@@@@@@@@@@@@@@@@@@@@@@@@@@@@@@@@@@@@@@@@@@@@@@@@@@@@@@@@@@@@@@@@@@@@@@@@@@@@@@@@@@@@@@@@@@@@@@@@@@@@@@@@@@@@@@@@@@@@@@@@@@@@@@@@@@@@@@@@@@@@@@@@@@@@@@@@@@@@@@@@@@@@@@@@@@@@@@@@@@@@@@@@@@@@@@@@@@@@@@@@@@@@@@@@@@@@@@@@@@@@@@@@@@@@@@@@@@@@@
@@@@@@@@@@@@@@@@@@@@@@@@@@@@@@@@@@@@@@@@@@@@@@@@@@@@@@@@@@@@@@@@@@@@@@@@@@@@@@@@@@@@@@@@@@@@@@@@@@@@@@@@@@@@@@@@@@@@@@@@@@@@@@@@@@@@@@@@@@@@@@@@@@@@@@@@@@@@@@@@@@@@@@@@@@@@@@@@@@@@@@@@@@@@@@@@@@@@@@@@@@@@@@@@@@@@@@@@@@@@@@@@@@@@@@@@@@@@@@@@@@@@@@@@@@@@@@@@@@@@@@@@@@@@@@@@@@@@@@@@@@@@@@@@@@@@@@@@@@@@@@@@@@@@@@@@@@@@@@@@@@@@@@@@@@@@@@@@@@@@@@@@@@@@@@@@@@@@@@@@@@@@@@@@@@@@@@@@@@@@@@@@@@@@@@@@@@@@@@@@@@@@@@@@@@@@@@@@@@@@@@@@@@@@@@@@@@@@@@@@@@@@@@@@@@@@@@@@@@@@@@@@@@@@@@@@@@@@@@@@@@@@@@@@@@@@@@@@@@@@@@@@@@@@@@@@
@@@@@@@@@@@@@@@@@@@@@@@@@@@@@@@@@@@@@@@@@@@@@@@@@@@@@@@@@@@@@@@@@@@@@@@@@@@@@@@@@@@@@@@@@@@@@@@@@@@@@@@@@@@@@@@@@@@@@@@@@@@@@@@@@@@@@@@@@@@@@@@@@@@@@@@@@@@@@@@@@@@@@@@@@@@@@@@@@@@@@@@@@@@@@@@@@@@@@@@@@@@@@@@@@@@@@@@@@@@@@@@@@@@@@@@@@@@@@@@@@@@@@@@@@@@@@@@@@@@@@@@@@@@@@@@@@@@@@@@@@@@@@@@@@@@@@@@@@@@@@@@@@@@@@@@@@@@@@@@@@@@@@@@@@@@@@@@@@@@@@@@@@@@@@@@@@@@@@@@@@@@@@@@@@@@@@@@@@@@@@@@@@@@@@@@@@@@@@@@@@@@@@@@@@@@@@@@@@@@@@@@@@@@@@@@@@@@@@@@@@@@@@@@@@@@@@@@@@@@@@@@@@@@@@@@@@@@@@@@@@@@@@@@@@@@@@@@@@@@@@@@@@@@@@@@@
@@@@@@@@@@@@@@@@@@@@@@@@@@@@@@@@@@@@@@@@@@@@@@@@@@@@@@@@@@@@@@@@@@@@@@@@@@@@@@@@@@@@@@@@@@@@@@@@@@@@@@@@@@@@@@@@@@@@@@@@@@@@@@@@@@@@@@@@@@@@@@@@@@@@@@@@@@@@@@@@@@@@@@@@@@@@@@@@@@@@@@@@@@@@@@@@@@@@@@@@@@@@@@@@@@@@@@@@@@@@@@@@@@@@@@@@@@@@@@@@@@@@@@@@@@@@@@@@@@@@@@@@@@@@@@@@@@@@@@@@@@@@@@@@@@@@@@@@@@@@@@@@@@@@@@@@@@@@@@@@@@@@@@@@@@@@@@@@@@@@@@@@@@@@@@@@@@@@@@@@@@@@@@@@@@@@@@@@@@@@@@@@@@@@@@@@@@@@@@@@@@@@@@@@@@@@@@@@@@@@@@@@@@@@@@@@@@@@@@@@@@@@@@@@@@@@@@@@@@@@@@@@@@@@@@@@@@@@@@@@@@@@@@@@@@@@@@@@@@@@@@@@@@@@@@@@
@@@@@@@@@@@@@@@@@@@@@@@@@@@@@@@@@@@@@@@@@@@@@@@@@@@@@@@@@@@@@@@@@@@@@@@@@@@@@@@@@@@@@@@@@@@@@@@@@@@@@@@@@@@@@@@@@@@@@@@@@@@@@@@@@@@@@@@@@@@@@@@@@@@@@@@@@@@@@@@@@@@@@@@@@@@@@@@@@@@@@@@@@@@@@@@@@@@@@@@@@@@@@@@@@@@@@@@@@@@@@@@@@@@@@@@@@@@@@@@@@@@@@@@@@@@@@@@@@@@@@@@@@@@@@@@@@@@@@@@@@@@@@@@@@@@@@@@@@@@@@@@@@@@@@@@@@@@@@@@@@@@@@@@@@@@@@@@@@@@@@@@@@@@@@@@@@@@@@@@@@@@@@@@@@@@@@@@@@@@@@@@@@@@@@@@@@@@@@@@@@@@@@@@@@@@@@@@@@@@@@@@@@@@@@@@@@@@@@@@@@@@@@@@@@@@@@@@@@@@@@@@@@@@@@@@@@@@@@@@@@@@@@@@@@@@@@@@@@@@@@@@@@@@@@@@@
@@@@@@@@@@@@@@@@@@@@@@@@@@@@@@@@@@@@@@@@@@@@@@@@@@@@@@@@@@@@@@@@@@@@@@@@@@@@@@@@@@@@@@@@@@@@@@@@@@@@@@@@@@@@@@@@@@@@@@@@@@@@@@@@@@@@@@@@@@@@@@@@@@@@@@@@@@@@@@@@@@@@@@@@@@@@@@@@@@@@@@@@@@@@@@@@@@@@@@@@@@@@@@@@@@@@@@@@@@@@@@@@@@@@@@@@@@@@@@@@@@@@@@@@@@@@@@@@@@@@@@@@@@@@@@@@@@@@@@@@@@@@@@@@@@@@@@@@@@@@@@@@@@@@@@@@@@@@@@@@@@@@@@@@@@@@@@@@@@@@@@@@@@@@@@@@@@@@@@@@@@@@@@@@@@@@@@@@@@@@@@@@@@@@@@@@@@@@@@@@@@@@@@@@@@@@@@@@@@@@@@@@@@@@@@@@@@@@@@@@@@@@@@@@@@@@@@@@@@@@@@@@@@@@@@@@@@@@@@@@@@@@@@@@@@@@@@@@@@@@@@@@@@@@@@@@
@@@@@@@@@@@@@@@@@@@@@@@@@@@@@@@@@@@@@@@@@@@@@@@@@@@@@@@@@@@@@@@@@@@@@@@@@@@@@@@@@@@@@@@@@@@@@@@@@@@@@@@@@@@@@@@@@@@@@@@@@@@@@@@@@@@@@@@@@@@@@@@@@@@@@@@@@@@@@@@@@@@@@@@@@@@@@@@@@@@@@@@@@@@@@@@@@@@@@@@@@@@@@@@@@@@@@@@@@@@@@@@@@@@@@@@@@@@@@@@@@@@@@@@@@@@@@@@@@@@@@@@@@@@@@@@@@@@@@@@@@@@@@@@@@@@@@@@@@@@@@@@@@@@@@@@@@@@@@@@@@@@@@@@@@@@@@@@@@@@@@@@@@@@@@@@@@@@@@@@@@@@@@@@@@@@@@@@@@@@@@@@@@@@@@@@@@@@@@@@@@@@@@@@@@@@@@@@@@@@@@@@@@@@@@@@@@@@@@@@@@@@@@@@@@@@@@@@@@@@@@@@@@@@@@@@@@@@@@@@@@@@@@@@@@@@@@@@@@@@@@@@@@@@@@@@@
@@@@@@@@@@@@@@@@@@@@@@@@@@@@@@@@@@@@@@@@@@@@@@@@@@@@@@@@@@@@@@@@@@@@@@@@@@@@@@@@@@@@@@@@@@@@@@@@@@@@@@@@@@@@@@@@@@@@@@@@@@@@@@@@@@@@@@@@@@@@@@@@@@@@@@@@@@@@@@@@@@@@@@@@@@@@@@@@@@@@@@@@@@@@@@@@@@@@@@@@@@@@@@@@@@@@@@@@@@@@@@@@@@@@@@@@@@@@@@@@@@@@@@@@@@@@@@@@@@@@@@@@@@@@@@@@@@@@@@@@@@@@@@@@@@@@@@@@@@@@@@@@@@@@@@@@@@@@@@@@@@@@@@@@@@@@@@@@@@@@@@@@@@@@@@@@@@@@@@@@@@@@@@@@@@@@@@@@@@@@@@@@@@@@@@@@@@@@@@@@@@@@@@@@@@@@@@@@@@@@@@@@@@@@@@@@@@@@@@@@@@@@@@@@@@@@@@@@@@@@@@@@@@@@@@@@@@@@@@@@@@@@@@@@@@@@@@@@@@@@@@@@@@@@@@@@
@@@@@@@@@@@@@@@@@@@@@@@@@@@@@@@@@@@@@@@@@@@@@@@@@@@@@@@@@@@@@@@@@@@@@@@@@@@@@@@@@@@@@@@@@@@@@@@@@@@@@@@@@@@@@@@@@@@@@@@@@@@@@@@@@@@@@@@@@@@@@@@@@@@@@@@@@@@@@@@@@@@@@@@@@@@@@@@@@@@@@@@@@@@@@@@@@@@@@@@@@@@@@@@@@@@@@@@@@@@@@@@@@@@@@@@@@@@@@@@@@@@@@@@@@@@@@@@@@@@@@@@@@@@@@@@@@@@@@@@@@@@@@@@@@@@@@@@@@@@@@@@@@@@@@@@@@@@@@@@@@@@@@@@@@@@@@@@@@@@@@@@@@@@@@@@@@@@@@@@@@@@@@@@@@@@@@@@@@@@@@@@@@@@@@@@@@@@@@@@@@@@@@@@@@@@@@@@@@@@@@@@@@@@@@@@@@@@@@@@@@@@@@@@@@@@@@@@@@@@@@@@@@@@@@@@@@@@@@@@@@@@@@@@@@@@@@@@@@@@@@@@@@@@@@@@@
@@@@@@@@@@@@@@@@@@@@@@@@@@@@@@@@@@@@@@@@@@@@@@@@@@@@@@@@@@@@@@@@@@@@@@@@@@@@@@@@@@@@@@@@@@@@@@@@@@@@@@@@@@@@@@@@@@@@@@@@@@@@@@@@@@@@@@@@@@@@@@@@@@@@@@@@@@@@@@@@@@@@@@@@@@@@@@@@@@@@@@@@@@@@@@@@@@@@@@@@@@@@@@@@@@@@@@@@@@@@@@@@@@@@@@@@@@@@@@@@@@@@@@@@@@@@@@@@@@@@@@@@@@@@@@@@@@@@@@@@@@@@@@@@@@@@@@@@@@@@@@@@@@@@@@@@@@@@@@@@@@@@@@@@@@@@@@@@@@@@@@@@@@@@@@@@@@@@@@@@@@@@@@@@@@@@@@@@@@@@@@@@@@@@@@@@@@@@@@@@@@@@@@@@@@@@@@@@@@@@@@@@@@@@@@@@@@@@@@@@@@@@@@@@@@@@@@@@@@@@@@@@@@@@@@@@@@@@@@@@@@@@@@@@@@@@@@@@@@@@@@@@@@@@@@@@
@@@@@@@@@@@@@@@@@@@@@@@@@@@@@@@@@@@@@@@@@@@@@@@@@@@@@@@@@@@@@@@@@@@@@@@@@@@@@@@@@@@@@@@@@@@@@@@@@@@@@@@@@@@@@@@@@@@@@@@@@@@@@@@@@@@@@@@@@@@@@@@@@@@@@@@@@@@@@@@@@@@@@@@@@@@@@@@@@@@@@@@@@@@@@@@@@@@@@@@@@@@@@@@@@@@@@@@@@@@@@@@@@@@@@@@@@@@@@@@@@@@@@@@@@@@@@@@@@@@@@@@@@@@@@@@@@@@@@@@@@@@@@@@@@@@@@@@@@@@@@@@@@@@@@@@@@@@@@@@@@@@@@@@@@@@@@@@@@@@@@@@@@@@@@@@@@@@@@@@@@@@@@@@@@@@@@@@@@@@@@@@@@@@@@@@@@@@@@@@@@@@@@@@@@@@@@@@@@@@@@@@@@@@@@@@@@@@@@@@@@@@@@@@@@@@@@@@@@@@@@@@@@@@@@@@@@@@@@@@@@@@@@@@@@@@@@@@@@@@@@@@@@@@@@@@@
@@@@@@@@@@@@@@@@@@@@@@@@@@@@@@@@@@@@@@@@@@@@@@@@@@@@@@@@@@@@@@@@@@@@@@@@@@@@@@@@@@@@@@@@@@@@@@@@@@@@@@@@@@@@@@@@@@@@@@@@@@@@@@@@@@@@@@@@@@@@@@@@@@@@@@@@@@@@@@@@@@@@@@@@@@@@@@@@@@@@@@@@@@@@@@@@@@@@@@@@@@@@@@@@@@@@@@@@@@@@@@@@@@@@@@@@@@@@@@@@@@@@@@@@@@@@@@@@@@@@@@@@@@@@@@@@@@@@@@@@@@@@@@@@@@@@@@@@@@@@@@@@@@@@@@@@@@@@@@@@@@@@@@@@@@@@@@@@@@@@@@@@@@@@@@@@@@@@@@@@@@@@@@@@@@@@@@@@@@@@@@@@@@@@@@@@@@@@@@@@@@@@@@@@@@@@@@@@@@@@@@@@@@@@@@@@@@@@@@@@@@@@@@@@@@@@@@@@@@@@@@@@@@@@@@@@@@@@@@@@@@@@@@@@@@@@@@@@@@@@@@@@@@@@@@@@
@@@@@@@@@@@@@@@@@@@@@@@@@@@@@@@@@@@@@@@@@@@@@@@@@@@@@@@@@@@@@@@@@@@@@@@@@@@@@@@@@@@@@@@@@@@@@@@@@@@@@@@@@@@@@@@@@@@@@@@@@@@@@@@@@@@@@@@@@@@@@@@@@@@@@@@@@@@@@@@@@@@@@@@@@@@@@@@@@@@@@@@@@@@@@@@@@@@@@@@@@@@@@@@@@@@@@@@@@@@@@@@@@@@@@@@@@@@@@@@@@@@@@@@@@@@@@@@@@@@@@@@@@@@@@@@@@@@@@@@@@@@@@@@@@@@@@@@@@@@@@@@@@@@@@@@@@@@@@@@@@@@@@@@@@@@@@@@@@@@@@@@@@@@@@@@@@@@@@@@@@@@@@@@@@@@@@@@@@@@@@@@@@@@@@@@@@@@@@@@@@@@@@@@@@@@@@@@@@@@@@@@@@@@@@@@@@@@@@@@@@@@@@@@@@@@@@@@@@@@@@@@@@@@@@@@@@@@@@@@@@@@@@@@@@@@@@@@@@@@@@@@@@@@@@@@@
